12-04 01:23:07.390 17876 17927 W unknown:ReactNative: StatusBarModule: Ignored status bar change, current activity is edge-to-edge.
12-04 01:23:07.711 17876 17876 D SensorService: Steps: +1 (total: 3096)
12-04 01:23:08.190 17876 17876 D SensorService: Steps: +1 (total: 3097)
12-04 01:23:08.356 17876 17926 I ReactNativeJS: ?뱤 GPS: 5.05 km/h ??walking
12-04 01:23:08.367 17876 17876 I TaskService: Handling intent with task name 'background-location-task' and app scoping identifier 'com.pacetry.app'.
12-04 01:23:08.369 17876 17876 W JobInfo : Job 'com.pacetry.app/expo.modules.taskManager.TaskJobService#0' has a deadline with no functional constraints. The deadline won't improve job execution latency. Consider removing the deadline.
12-04 01:23:08.381 17876 17876 I TaskService: Handling job with task name 'background-location-task' for app with scoping identifier 'com.pacetry.app'.
12-04 01:23:08.384 17876 17926 I ReactNativeJS: ?뱧 諛깃렇?쇱슫???꾩튂 ?섏쭛?? 2媛? 珥? 36媛?
12-04 01:23:08.384 17876 17926 I ReactNativeJS:    ?붴? 理쒖떊: (37.559041, 126.907478)
12-04 01:23:08.384 17876 17931 I TaskService: Finished task 'background-location-task' with eventId '6e6982d6-782d-40f9-a22d-3cdda9c176a6'.
12-04 01:23:08.741 17876 17876 D SensorService: Steps: +1 (total: 3098)
12-04 01:23:08.951 17876 17927 W unknown:ReactNative: StatusBarModule: Ignored status bar change, current activity is edge-to-edge.
12-04 01:23:08.952 17876 17927 W unknown:ReactNative: StatusBarModule: Ignored status bar change, current activity is edge-to-edge.
12-04 01:23:09.226 17876 17876 D SensorService: Steps: +1 (total: 3099)
12-04 01:23:09.363 17876 17926 I ReactNativeJS: ?뱤 GPS: 5.06 km/h ??walking
12-04 01:23:09.377 17876 17876 I TaskService: Handling intent with task name 'background-location-task' and app scoping identifier 'com.pacetry.app'.
12-04 01:23:09.379 17876 17876 W JobInfo : Job 'com.pacetry.app/expo.modules.taskManager.TaskJobService#0' has a deadline with no functional constraints. The deadline won't improve job execution latency. Consider removing the deadline.
12-04 01:23:09.398 17876 17876 I TaskService: Handling job with task name 'background-location-task' for app with scoping identifier 'com.pacetry.app'.
12-04 01:23:09.403 17876 17926 I ReactNativeJS: ?뱧 諛깃렇?쇱슫???꾩튂 ?섏쭛?? 1媛? 珥? 37媛?
12-04 01:23:09.403 17876 17926 I ReactNativeJS:    ?붴? 理쒖떊: (37.559062, 126.907470)
12-04 01:23:09.404 17876 17931 I TaskService: Finished task 'background-location-task' with eventId 'c50d3645-a010-4785-8518-44c01fcedf3f'.
12-04 01:23:09.707 17876 17876 D SensorService: Steps: +1 (total: 3100)
12-04 01:23:10.181 17876 17876 D SensorService: Steps: +1 (total: 3101)
12-04 01:23:10.357 17876 17926 I ReactNativeJS: ?뱤 GPS: 5.05 km/h ??walking
12-04 01:23:10.365 17876 17876 I TaskService: Handling intent with task name 'background-location-task' and app scoping identifier 'com.pacetry.app'.
12-04 01:23:10.389 17876 17927 W unknown:ReactNative: StatusBarModule: Ignored status bar change, current activity is edge-to-edge.
12-04 01:23:10.389 17876 17927 W unknown:ReactNative: StatusBarModule: Ignored status bar change, current activity is edge-to-edge.
12-04 01:23:10.669 17876 17876 D SensorService: Steps: +1 (total: 3102)
12-04 01:23:11.221 17876 17876 D SensorService: Steps: +1 (total: 3103)
12-04 01:23:11.317 17876 17926 I ReactNativeJS: ?뱤 GPS: 5.04 km/h ??walking
12-04 01:23:11.326 17876 17876 I TaskService: Handling intent with task name 'background-location-task' and app scoping identifier 'com.pacetry.app'.
12-04 01:23:11.327 17876 17876 W JobInfo : Job 'com.pacetry.app/expo.modules.taskManager.TaskJobService#0' has a deadline with no functional constraints. The deadline won't improve job execution latency. Consider removing the deadline.
12-04 01:23:11.335 17876 17876 I TaskService: Handling job with task name 'background-location-task' for app with scoping identifier 'com.pacetry.app'.
12-04 01:23:11.336 17876 17926 I ReactNativeJS: ?뱧 諛깃렇?쇱슫???꾩튂 ?섏쭛?? 2媛? 珥? 39媛?
12-04 01:23:11.336 17876 17926 I ReactNativeJS:    ?붴? 理쒖떊: (37.559100, 126.907442)
12-04 01:23:11.337 17876 17931 I TaskService: Finished task 'background-location-task' with eventId 'f0e3fb74-3901-4cd6-8a72-e77afad6b69f'.
12-04 01:23:11.709 17876 17876 D SensorService: Steps: +1 (total: 3104)
12-04 01:23:11.911 17876 17927 W unknown:ReactNative: StatusBarModule: Ignored status bar change, current activity is edge-to-edge.
12-04 01:23:11.911 17876 17927 W unknown:ReactNative: StatusBarModule: Ignored status bar change, current activity is edge-to-edge.
12-04 01:23:12.189 17876 17876 D SensorService: Steps: +1 (total: 3105)
12-04 01:23:12.319 17876 17926 I ReactNativeJS: ?뱤 GPS: 5.11 km/h ??walking
12-04 01:23:12.330 17876 17876 I TaskService: Handling intent with task name 'background-location-task' and app scoping identifier 'com.pacetry.app'.
12-04 01:23:12.331 17876 17876 W JobInfo : Job 'com.pacetry.app/expo.modules.taskManager.TaskJobService#0' has a deadline with no functional constraints. The deadline won't improve job execution latency. Consider removing the deadline.
12-04 01:23:12.344 17876 17876 I TaskService: Handling job with task name 'background-location-task' for app with scoping identifier 'com.pacetry.app'.
12-04 01:23:12.345 17876 17926 I ReactNativeJS: ?뱧 諛깃렇?쇱슫???꾩튂 ?섏쭛?? 1媛? 珥? 40媛?
12-04 01:23:12.345 17876 17926 I ReactNativeJS:    ?붴? 理쒖떊: (37.559133, 126.907411)
12-04 01:23:12.346 17876 17931 I TaskService: Finished task 'background-location-task' with eventId 'b9ede064-3edf-4f90-a08f-119ee9ebd0a6'.
12-04 01:23:12.662 17876 17876 D SensorService: Steps: +1 (total: 3106)
12-04 01:23:13.150 17876 17876 D SensorService: Steps: +1 (total: 3107)
12-04 01:23:13.307 17876 17926 I ReactNativeJS: ?뱤 GPS: 5.17 km/h ??walking
12-04 01:23:13.324 17876 17876 I TaskService: Handling intent with task name 'background-location-task' and app scoping identifier 'com.pacetry.app'.
12-04 01:23:13.628 17876 17876 D SensorService: Steps: +1 (total: 3108)
12-04 01:23:13.882 17876 17927 W unknown:ReactNative: StatusBarModule: Ignored status bar change, current activity is edge-to-edge.
12-04 01:23:13.883 17876 17927 W unknown:ReactNative: StatusBarModule: Ignored status bar change, current activity is edge-to-edge.
12-04 01:23:14.183 17876 17876 D SensorService: Steps: +1 (total: 3109)
12-04 01:23:14.308 17876 17926 I ReactNativeJS: ?뱤 GPS: 5.06 km/h ??walking
12-04 01:23:14.325 17876 17876 I TaskService: Handling intent with task name 'background-location-task' and app scoping identifier 'com.pacetry.app'.
12-04 01:23:14.328 17876 17876 W JobInfo : Job 'com.pacetry.app/expo.modules.taskManager.TaskJobService#0' has a deadline with no functional constraints. The deadline won't improve job execution latency. Consider removing the deadline.
12-04 01:23:14.343 17876 17876 I TaskService: Handling job with task name 'background-location-task' for app with scoping identifier 'com.pacetry.app'.
12-04 01:23:14.346 17876 17926 I ReactNativeJS: ?뱧 諛깃렇?쇱슫???꾩튂 ?섏쭛?? 2媛? 珥? 42媛?
12-04 01:23:14.346 17876 17926 I ReactNativeJS:    ?붴? 理쒖떊: (37.559156, 126.907386)
12-04 01:23:14.348 17876 17931 I TaskService: Finished task 'background-location-task' with eventId '890f3505-03e0-47e2-b632-5f12fdb9f508'.
12-04 01:23:14.662 17876 17876 D SensorService: Steps: +1 (total: 3110)
12-04 01:23:15.150 17876 17876 D SensorService: Steps: +1 (total: 3111)
12-04 01:23:15.292 17876 17926 I ReactNativeJS: ?뱤 GPS: 5.12 km/h ??walking
12-04 01:23:15.311 17876 17876 I TaskService: Handling intent with task name 'background-location-task' and app scoping identifier 'com.pacetry.app'.
12-04 01:23:15.630 17876 17876 D SensorService: Steps: +1 (total: 3112)
12-04 01:23:15.894 17876 17927 W unknown:ReactNative: StatusBarModule: Ignored status bar change, current activity is edge-to-edge.
12-04 01:23:15.894 17876 17927 W unknown:ReactNative: StatusBarModule: Ignored status bar change, current activity is edge-to-edge.
12-04 01:23:16.180 17876 17876 D SensorService: Steps: +1 (total: 3113)
12-04 01:23:16.305 17876 17926 I ReactNativeJS: ?뱤 GPS: 5.15 km/h ??walking
12-04 01:23:16.314 17876 17876 I TaskService: Handling intent with task name 'background-location-task' and app scoping identifier 'com.pacetry.app'.
12-04 01:23:16.316 17876 17876 W JobInfo : Job 'com.pacetry.app/expo.modules.taskManager.TaskJobService#0' has a deadline with no functional constraints. The deadline won't improve job execution latency. Consider removing the deadline.
12-04 01:23:16.327 17876 17876 I TaskService: Handling job with task name 'background-location-task' for app with scoping identifier 'com.pacetry.app'.
12-04 01:23:16.330 17876 17926 I ReactNativeJS: ?뱧 諛깃렇?쇱슫???꾩튂 ?섏쭛?? 2媛? 珥? 44媛?
12-04 01:23:16.330 17876 17926 I ReactNativeJS:    ?붴? 理쒖떊: (37.559180, 126.907358)
12-04 01:23:16.331 17876 17931 I TaskService: Finished task 'background-location-task' with eventId 'fca73aa2-ef6b-4162-a67d-5fde2c395766'.
12-04 01:23:16.671 17876 17876 D SensorService: Steps: +1 (total: 3114)
12-04 01:23:17.221 17876 17876 D SensorService: Steps: +1 (total: 3115)
12-04 01:23:17.335 17876 17926 I ReactNativeJS: ?뱤 GPS: 5.17 km/h ??walking
12-04 01:23:17.352 17876 17876 I TaskService: Handling intent with task name 'background-location-task' and app scoping identifier 'com.pacetry.app'.
12-04 01:23:17.353 17876 17876 W JobInfo : Job 'com.pacetry.app/expo.modules.taskManager.TaskJobService#0' has a deadline with no functional constraints. The deadline won't improve job execution latency. Consider removing the deadline.
12-04 01:23:17.370 17876 17927 W unknown:ReactNative: StatusBarModule: Ignored status bar change, current activity is edge-to-edge.
12-04 01:23:17.371 17876 17927 W unknown:ReactNative: StatusBarModule: Ignored status bar change, current activity is edge-to-edge.
12-04 01:23:17.372 17876 17876 I TaskService: Handling job with task name 'background-location-task' for app with scoping identifier 'com.pacetry.app'.
12-04 01:23:17.374 17876 17926 I ReactNativeJS: ?뱧 諛깃렇?쇱슫???꾩튂 ?섏쭛?? 1媛? 珥? 45媛?
12-04 01:23:17.374 17876 17926 I ReactNativeJS:    ?붴? 理쒖떊: (37.559193, 126.907341)
12-04 01:23:17.375 17876 17931 I TaskService: Finished task 'background-location-task' with eventId 'c1b8ea5e-1042-4837-9882-7a5e66f8dca0'.
12-04 01:23:17.710 17876 17876 D SensorService: Steps: +1 (total: 3116)
12-04 01:23:18.190 17876 17876 D SensorService: Steps: +1 (total: 3117)
12-04 01:23:18.348 17876 17926 I ReactNativeJS: ?뱤 GPS: 5.09 km/h ??walking
12-04 01:23:18.366 17876 17876 I TaskService: Handling intent with task name 'background-location-task' and app scoping identifier 'com.pacetry.app'.
12-04 01:23:18.368 17876 17876 W JobInfo : Job 'com.pacetry.app/expo.modules.taskManager.TaskJobService#0' has a deadline with no functional constraints. The deadline won't improve job execution latency. Consider removing the deadline.
12-04 01:23:18.386 17876 17876 I TaskService: Handling job with task name 'background-location-task' for app with scoping identifier 'com.pacetry.app'.
12-04 01:23:18.390 17876 17926 I ReactNativeJS: ?뱧 諛깃렇?쇱슫???꾩튂 ?섏쭛?? 1媛? 珥? 46媛?
12-04 01:23:18.390 17876 17926 I ReactNativeJS:    ?붴? 理쒖떊: (37.559206, 126.907326)
12-04 01:23:18.392 17876 17931 I TaskService: Finished task 'background-location-task' with eventId '8fe2a031-4d9e-4b13-ac3f-7230c1cc5efd'.
12-04 01:23:18.667 17876 17876 D SensorService: Steps: +1 (total: 3118)
12-04 01:23:19.224 17876 17876 D SensorService: Steps: +1 (total: 3119)
12-04 01:23:19.707 17876 17876 D SensorService: Steps: +1 (total: 3120)
12-04 01:23:20.189 17876 17876 D SensorService: Steps: +1 (total: 3121)
12-04 01:23:20.671 17876 17876 D SensorService: Steps: +1 (total: 3122)
12-04 01:23:21.222 17876 17876 D SensorService: Steps: +1 (total: 3123)
12-04 01:23:21.711 17876 17876 D SensorService: Steps: +1 (total: 3124)
12-04 01:23:22.267 17876 17876 D SensorService: Steps: +1 (total: 3125)
12-04 01:23:22.748 17876 17876 D SensorService: Steps: +1 (total: 3126)
12-04 01:23:23.222 17876 17876 D SensorService: Steps: +1 (total: 3127)
12-04 01:23:23.360 17876 17876 D SensorService: Location availability: false
12-04 01:23:23.369 17876 17876 I TaskService: Handling intent with task name 'background-location-task' and app scoping identifier 'com.pacetry.app'.
12-04 01:23:23.709 17876 17876 D SensorService: Steps: +1 (total: 3128)
12-04 01:23:24.262 17876 17876 D SensorService: Steps: +1 (total: 3129)
12-04 01:23:24.742 17876 17876 D SensorService: Steps: +1 (total: 3130)
12-04 01:23:25.303 17876 17876 D SensorService: Steps: +1 (total: 3131)
12-04 01:23:25.783 17876 17876 D SensorService: Steps: +1 (total: 3132)
12-04 01:23:26.263 17876 17876 D SensorService: Steps: +1 (total: 3133)
12-04 01:23:26.380 17876 17876 D SensorService: Location availability: true
12-04 01:23:26.385 17876 17876 I TaskService: Handling intent with task name 'background-location-task' and app scoping identifier 'com.pacetry.app'.
12-04 01:23:26.391 17876 17876 I TaskService: Handling intent with task name 'background-location-task' and app scoping identifier 'com.pacetry.app'.
12-04 01:23:26.393 17876 17876 W JobInfo : Job 'com.pacetry.app/expo.modules.taskManager.TaskJobService#0' has a deadline with no functional constraints. The deadline won't improve job execution latency. Consider removing the deadline.
12-04 01:23:26.409 17876 17876 I TaskService: Handling job with task name 'background-location-task' for app with scoping identifier 'com.pacetry.app'.
12-04 01:23:26.412 17876 17927 W unknown:ReactNative: StatusBarModule: Ignored status bar change, current activity is edge-to-edge.
12-04 01:23:26.412 17876 17927 W unknown:ReactNative: StatusBarModule: Ignored status bar change, current activity is edge-to-edge.
12-04 01:23:26.413 17876 17926 I ReactNativeJS: ?뱤 GPS: 5.06 km/h ??walking
12-04 01:23:26.413 17876 17926 I ReactNativeJS: ?뱧 諛깃렇?쇱슫???꾩튂 ?섏쭛?? 2媛? 珥? 48媛?
12-04 01:23:26.413 17876 17926 I ReactNativeJS:    ?붴? 理쒖떊: (37.559238, 126.907257)
12-04 01:23:26.414 17876 17931 I TaskService: Finished task 'background-location-task' with eventId '2739e3d3-2dad-439e-a629-913890a13799'.
12-04 01:23:26.750 17876 17876 D SensorService: Steps: +1 (total: 3134)
12-04 01:23:27.306 17876 17876 D SensorService: Steps: +1 (total: 3135)
12-04 01:23:27.798 17876 17876 D SensorService: Steps: +1 (total: 3136)
12-04 01:23:28.270 17876 17876 D SensorService: Steps: +1 (total: 3137)
12-04 01:23:28.826 17876 17876 D SensorService: Steps: +1 (total: 3138)
12-04 01:23:29.309 17876 17876 D SensorService: Steps: +1 (total: 3139)
12-04 01:23:29.461 17876 17876 D SensorService: Location availability: false
12-04 01:23:29.474 17876 17876 I TaskService: Handling intent with task name 'background-location-task' and app scoping identifier 'com.pacetry.app'.
12-04 01:23:29.792 17876 17876 D SensorService: Steps: +1 (total: 3140)
12-04 01:23:30.346 17876 17876 D SensorService: Steps: +1 (total: 3141)
12-04 01:23:30.754 17876 17876 D SensorService: Steps: +1 (total: 3142)
12-04 01:23:31.305 17876 17876 D SensorService: Steps: +1 (total: 3143)
12-04 01:23:31.792 17876 17876 D SensorService: Steps: +1 (total: 3144)
12-04 01:23:32.346 17876 17876 D SensorService: Steps: +1 (total: 3145)
12-04 01:23:32.831 17876 17876 D SensorService: Steps: +1 (total: 3146)
12-04 01:23:33.307 17876 17876 D SensorService: Steps: +1 (total: 3147)
12-04 01:23:33.668 17876 17876 D SensorService: Location availability: true
12-04 01:23:33.671 17876 17926 I ReactNativeJS: ?뱤 GPS: 6.31 km/h ??walking
12-04 01:23:33.680 17876 17876 I TaskService: Handling intent with task name 'background-location-task' and app scoping identifier 'com.pacetry.app'.
12-04 01:23:33.688 17876 17876 I TaskService: Handling intent with task name 'background-location-task' and app scoping identifier 'com.pacetry.app'.
12-04 01:23:33.691 17876 17876 W JobInfo : Job 'com.pacetry.app/expo.modules.taskManager.TaskJobService#0' has a deadline with no functional constraints. The deadline won't improve job execution latency. Consider removing the deadline.
12-04 01:23:33.701 17876 17876 I TaskService: Handling job with task name 'background-location-task' for app with scoping identifier 'com.pacetry.app'.
12-04 01:23:33.704 17876 17927 W unknown:ReactNative: StatusBarModule: Ignored status bar change, current activity is edge-to-edge.
12-04 01:23:33.704 17876 17926 I ReactNativeJS: ?뱧 諛깃렇?쇱슫???꾩튂 ?섏쭛?? 1媛? 珥? 49媛?
12-04 01:23:33.704 17876 17926 I ReactNativeJS:    ?붴? 理쒖떊: (37.559285, 126.907113)
12-04 01:23:33.704 17876 17927 W unknown:ReactNative: StatusBarModule: Ignored status bar change, current activity is edge-to-edge.
12-04 01:23:33.705 17876 17931 I TaskService: Finished task 'background-location-task' with eventId '395db4fa-81db-4988-8515-425f7fe5b355'.
12-04 01:23:33.791 17876 17876 D SensorService: Steps: +1 (total: 3148)
12-04 01:23:34.345 17876 17876 D SensorService: Steps: +1 (total: 3149)
12-04 01:23:39.146 17876 17876 D SensorService: Steps: +9 (total: 3158)
12-04 01:23:39.395 17876 17876 D SensorService: Steps: +1 (total: 3159)
12-04 01:23:39.784 17876 17876 D SensorService: Steps: +1 (total: 3160)
12-04 01:23:40.265 17876 17876 D SensorService: Steps: +1 (total: 3161)
12-04 01:23:40.750 17876 17876 D SensorService: Steps: +1 (total: 3162)
12-04 01:23:41.234 17876 17876 D SensorService: Steps: +1 (total: 3163)
12-04 01:23:41.489 17876 17876 D SensorService: Location availability: false
12-04 01:23:41.493 17876 17876 I TaskService: Handling intent with task name 'background-location-task' and app scoping identifier 'com.pacetry.app'.
12-04 01:23:41.667 17876 17876 D SensorService: Location availability: true
12-04 01:23:41.670 17876 17876 I TaskService: Handling intent with task name 'background-location-task' and app scoping identifier 'com.pacetry.app'.
12-04 01:23:41.675 17876 17926 I ReactNativeJS: ?뱤 GPS: 4.66 km/h ??walking
12-04 01:23:41.682 17876 17876 W JobInfo : Job 'com.pacetry.app/expo.modules.taskManager.TaskJobService#0' has a deadline with no functional constraints. The deadline won't improve job execution latency. Consider removing the deadline.
12-04 01:23:41.699 17876 17876 I TaskService: Handling intent with task name 'background-location-task' and app scoping identifier 'com.pacetry.app'.
12-04 01:23:41.707 17876 17927 W unknown:ReactNative: StatusBarModule: Ignored status bar change, current activity is edge-to-edge.
12-04 01:23:41.707 17876 17927 W unknown:ReactNative: StatusBarModule: Ignored status bar change, current activity is edge-to-edge.
12-04 01:23:41.708 17876 17876 D SensorService: Steps: +1 (total: 3164)
12-04 01:23:41.710 17876 17876 I TaskService: Handling job with task name 'background-location-task' for app with scoping identifier 'com.pacetry.app'.
12-04 01:23:41.712 17876 17926 I ReactNativeJS: ?뱧 諛깃렇?쇱슫???꾩튂 ?섏쭛?? 1媛? 珥? 50媛?
12-04 01:23:41.712 17876 17926 I ReactNativeJS:    ?붴? 理쒖떊: (37.559348, 126.907039)
12-04 01:23:41.714 17876 17931 I TaskService: Finished task 'background-location-task' with eventId '48daa36c-82be-44e5-941f-156ca77cd197'.
12-04 01:23:42.265 17876 17876 D SensorService: Steps: +1 (total: 3165)
12-04 01:23:46.186 17876 17876 D SensorService: Steps: +8 (total: 3173)
12-04 01:23:46.745 17876 17876 D SensorService: Steps: +1 (total: 3174)
12-04 01:23:47.231 17876 17876 D SensorService: Steps: +1 (total: 3175)
12-04 01:23:47.711 17876 17876 D SensorService: Steps: +1 (total: 3176)
12-04 01:23:48.265 17876 17876 D SensorService: Steps: +1 (total: 3177)
12-04 01:23:48.558 17876 17876 I TaskService: Handling intent with task name 'background-location-task' and app scoping identifier 'com.pacetry.app'.
12-04 01:23:48.558 17876 17876 D SensorService: Location availability: false
12-04 01:23:48.749 17876 17876 D SensorService: Steps: +1 (total: 3178)
12-04 01:23:49.226 17876 17876 D SensorService: Steps: +1 (total: 3179)
12-04 01:23:49.287 17876 17876 D SensorService: Location availability: true
12-04 01:23:49.293 17876 17926 I ReactNativeJS: ?뱤 GPS: 8.05 km/h ??running
12-04 01:23:49.301 17876 17876 I TaskService: Handling intent with task name 'background-location-task' and app scoping identifier 'com.pacetry.app'.
12-04 01:23:49.306 17876 17876 I TaskService: Handling intent with task name 'background-location-task' and app scoping identifier 'com.pacetry.app'.
12-04 01:23:49.309 17876 17876 W JobInfo : Job 'com.pacetry.app/expo.modules.taskManager.TaskJobService#0' has a deadline with no functional constraints. The deadline won't improve job execution latency. Consider removing the deadline.
12-04 01:23:49.317 17876 17876 I TaskService: Handling job with task name 'background-location-task' for app with scoping identifier 'com.pacetry.app'.
12-04 01:23:49.335 17876 17927 W unknown:ReactNative: StatusBarModule: Ignored status bar change, current activity is edge-to-edge.
12-04 01:23:49.335 17876 17926 I ReactNativeJS: ?뱧 諛깃렇?쇱슫???꾩튂 ?섏쭛?? 1媛? 珥? 51媛?
12-04 01:23:49.335 17876 17926 I ReactNativeJS:    ?붴? 理쒖떊: (37.559483, 126.907143)
12-04 01:23:49.335 17876 17927 W unknown:ReactNative: StatusBarModule: Ignored status bar change, current activity is edge-to-edge.
12-04 01:23:49.336 17876 17931 I TaskService: Finished task 'background-location-task' with eventId 'd7b49ec9-f22e-4057-9def-96c5f4f347fc'.
12-04 01:23:49.712 17876 17876 D SensorService: Steps: +1 (total: 3180)
12-04 01:23:50.266 17876 17876 D SensorService: Steps: +1 (total: 3181)
12-04 01:23:50.744 17876 17876 D SensorService: Steps: +1 (total: 3182)
12-04 01:23:51.229 17876 17876 D SensorService: Steps: +1 (total: 3183)
12-04 01:23:51.714 17876 17876 D SensorService: Steps: +1 (total: 3184)
12-04 01:23:51.787 17876 17876 I TaskService: Handling intent with task name 'background-location-task' and app scoping identifier 'com.pacetry.app'.
12-04 01:23:51.789 17876 17876 D SensorService: Location availability: false
12-04 01:23:52.266 17876 17876 D SensorService: Steps: +1 (total: 3185)
12-04 01:23:52.673 17876 17876 D SensorService: Steps: +1 (total: 3186)
12-04 01:23:53.226 17876 17876 D SensorService: Steps: +1 (total: 3187)
12-04 01:23:53.714 17876 17876 D SensorService: Steps: +1 (total: 3188)
12-04 01:23:54.266 17876 17876 D SensorService: Steps: +1 (total: 3189)
12-04 01:23:54.752 17876 17876 D SensorService: Steps: +1 (total: 3190)
12-04 01:23:55.231 17876 17876 D SensorService: Steps: +1 (total: 3191)
12-04 01:23:55.785 17876 17876 D SensorService: Steps: +1 (total: 3192)
12-04 01:23:56.269 17876 17876 D SensorService: Steps: +1 (total: 3193)
12-04 01:23:56.669 17876 17876 D SensorService: Location availability: true
12-04 01:23:56.671 17876 17926 I ReactNativeJS: ?뱤 GPS: 5.16 km/h ??walking
12-04 01:23:56.678 17876 17876 I TaskService: Handling intent with task name 'background-location-task' and app scoping identifier 'com.pacetry.app'.
12-04 01:23:56.686 17876 17876 I TaskService: Handling intent with task name 'background-location-task' and app scoping identifier 'com.pacetry.app'.
12-04 01:23:56.687 17876 17876 W JobInfo : Job 'com.pacetry.app/expo.modules.taskManager.TaskJobService#0' has a deadline with no functional constraints. The deadline won't improve job execution latency. Consider removing the deadline.
12-04 01:23:56.700 17876 17876 I TaskService: Handling job with task name 'background-location-task' for app with scoping identifier 'com.pacetry.app'.
12-04 01:23:56.707 17876 17927 W unknown:ReactNative: StatusBarModule: Ignored status bar change, current activity is edge-to-edge.
12-04 01:23:56.707 17876 17926 I ReactNativeJS: ?뱧 諛깃렇?쇱슫???꾩튂 ?섏쭛?? 1媛? 珥? 52媛?
12-04 01:23:56.707 17876 17926 I ReactNativeJS:    ?붴? 理쒖떊: (37.559439, 126.906980)
12-04 01:23:56.707 17876 17927 W unknown:ReactNative: StatusBarModule: Ignored status bar change, current activity is edge-to-edge.
12-04 01:23:56.708 17876 17931 I TaskService: Finished task 'background-location-task' with eventId '66220562-45d8-4555-a3ec-3df397837299'.
12-04 01:23:56.745 17876 17876 D SensorService: Steps: +1 (total: 3194)
12-04 01:23:57.305 17876 17876 D SensorService: Steps: +1 (total: 3195)
12-04 01:23:57.794 17876 17876 D SensorService: Steps: +1 (total: 3196)
12-04 01:23:58.270 17876 17876 D SensorService: Steps: +1 (total: 3197)
12-04 01:23:58.752 17876 17876 D SensorService: Steps: +1 (total: 3198)
12-04 01:23:59.312 17876 17876 D SensorService: Steps: +1 (total: 3199)
12-04 01:23:59.797 17876 17876 D SensorService: Steps: +1 (total: 3200)
12-04 01:24:00.211 17876 17876 I TaskService: Handling intent with task name 'background-location-task' and app scoping identifier 'com.pacetry.app'.
12-04 01:24:00.212 17876 17876 D SensorService: Location availability: false
12-04 01:24:00.264 17876 17876 D SensorService: Steps: +1 (total: 3201)
12-04 01:24:00.752 17876 17876 D SensorService: Steps: +1 (total: 3202)
12-04 01:24:01.235 17876 17876 D SensorService: Steps: +1 (total: 3203)
12-04 01:24:01.785 17876 17876 D SensorService: Steps: +1 (total: 3204)
12-04 01:24:02.269 17876 17876 D SensorService: Steps: +1 (total: 3205)
12-04 01:24:02.752 17876 17876 D SensorService: Steps: +1 (total: 3206)
12-04 01:24:03.232 17876 17876 D SensorService: Steps: +1 (total: 3207)
12-04 01:24:03.785 17876 17876 D SensorService: Steps: +1 (total: 3208)
12-04 01:24:04.138 17876 17876 D SensorService: Location availability: true
12-04 01:24:04.141 17876 17926 I ReactNativeJS: ?뱤 GPS: 1.27 km/h ??walking
12-04 01:24:04.143 17876 17876 I TaskService: Handling intent with task name 'background-location-task' and app scoping identifier 'com.pacetry.app'.
12-04 01:24:04.151 17876 17876 W JobInfo : Job 'com.pacetry.app/expo.modules.taskManager.TaskJobService#0' has a deadline with no functional constraints. The deadline won't improve job execution latency. Consider removing the deadline.
12-04 01:24:04.157 17876 17876 I TaskService: Handling intent with task name 'background-location-task' and app scoping identifier 'com.pacetry.app'.
12-04 01:24:04.161 17876 17876 I TaskService: Handling job with task name 'background-location-task' for app with scoping identifier 'com.pacetry.app'.
12-04 01:24:04.163 17876 17926 I ReactNativeJS: ?뱧 諛깃렇?쇱슫???꾩튂 ?섏쭛?? 1媛? 珥? 53媛?
12-04 01:24:04.163 17876 17926 I ReactNativeJS:    ?붴? 理쒖떊: (37.559463, 126.906975)
12-04 01:24:04.164 17876 17931 I TaskService: Finished task 'background-location-task' with eventId '1912d898-32f3-437f-983f-9be8f9c860a5'.
12-04 01:24:04.265 17876 17876 D SensorService: Steps: +1 (total: 3209)
12-04 01:24:04.753 17876 17876 D SensorService: Steps: +1 (total: 3210)
12-04 01:24:05.235 17876 17876 D SensorService: Steps: +1 (total: 3211)
12-04 01:24:05.713 17876 17876 D SensorService: Steps: +1 (total: 3212)
12-04 01:24:06.264 17876 17876 D SensorService: Steps: +1 (total: 3213)
12-04 01:24:06.749 17876 17876 D SensorService: Steps: +1 (total: 3214)
12-04 01:24:07.401 17876 17876 D SensorService: Steps: +1 (total: 3215)
12-04 01:24:07.474 17876 17876 D SensorService: Location availability: false
12-04 01:24:07.478 17876 17876 I TaskService: Handling intent with task name 'background-location-task' and app scoping identifier 'com.pacetry.app'.
12-04 01:24:07.793 17876 17876 D SensorService: Steps: +1 (total: 3216)
12-04 01:24:08.274 17876 17876 D SensorService: Steps: +1 (total: 3217)
12-04 01:24:08.752 17876 17876 D SensorService: Steps: +1 (total: 3218)
12-04 01:24:09.305 17876 17876 D SensorService: Steps: +1 (total: 3219)
12-04 01:24:09.791 17876 17876 D SensorService: Steps: +1 (total: 3220)
12-04 01:24:10.270 17876 17876 D SensorService: Steps: +1 (total: 3221)
12-04 01:24:10.752 17876 17876 D SensorService: Steps: +1 (total: 3222)
12-04 01:24:11.305 17876 17876 D SensorService: Steps: +1 (total: 3223)
12-04 01:24:11.495 17876 17876 D SensorService: Location availability: true
12-04 01:24:11.497 17876 17926 I ReactNativeJS: ?뱤 GPS: 12.44 km/h ??running
12-04 01:24:11.500 17876 17876 I TaskService: Handling intent with task name 'background-location-task' and app scoping identifier 'com.pacetry.app'.
12-04 01:24:11.513 17876 17876 W JobInfo : Job 'com.pacetry.app/expo.modules.taskManager.TaskJobService#0' has a deadline with no functional constraints. The deadline won't improve job execution latency. Consider removing the deadline.
12-04 01:24:11.522 17876 17876 I TaskService: Handling intent with task name 'background-location-task' and app scoping identifier 'com.pacetry.app'.
12-04 01:24:11.522 17876 17927 W unknown:ReactNative: StatusBarModule: Ignored status bar change, current activity is edge-to-edge.
12-04 01:24:11.522 17876 17927 W unknown:ReactNative: StatusBarModule: Ignored status bar change, current activity is edge-to-edge.
12-04 01:24:11.527 17876 17876 I TaskService: Handling job with task name 'background-location-task' for app with scoping identifier 'com.pacetry.app'.
12-04 01:24:11.529 17876 17926 I ReactNativeJS: ?뱧 諛깃렇?쇱슫???꾩튂 ?섏쭛?? 1媛? 珥? 54媛?
12-04 01:24:11.529 17876 17926 I ReactNativeJS:    ?붴? 理쒖떊: (37.559707, 126.906963)
12-04 01:24:11.529 17876 17931 I TaskService: Finished task 'background-location-task' with eventId '127ce2de-9c70-4507-a5fd-301f057ef389'.
12-04 01:24:11.789 17876 17876 D SensorService: Steps: +1 (total: 3224)
12-04 01:24:12.270 17876 17876 D SensorService: Steps: +1 (total: 3225)
12-04 01:24:12.758 17876 17876 D SensorService: Steps: +1 (total: 3226)
12-04 01:24:13.229 17876 17876 D SensorService: Steps: +1 (total: 3227)
12-04 01:24:13.786 17876 17876 D SensorService: Steps: +1 (total: 3228)
12-04 01:24:14.168 17876 17876 D SensorService: Location availability: false
12-04 01:24:14.180 17876 17876 I TaskService: Handling intent with task name 'background-location-task' and app scoping identifier 'com.pacetry.app'.
12-04 01:24:14.272 17876 17876 D SensorService: Steps: +1 (total: 3229)
12-04 01:24:14.745 17876 17876 D SensorService: Steps: +1 (total: 3230)
12-04 01:24:15.229 17876 17876 D SensorService: Steps: +1 (total: 3231)
12-04 01:24:15.712 17876 17876 D SensorService: Steps: +1 (total: 3232)
12-04 01:24:16.265 17876 17876 D SensorService: Steps: +1 (total: 3233)
12-04 01:24:16.749 17876 17876 D SensorService: Steps: +1 (total: 3234)
12-04 01:24:17.231 17876 17876 D SensorService: Steps: +1 (total: 3235)
12-04 01:24:17.710 17876 17876 D SensorService: Steps: +1 (total: 3236)
12-04 01:24:18.194 17876 17876 D SensorService: Steps: +1 (total: 3237)
12-04 01:24:18.674 17876 17876 D SensorService: Steps: +1 (total: 3238)
12-04 01:24:18.857 17876 17876 I TaskService: Handling intent with task name 'background-location-task' and app scoping identifier 'com.pacetry.app'.
12-04 01:24:18.857 17876 17876 D SensorService: Location availability: true
12-04 01:24:18.864 17876 17926 I ReactNativeJS: ?뱤 GPS: 5.80 km/h ??walking
12-04 01:24:18.866 17876 17876 W JobInfo : Job 'com.pacetry.app/expo.modules.taskManager.TaskJobService#0' has a deadline with no functional constraints. The deadline won't improve job execution latency. Consider removing the deadline.
12-04 01:24:18.886 17876 17876 I TaskService: Handling intent with task name 'background-location-task' and app scoping identifier 'com.pacetry.app'.
12-04 01:24:18.894 17876 17927 W unknown:ReactNative: StatusBarModule: Ignored status bar change, current activity is edge-to-edge.
12-04 01:24:18.894 17876 17927 W unknown:ReactNative: StatusBarModule: Ignored status bar change, current activity is edge-to-edge.
12-04 01:24:18.951 17876 17876 I TaskService: Handling job with task name 'background-location-task' for app with scoping identifier 'com.pacetry.app'.
12-04 01:24:18.955 17876 17926 I ReactNativeJS: ?뱧 諛깃렇?쇱슫???꾩튂 ?섏쭛?? 1媛? 珥? 55媛?
12-04 01:24:18.955 17876 17926 I ReactNativeJS:    ?붴? 理쒖떊: (37.559715, 126.906805)
12-04 01:24:18.956 17876 17931 I TaskService: Finished task 'background-location-task' with eventId '23ea66b4-57d4-495c-b058-2e4bf979b2f2'.
12-04 01:24:19.227 17876 17876 D SensorService: Steps: +1 (total: 3239)
12-04 01:24:19.709 17876 17876 D SensorService: Steps: +1 (total: 3240)
12-04 01:24:20.192 17876 17876 D SensorService: Steps: +1 (total: 3241)
12-04 01:24:20.673 17876 17876 D SensorService: Steps: +1 (total: 3242)
12-04 01:24:21.225 17876 17876 D SensorService: Steps: +1 (total: 3243)
12-04 01:24:21.710 17876 17876 D SensorService: Steps: +1 (total: 3244)
12-04 01:24:22.194 17876 17876 D SensorService: Steps: +1 (total: 3245)
12-04 01:24:22.234 17876 17876 D SensorService: Location availability: false
12-04 01:24:22.235 17876 17876 I TaskService: Handling intent with task name 'background-location-task' and app scoping identifier 'com.pacetry.app'.
12-04 01:24:22.672 17876 17876 D SensorService: Steps: +1 (total: 3246)
12-04 01:24:23.155 17876 17876 D SensorService: Steps: +1 (total: 3247)
12-04 01:24:23.705 17876 17876 D SensorService: Steps: +1 (total: 3248)
12-04 01:24:24.191 17876 17876 D SensorService: Steps: +1 (total: 3249)
12-04 01:24:24.672 17876 17876 D SensorService: Steps: +1 (total: 3250)
12-04 01:24:25.226 17876 17876 D SensorService: Steps: +1 (total: 3251)
12-04 01:24:25.633 17876 17876 D SensorService: Steps: +1 (total: 3252)
12-04 01:24:26.188 17876 17876 D SensorService: Steps: +1 (total: 3253)
12-04 01:24:26.383 17876 17876 D SensorService: Location availability: true
12-04 01:24:26.383 17876 17926 I ReactNativeJS: ?뱤 GPS: 9.86 km/h ??running
12-04 01:24:26.389 17876 17876 I TaskService: Handling intent with task name 'background-location-task' and app scoping identifier 'com.pacetry.app'.
12-04 01:24:26.399 17876 17876 W JobInfo : Job 'com.pacetry.app/expo.modules.taskManager.TaskJobService#0' has a deadline with no functional constraints. The deadline won't improve job execution latency. Consider removing the deadline.
12-04 01:24:26.420 17876 17876 I TaskService: Handling intent with task name 'background-location-task' and app scoping identifier 'com.pacetry.app'.
12-04 01:24:26.425 17876 17876 I TaskService: Handling job with task name 'background-location-task' for app with scoping identifier 'com.pacetry.app'.
12-04 01:24:26.431 17876 17926 I ReactNativeJS: ?뱧 諛깃렇?쇱슫???꾩튂 ?섏쭛?? 1媛? 珥? 56媛?
12-04 01:24:26.431 17876 17926 I ReactNativeJS:    ?붴? 理쒖떊: (37.559863, 126.906671)
12-04 01:24:26.431 17876 17927 W unknown:ReactNative: StatusBarModule: Ignored status bar change, current activity is edge-to-edge.
12-04 01:24:26.431 17876 17927 W unknown:ReactNative: StatusBarModule: Ignored status bar change, current activity is edge-to-edge.
12-04 01:24:26.432 17876 17931 I TaskService: Finished task 'background-location-task' with eventId 'e24e92ce-be01-4267-a94c-a7f1e5597956'.
12-04 01:24:26.666 17876 17876 D SensorService: Steps: +1 (total: 3254)
12-04 01:24:27.149 17876 17876 D SensorService: Steps: +1 (total: 3255)
12-04 01:24:27.705 17876 17876 D SensorService: Steps: +1 (total: 3256)
12-04 01:24:28.188 17876 17876 D SensorService: Steps: +1 (total: 3257)
12-04 01:24:28.672 17876 17876 D SensorService: Steps: +1 (total: 3258)
12-04 01:24:28.874 17876 17876 D SensorService: Location availability: false
12-04 01:24:28.881 17876 17876 I TaskService: Handling intent with task name 'background-location-task' and app scoping identifier 'com.pacetry.app'.
12-04 01:24:29.153 17876 17876 D SensorService: Steps: +1 (total: 3259)
12-04 01:24:29.705 17876 17876 D SensorService: Steps: +1 (total: 3260)
12-04 01:24:33.145 17876 17876 D SensorService: Steps: +7 (total: 3267)
12-04 01:24:33.635 17876 17876 D SensorService: Steps: +1 (total: 3268)
12-04 01:24:34.184 17876 17876 D SensorService: Steps: +1 (total: 3269)
12-04 01:25:16.988 17876 17876 D SensorService: Steps: +86 (total: 3355)
12-04 01:25:17.307 17876 17876 D SensorService: Steps: +1 (total: 3356)
12-04 01:25:17.864 17876 17876 D SensorService: Steps: +1 (total: 3357)
12-04 01:25:18.348 17876 17876 D SensorService: Steps: +1 (total: 3358)
12-04 01:25:18.831 17876 17876 D SensorService: Steps: +1 (total: 3359)
12-04 01:25:19.306 17876 17876 D SensorService: Steps: +1 (total: 3360)
12-04 01:25:19.320 17876 17876 D SensorService: Location availability: true
12-04 01:25:19.322 17876 17926 I ReactNativeJS: ?좑툘 ?먮┛ GPS(0.00 km/h), 媛?띾룄怨??놁쓬 ??running (?댁쟾 ?곹깭 ?좎?)
12-04 01:25:19.322 17876 17926 I ReactNativeJS: ?뱤 GPS: 0.00 km/h ??running
12-04 01:25:19.326 17876 17876 I TaskService: Handling intent with task name 'background-location-task' and app scoping identifier 'com.pacetry.app'.
12-04 01:25:19.347 17876 17876 I TaskService: Handling intent with task name 'background-location-task' and app scoping identifier 'com.pacetry.app'.
12-04 01:25:19.348 17876 17876 W JobInfo : Job 'com.pacetry.app/expo.modules.taskManager.TaskJobService#0' has a deadline with no functional constraints. The deadline won't improve job execution latency. Consider removing the deadline.
12-04 01:25:19.356 17876 17927 W unknown:ReactNative: StatusBarModule: Ignored status bar change, current activity is edge-to-edge.
12-04 01:25:19.356 17876 17927 W unknown:ReactNative: StatusBarModule: Ignored status bar change, current activity is edge-to-edge.
12-04 01:25:19.358 17876 17876 I TaskService: Handling job with task name 'background-location-task' for app with scoping identifier 'com.pacetry.app'.
12-04 01:25:19.359 17876 17926 I ReactNativeJS: ?뱧 諛깃렇?쇱슫???꾩튂 ?섏쭛?? 1媛? 珥? 57媛?
12-04 01:25:19.359 17876 17926 I ReactNativeJS:    ?붴? 理쒖떊: (37.560409, 126.905973)
12-04 01:25:19.360 17876 17931 I TaskService: Finished task 'background-location-task' with eventId '313fc3b9-f100-4e62-830f-4bf3f3e8eb30'.
12-04 01:25:19.790 17876 17876 D SensorService: Steps: +1 (total: 3361)
12-04 01:25:20.346 17876 17876 D SensorService: Steps: +1 (total: 3362)
12-04 01:25:28.743 17876 17876 D SensorService: Steps: +17 (total: 3379)
12-04 01:25:29.228 17876 17876 D SensorService: Steps: +1 (total: 3380)
12-04 01:25:29.633 17876 17876 D SensorService: Steps: +1 (total: 3381)
12-04 01:25:30.185 17876 17876 D SensorService: Steps: +1 (total: 3382)
12-04 01:25:31.892 17876 17876 D SensorService: Steps: +3 (total: 3385)
12-04 01:25:31.953 17876 17876 D SensorService: Location availability: false
12-04 01:25:31.962 17876 17876 I TaskService: Handling intent with task name 'background-location-task' and app scoping identifier 'com.pacetry.app'.
12-04 01:25:32.024 17876 17876 D SensorService: Steps: +1 (total: 3386)
12-04 01:25:32.584 17876 17876 D SensorService: Steps: +1 (total: 3387)
12-04 01:26:35.704 17876 17876 D SensorService: Steps: +128 (total: 3515)
12-04 01:26:35.782 17876 17876 D SensorService: Steps: +1 (total: 3516)
12-04 01:26:36.269 17876 17876 D SensorService: Steps: +1 (total: 3517)
12-04 01:26:36.749 17876 17876 D SensorService: Steps: +1 (total: 3518)
12-04 01:26:37.231 17876 17876 D SensorService: Steps: +1 (total: 3519)
12-04 01:26:37.706 17876 17876 D SensorService: Steps: +1 (total: 3520)
12-04 01:26:37.741 17876 17876 I TaskService: Handling intent with task name 'background-location-task' and app scoping identifier 'com.pacetry.app'.
12-04 01:26:37.749 17876 17876 D SensorService: Location availability: true
12-04 01:26:37.754 17876 17926 I ReactNativeJS: ?좑툘 ?먮┛ GPS(0.00 km/h), 媛?띾룄怨??놁쓬 ??running (?댁쟾 ?곹깭 ?좎?)
12-04 01:26:37.755 17876 17926 I ReactNativeJS: ?뱤 GPS: 0.00 km/h ??running
12-04 01:26:37.758 17876 17876 W JobInfo : Job 'com.pacetry.app/expo.modules.taskManager.TaskJobService#0' has a deadline with no functional constraints. The deadline won't improve job execution latency. Consider removing the deadline.
12-04 01:26:37.792 17876 17927 W unknown:ReactNative: StatusBarModule: Ignored status bar change, current activity is edge-to-edge.
12-04 01:26:37.792 17876 17927 W unknown:ReactNative: StatusBarModule: Ignored status bar change, current activity is edge-to-edge.
12-04 01:26:37.863 17876 17876 I TaskService: Handling intent with task name 'background-location-task' and app scoping identifier 'com.pacetry.app'.
12-04 01:26:37.869 17876 17876 I TaskService: Handling job with task name 'background-location-task' for app with scoping identifier 'com.pacetry.app'.
12-04 01:26:37.871 17876 17926 I ReactNativeJS: ?뱧 諛깃렇?쇱슫???꾩튂 ?섏쭛?? 1媛? 珥? 58媛?
12-04 01:26:37.871 17876 17926 I ReactNativeJS:    ?붴? 理쒖떊: (37.559858, 126.904864)
12-04 01:26:37.873 17876 17931 I TaskService: Finished task 'background-location-task' with eventId '65d7143e-c569-4b80-98ad-986646d4daf8'.
12-04 01:26:38.190 17876 17876 D SensorService: Steps: +1 (total: 3521)
12-04 01:26:38.673 17876 17876 D SensorService: Steps: +1 (total: 3522)
12-04 01:26:39.148 17876 17876 D SensorService: Steps: +1 (total: 3523)
12-04 01:26:39.633 17876 17876 D SensorService: Steps: +1 (total: 3524)
12-04 01:26:40.184 17876 17876 D SensorService: Steps: +1 (total: 3525)
12-04 01:26:47.782 17876 17876 D SensorService: Steps: +15 (total: 3540)
12-04 01:26:48.028 17876 17876 D SensorService: Steps: +1 (total: 3541)
12-04 01:26:48.509 17876 17876 D SensorService: Steps: +1 (total: 3542)
12-04 01:26:48.786 17876 17876 D SensorService: Location availability: false
12-04 01:26:48.794 17876 17876 I TaskService: Handling intent with task name 'background-location-task' and app scoping identifier 'com.pacetry.app'.
12-04 01:26:48.990 17876 17876 D SensorService: Steps: +1 (total: 3543)
12-04 01:26:49.471 17876 17876 D SensorService: Steps: +1 (total: 3544)
12-04 01:26:49.954 17876 17876 D SensorService: Steps: +1 (total: 3545)
12-04 01:26:50.433 17876 17876 D SensorService: Steps: +1 (total: 3546)
12-04 01:26:50.985 17876 17876 D SensorService: Steps: +1 (total: 3547)
12-04 01:26:51.471 17876 17876 D SensorService: Steps: +1 (total: 3548)
12-04 01:26:51.954 17876 17876 D SensorService: Steps: +1 (total: 3549)
12-04 01:26:52.433 17876 17876 D SensorService: Steps: +1 (total: 3550)
12-04 01:26:52.641 17876 17876 D SensorService: Location availability: true
12-04 01:26:52.649 17876 17876 I TaskService: Handling intent with task name 'background-location-task' and app scoping identifier 'com.pacetry.app'.
12-04 01:26:52.650 17876 17926 I ReactNativeJS: ?뱤 GPS: 8.75 km/h ??running
12-04 01:26:52.663 17876 17876 I TaskService: Handling intent with task name 'background-location-task' and app scoping identifier 'com.pacetry.app'.
12-04 01:26:52.667 17876 17876 W JobInfo : Job 'com.pacetry.app/expo.modules.taskManager.TaskJobService#0' has a deadline with no functional constraints. The deadline won't improve job execution latency. Consider removing the deadline.
12-04 01:26:52.679 17876 17927 W unknown:ReactNative: StatusBarModule: Ignored status bar change, current activity is edge-to-edge.
12-04 01:26:52.679 17876 17927 W unknown:ReactNative: StatusBarModule: Ignored status bar change, current activity is edge-to-edge.
12-04 01:26:52.740 17876 17876 I TaskService: Handling job with task name 'background-location-task' for app with scoping identifier 'com.pacetry.app'.
12-04 01:26:52.742 17876 17926 I ReactNativeJS: ?뱧 諛깃렇?쇱슫???꾩튂 ?섏쭛?? 1媛? 珥? 59媛?
12-04 01:26:52.742 17876 17926 I ReactNativeJS:    ?붴? 理쒖떊: (37.559670, 126.904530)
12-04 01:26:52.744 17876 17931 I TaskService: Finished task 'background-location-task' with eventId '8504ce91-72db-44ee-aa4b-96f0709c91c6'.
12-04 01:26:52.912 17876 17876 D SensorService: Steps: +1 (total: 3551)
12-04 01:26:53.385 17876 17876 D SensorService: Steps: +1 (total: 3552)
12-04 01:26:53.945 17876 17876 D SensorService: Steps: +1 (total: 3553)
12-04 01:26:59.152 17876 17876 D SensorService: Steps: +10 (total: 3563)
12-04 01:26:59.312 17876 17876 D SensorService: Steps: +1 (total: 3564)
12-04 01:26:59.793 17876 17876 D SensorService: Steps: +1 (total: 3565)
12-04 01:27:00.247 17876 17876 D SensorService: Location availability: false
12-04 01:27:00.251 17876 17876 I TaskService: Handling intent with task name 'background-location-task' and app scoping identifier 'com.pacetry.app'.
12-04 01:27:00.271 17876 17876 D SensorService: Steps: +1 (total: 3566)
12-04 01:27:00.825 17876 17876 D SensorService: Steps: +1 (total: 3567)
12-04 01:27:34.590 17876 17876 D SensorService: Steps: +67 (total: 3634)
12-04 01:27:34.790 17876 17876 I VRI[MainActivity]@b22df93: onDisplayChanged oldDisplayState=1 newDisplayState=1
12-04 01:27:34.818 17876 17876 I VRI[MainActivity]@b22df93: onDisplayChanged oldDisplayState=1 newDisplayState=3
12-04 01:27:34.822 17876 17876 D SensorService: Steps: +1 (total: 3635)
12-04 01:27:35.298 17876 17876 I VRI[MainActivity]@b22df93: handleAppVisibility mAppVisible = false visible = true
12-04 01:27:35.301 17876 17876 I VRI[MainActivity]@b22df93: stopped(false) old = true
12-04 01:27:35.301 17876 17876 D VRI[MainActivity]@b22df93: WindowStopped on com.pacetry.app/com.pacetry.app.MainActivity set to false
12-04 01:27:35.306 17876 17876 W unknown:BridgelessReact: ReactHost{0}.onHostResume(activity)
12-04 01:27:35.312 17876 17876 D SensorManager: registerListener :: 1, LSM6DSOTR Accelerometer, 66667, 0, 
12-04 01:27:35.322 17876 17876 W unknown:BridgelessReact: ReactContext.onHostResume()
12-04 01:27:35.344 17876 27576 W unknown:ReconnectingWebSocket: Couldn't connect to "ws://localhost:8081/message?device=SM-A346N%20-%2015%20-%20API%2035&app=com.pacetry.app&clientid=BridgelessDevSupportManager", will silently retry
12-04 01:27:35.358 17876 17876 D SensorManager: registerListener :: 1, LSM6DSOTR Accelerometer, 0, 0, 
12-04 01:27:35.360 17876 17876 D SensorManager: registerListener :: 19, Step Counter, 0, 0, 
12-04 01:27:35.368 17876 17926 I ReactNativeJS: ?벑 ???곹깭 蹂寃? background ??active
12-04 01:27:35.370 17876 17926 I ReactNativeJS: ?벑 ?ㅼ씠?곕툕 ?쇱꽌: 嫄몄쓬 68, 媛?띾룄 11.33
12-04 01:27:35.370 17876 17926 I ReactNativeJS: ?뱧 諛깃렇?쇱슫???꾩튂 59媛?泥섎━ ?쒖옉
12-04 01:27:35.370 17876 17926 I ReactNativeJS: ?몿 諛깃렇?쇱슫??嫄몄쓬 媛먯?: 68嫄몄쓬 ??walking
12-04 01:27:35.370 17876 17926 I ReactNativeJS: ?몿 諛깃렇?쇱슫??嫄몄쓬 媛먯?: 68嫄몄쓬 ??walking
12-04 01:27:35.370 17876 17926 I ReactNativeJS: ?몿 諛깃렇?쇱슫??嫄몄쓬 媛먯?: 68嫄몄쓬 ??walking
12-04 01:27:35.370 17876 17926 I ReactNativeJS: ?몿 諛깃렇?쇱슫??嫄몄쓬 媛먯?: 68嫄몄쓬 ??walking
12-04 01:27:35.370 17876 17926 I ReactNativeJS: ?몿 諛깃렇?쇱슫??嫄몄쓬 媛먯?: 68嫄몄쓬 ??walking
12-04 01:27:35.370 17876 17926 I ReactNativeJS: ?몿 諛깃렇?쇱슫??嫄몄쓬 媛먯?: 68嫄몄쓬 ??walking
12-04 01:27:35.370 17876 17926 I ReactNativeJS: ?몿 諛깃렇?쇱슫??嫄몄쓬 媛먯?: 68嫄몄쓬 ??walking
12-04 01:27:35.370 17876 17926 I ReactNativeJS: ?몿 諛깃렇?쇱슫??嫄몄쓬 媛먯?: 68嫄몄쓬 ??walking
12-04 01:27:35.370 17876 17926 I ReactNativeJS: ?몿 諛깃렇?쇱슫??嫄몄쓬 媛먯?: 68嫄몄쓬 ??walking
12-04 01:27:35.370 17876 17926 I ReactNativeJS: ?몿 諛깃렇?쇱슫??嫄몄쓬 媛먯?: 68嫄몄쓬 ??walking
12-04 01:27:35.370 17876 17926 I ReactNativeJS: ?몿 諛깃렇?쇱슫??嫄몄쓬 媛먯?: 68嫄몄쓬 ??walking
12-04 01:27:35.370 17876 17926 I ReactNativeJS: ?몿 諛깃렇?쇱슫??嫄몄쓬 媛먯?: 68嫄몄쓬 ??walking
12-04 01:27:35.370 17876 17926 I ReactNativeJS: ?몿 諛깃렇?쇱슫??嫄몄쓬 媛먯?: 68嫄몄쓬 ??walking
12-04 01:27:35.370 17876 17926 I ReactNativeJS: ?몿 諛깃렇?쇱슫??嫄몄쓬 媛먯?: 68嫄몄쓬 ??walking
12-04 01:27:35.370 17876 17926 I ReactNativeJS: ?몿 諛깃렇?쇱슫??嫄몄쓬 媛먯?: 68嫄몄쓬 ??walking
12-04 01:27:35.370 17876 17926 I ReactNativeJS: ?몿 諛깃렇?쇱슫??嫄몄쓬 媛먯?: 68嫄몄쓬 ??walking
12-04 01:27:35.370 17876 17926 I ReactNativeJS: ?몿 諛깃렇?쇱슫??嫄몄쓬 媛먯?: 68嫄몄쓬 ??walking
12-04 01:27:35.370 17876 17926 I ReactNativeJS: ?몿 諛깃렇?쇱슫??嫄몄쓬 媛먯?: 68嫄몄쓬 ??walking
12-04 01:27:35.370 17876 17926 I ReactNativeJS: ?몿 諛깃렇?쇱슫??嫄몄쓬 媛먯?: 68嫄몄쓬 ??walking
12-04 01:27:35.370 17876 17926 I ReactNativeJS: ?몿 諛깃렇?쇱슫??嫄몄쓬 媛먯?: 68嫄몄쓬 ??walking
12-04 01:27:35.370 17876 17926 I ReactNativeJS: ?몿 諛깃렇?쇱슫??嫄몄쓬 媛먯?: 68嫄몄쓬 ??walking
12-04 01:27:35.370 17876 17926 I ReactNativeJS: ?몿 諛깃렇?쇱슫??嫄몄쓬 媛먯?: 68嫄몄쓬 ??walking
12-04 01:27:35.371 17876 17926 I ReactNativeJS: ?몿 諛깃렇?쇱슫??嫄몄쓬 媛먯?: 68嫄몄쓬 ??walking
12-04 01:27:35.371 17876 17926 I ReactNativeJS: ?몿 諛깃렇?쇱슫??嫄몄쓬 媛먯?: 68嫄몄쓬 ??walking
12-04 01:27:35.371 17876 17926 I ReactNativeJS: ?몿 諛깃렇?쇱슫??嫄몄쓬 媛먯?: 68嫄몄쓬 ??walking
12-04 01:27:35.371 17876 17926 I ReactNativeJS: ?몿 諛깃렇?쇱슫??嫄몄쓬 媛먯?: 68嫄몄쓬 ??walking
12-04 01:27:35.371 17876 17926 I ReactNativeJS: ?몿 諛깃렇?쇱슫??嫄몄쓬 媛먯?: 68嫄몄쓬 ??walking
12-04 01:27:35.371 17876 17926 I ReactNativeJS: ?몿 諛깃렇?쇱슫??嫄몄쓬 媛먯?: 68嫄몄쓬 ??walking
12-04 01:27:35.371 17876 17926 I ReactNativeJS: ?몿 諛깃렇?쇱슫??嫄몄쓬 媛먯?: 68嫄몄쓬 ??walking
12-04 01:27:35.371 17876 17926 I ReactNativeJS: ?몿 諛깃렇?쇱슫??嫄몄쓬 媛먯?: 68嫄몄쓬 ??walking
12-04 01:27:35.371 17876 17926 I ReactNativeJS: ?몿 諛깃렇?쇱슫??嫄몄쓬 媛먯?: 68嫄몄쓬 ??walking
12-04 01:27:35.371 17876 17926 I ReactNativeJS: ?몿 諛깃렇?쇱슫??嫄몄쓬 媛먯?: 68嫄몄쓬 ??walking
12-04 01:27:35.371 17876 17926 I ReactNativeJS: ?몿 諛깃렇?쇱슫??嫄몄쓬 媛먯?: 68嫄몄쓬 ??walking
12-04 01:27:35.371 17876 17926 I ReactNativeJS: ?몿 諛깃렇?쇱슫??嫄몄쓬 媛먯?: 68嫄몄쓬 ??walking
12-04 01:27:35.371 17876 17926 I ReactNativeJS: ?몿 諛깃렇?쇱슫??嫄몄쓬 媛먯?: 68嫄몄쓬 ??walking
12-04 01:27:35.371 17876 17926 I ReactNativeJS: ?몿 諛깃렇?쇱슫??嫄몄쓬 媛먯?: 68嫄몄쓬 ??walking
12-04 01:27:35.371 17876 17926 I ReactNativeJS: ?몿 諛깃렇?쇱슫??嫄몄쓬 媛먯?: 68嫄몄쓬 ??walking
12-04 01:27:35.371 17876 17926 I ReactNativeJS: ?몿 諛깃렇?쇱슫??嫄몄쓬 媛먯?: 68嫄몄쓬 ??walking
12-04 01:27:35.371 17876 17926 I ReactNativeJS: ?몿 諛깃렇?쇱슫??嫄몄쓬 媛먯?: 68嫄몄쓬 ??walking
12-04 01:27:35.371 17876 17926 I ReactNativeJS: ?몿 諛깃렇?쇱슫??嫄몄쓬 媛먯?: 68嫄몄쓬 ??walking
12-04 01:27:35.371 17876 17926 I ReactNativeJS: ?몿 諛깃렇?쇱슫??嫄몄쓬 媛먯?: 68嫄몄쓬 ??walking
12-04 01:27:35.371 17876 17926 I ReactNativeJS: ?몿 諛깃렇?쇱슫??嫄몄쓬 媛먯?: 68嫄몄쓬 ??walking
12-04 01:27:35.371 17876 17926 I ReactNativeJS: ?몿 諛깃렇?쇱슫??嫄몄쓬 媛먯?: 68嫄몄쓬 ??walking
12-04 01:27:35.371 17876 17926 I ReactNativeJS: ?몿 諛깃렇?쇱슫??嫄몄쓬 媛먯?: 68嫄몄쓬 ??walking
12-04 01:27:35.371 17876 17926 I ReactNativeJS: ?몿 諛깃렇?쇱슫??嫄몄쓬 媛먯?: 68嫄몄쓬 ??walking
12-04 01:27:35.371 17876 17926 I ReactNativeJS: ?몿 諛깃렇?쇱슫??嫄몄쓬 媛먯?: 68嫄몄쓬 ??walking
12-04 01:27:35.371 17876 17926 I ReactNativeJS: ?몿 諛깃렇?쇱슫??嫄몄쓬 媛먯?: 68嫄몄쓬 ??walking
12-04 01:27:35.371 17876 17926 I ReactNativeJS: ?몿 諛깃렇?쇱슫??嫄몄쓬 媛먯?: 68嫄몄쓬 ??walking
12-04 01:27:35.371 17876 17926 I ReactNativeJS: ?몿 諛깃렇?쇱슫??嫄몄쓬 媛먯?: 68嫄몄쓬 ??walking
12-04 01:27:35.371 17876 17926 I ReactNativeJS: ?몿 諛깃렇?쇱슫??嫄몄쓬 媛먯?: 68嫄몄쓬 ??walking
12-04 01:27:35.371 17876 17926 I ReactNativeJS: ?몿 諛깃렇?쇱슫??嫄몄쓬 媛먯?: 68嫄몄쓬 ??walking
12-04 01:27:35.371 17876 17926 I ReactNativeJS: ?몿 諛깃렇?쇱슫??嫄몄쓬 媛먯?: 68嫄몄쓬 ??walking
12-04 01:27:35.371 17876 17926 I ReactNativeJS: ?몿 諛깃렇?쇱슫??嫄몄쓬 媛먯?: 68嫄몄쓬 ??walking
