--------- beginning of main
12-04 01:19:45.501 17876 17876 I View    : setRequestedFrameRate frameRate=-4.0, this=com.reactnativecommunity.webview.RNCWebView{75a237b VFEDHVC.. ........ 0,0-1080,2067 aid=1073741873}, caller=WV.hf.b:1 WV.jg.h:118 WV.jg.onDraw:7 com.android.webview.chromium.WebViewChromium.onDraw:19 android.webkit.WebView.onDraw:2959 
12-04 01:19:46.072 17876 17926 I ReactNativeJS: ?몿 Pedometer: 理쒓렐 5珥덇컙 8嫄몄쓬 ??walking ?뺤젙
12-04 01:19:46.072 17876 17926 I ReactNativeJS: ?뱤 GPS: 4.66 km/h ??walking
12-04 01:19:46.077 17876 17876 I TaskService: Handling intent with task name 'background-location-task' and app scoping identifier 'com.pacetry.app'.
12-04 01:19:46.079 17876 17876 W JobInfo : Job 'com.pacetry.app/expo.modules.taskManager.TaskJobService#0' has a deadline with no functional constraints. The deadline won't improve job execution latency. Consider removing the deadline.
12-04 01:19:46.090 17876 17876 I TaskService: Handling job with task name 'background-location-task' for app with scoping identifier 'com.pacetry.app'.
12-04 01:19:46.091 17876 17926 I ReactNativeJS: ?뱧 諛깃렇?쇱슫???꾩튂 ?섏쭛?? 1媛? 珥? 176媛?
12-04 01:19:46.091 17876 17926 I ReactNativeJS:    ?붴? 理쒖떊: (37.557729, 126.908452)
12-04 01:19:46.092 17876 17931 I TaskService: Finished task 'background-location-task' with eventId 'e7099638-1514-481c-93d5-47202b585bb9'.
12-04 01:19:46.304 17876 17926 I ReactNativeJS: ?몿 嫄몄쓬 媛먯?: +1 (珥?749)
12-04 01:19:46.309 17876 17876 D SensorService: Steps: +1 (total: 2865)
12-04 01:19:46.939 17876 17926 I ReactNativeJS: ?몿 嫄몄쓬 媛먯?: +1 (珥?750)
12-04 01:19:46.941 17876 17876 D SensorService: Steps: +1 (total: 2866)
12-04 01:19:47.066 17876 17926 I ReactNativeJS: ?몿 Pedometer: 理쒓렐 5珥덇컙 9嫄몄쓬 ??walking ?뺤젙
12-04 01:19:47.066 17876 17926 I ReactNativeJS: ?뱤 GPS: 4.63 km/h ??walking
12-04 01:19:47.068 17876 17876 I TaskService: Handling intent with task name 'background-location-task' and app scoping identifier 'com.pacetry.app'.
12-04 01:19:47.070 17876 17876 W JobInfo : Job 'com.pacetry.app/expo.modules.taskManager.TaskJobService#0' has a deadline with no functional constraints. The deadline won't improve job execution latency. Consider removing the deadline.
12-04 01:19:47.081 17876 17876 I TaskService: Handling job with task name 'background-location-task' for app with scoping identifier 'com.pacetry.app'.
12-04 01:19:47.099 17876 17927 W unknown:ReactNative: StatusBarModule: Ignored status bar change, current activity is edge-to-edge.
12-04 01:19:47.099 17876 17927 W unknown:ReactNative: StatusBarModule: Ignored status bar change, current activity is edge-to-edge.
12-04 01:19:47.100 17876 17926 I ReactNativeJS: ?뱧 諛깃렇?쇱슫???꾩튂 ?섏쭛?? 1媛? 珥? 177媛?
12-04 01:19:47.100 17876 17926 I ReactNativeJS:    ?붴? 理쒖떊: (37.557715, 126.908469)
12-04 01:19:47.100 17876 17931 I TaskService: Finished task 'background-location-task' with eventId '994d11c4-f9e4-4a3b-9e83-c8a8f5eccfcb'.
12-04 01:19:47.145 17876 17876 I View    : setRequestedFrameRate frameRate=-4.0, this=com.reactnativecommunity.webview.RNCWebView{75a237b VFEDHVC.. ........ 0,0-1080,2067 aid=1073741873}, caller=WV.hf.b:1 WV.jg.h:118 WV.jg.onDraw:7 com.android.webview.chromium.WebViewChromium.onDraw:19 android.webkit.WebView.onDraw:2959 
12-04 01:19:47.417 17876 17926 I ReactNativeJS: ?몿 嫄몄쓬 媛먯?: +1 (珥?751)
12-04 01:19:47.420 17876 17876 D SensorService: Steps: +1 (total: 2867)
12-04 01:19:47.645 17876 17876 I VRI[MainActivity]@b22df93: ViewPostIme pointer 0
12-04 01:19:47.650 17876 17876 I VRI[MainActivity]@b22df93: call setFrameRateCategory for touch hint category=high hint, reason=touch, vri=VRI[MainActivity]@b22df93
12-04 01:19:47.735 17876 17876 I VRI[MainActivity]@b22df93: ViewPostIme pointer 1
12-04 01:19:47.747 17876 17926 I ReactNativeJS: ?뱤 援ш컙 醫낅즺: walking - 378珥? 1867.32m
12-04 01:19:47.748 17876 17926 I ReactNativeJS: ???吏곸엫 異붿쟻 醫낅즺
12-04 01:19:47.751 17876 17927 D SensorServiceModule: SensorService stopped
12-04 01:19:47.751 17876 17876 D SensorService: SensorService onDestroy
12-04 01:19:47.752 17876 17876 D SensorService: Segment finished: walking, 372861ms, 646.4099065065384m
12-04 01:19:47.752 17876 17931 D SensorManager: unregisterListener
12-04 01:19:47.752 17876 17926 I ReactNativeJS: ???ㅼ씠?곕툕 ?쇱꽌 ?쒕퉬??以묒?
12-04 01:19:47.754 17876 17931 D SensorManager: unregisterListener
12-04 01:19:47.756 17876 17926 I ReactNativeJS: ?벑 ?ㅼ씠?곕툕 ?쇱꽌: 嫄몄쓬 17, 媛?띾룄 10.11
12-04 01:19:47.756 17876 17926 I ReactNativeJS: ?뱧 諛깃렇?쇱슫???꾩튂 55媛?泥섎━ ?쒖옉
12-04 01:19:47.756 17876 17926 I ReactNativeJS: ??諛깃렇?쇱슫???꾩튂 泥섎━ ?꾨즺
12-04 01:19:47.757 17876 17926 I ReactNativeJS: ?뱩 [?ㅼ씠?곕툕] ?띾룄 怨꾩궛: TMap 嫄곕━ 583m / 嫄룰린?쒓컙 375珥?= 5.60 km/h
12-04 01:19:47.757 17876 17876 D SensorManager: unregisterListener
12-04 01:19:47.758 17876 17876 D SensorService: Location updates stopped
12-04 01:19:47.759 17876 17926 I ReactNativeJS: '?뱤 ?吏곸엫 異붿쟻 ?곗씠??', { activeWalkingTime: 375,
12-04 01:19:47.759 17876 17926 I ReactNativeJS:   pausedTime: 4,
12-04 01:19:47.759 17876 17926 I ReactNativeJS:   realSpeed: 1.55,
12-04 01:19:47.759 17876 17926 I ReactNativeJS:   pauseCount: 1,
12-04 01:19:47.759 17876 17926 I ReactNativeJS:   segments: 
12-04 01:19:47.759 17876 17926 I ReactNativeJS:    [ { start_time: '2025-12-03T16:13:29.003Z',
12-04 01:19:47.759 17876 17926 I ReactNativeJS:        end_time: '2025-12-03T16:13:31.154Z',
12-04 01:19:47.759 17876 17926 I ReactNativeJS:        distance_m: 0,
12-04 01:19:47.759 17876 17926 I ReactNativeJS:        duration_seconds: 2,
12-04 01:19:47.759 17876 17926 I ReactNativeJS:        avg_speed_ms: 0,
12-04 01:19:47.759 17876 17926 I ReactNativeJS:        status: 'walking' },
12-04 01:19:47.759 17876 17926 I ReactNativeJS:      { start_time: '2025-12-03T16:13:31.154Z',
12-04 01:19:47.759 17876 17926 I ReactNativeJS:        end_time: '2025-12-03T16:13:34.890Z',
12-04 01:19:47.759 17876 17926 I ReactNativeJS:        distance_m: 0,
12-04 01:19:47.759 17876 17926 I ReactNativeJS:        duration_seconds: 4,
12-04 01:19:47.759 17876 17926 I ReactNativeJS:        avg_speed_ms: 0,
12-04 01:19:47.759 17876 17926 I ReactNativeJS:        status: 'paused' },
12-04 01:19:47.759 17876 17926 I ReactNativeJS:      { start_time: '2025-12-03T16:13:34.890Z',
12-04 01:19:47.759 17876 17926 I ReactNativeJS:        end_time: '2025-12-03T16:19:47.751Z',
12-04 01:19:47.759 17876 17926 I ReactNativeJS:        distance_m: 646.41,
12-04 01:19:47.759 17876 17926 I ReactNativeJS:        duration_seconds: 373,
12-04 01:19:47.759 17876 17926 I ReactNativeJS:        avg_speed_ms: 1.73,
12-04 01:19:47.759 17876 17926 I ReactNativeJS:        status: 'walking' } ] }
12-04 01:19:47.777 17876 17926 I ReactNativeJS: '?뱤 Navigation Log:', { startTime: Thu Dec 04 2025 01:13:28 GMT+0900,
12-04 01:19:47.777 17876 17926 I ReactNativeJS:   endTime: Thu Dec 04 2025 01:19:47 GMT+0900,
12-04 01:19:47.777 17876 17926 I ReactNativeJS:   duration: 379.347,
12-04 01:19:47.777 17876 17926 I ReactNativeJS:   route: 
12-04 01:19:47.777 17876 17926 I ReactNativeJS:    { totalTime: 524,
12-04 01:19:47.777 17876 17926 I ReactNativeJS:      totalWalkTime: 524,
12-04 01:19:47.777 17876 17926 I ReactNativeJS:      totalWalkDistance: 583,
12-04 01:19:47.777 17876 17926 I ReactNativeJS:      walkRatio: 100,
12-04 01:19:47.777 17876 17926 I ReactNativeJS:      personalizedWalkTime: 382,
12-04 01:19:47.777 17876 17926 I ReactNativeJS:      slopeAnalysis: 
12-04 01:19:47.777 17876 17926 I ReactNativeJS:       { walk_legs_analysis: 
12-04 01:19:47.777 17876 17926 I ReactNativeJS:          [ { leg_index: 0,
12-04 01:19:47.777 17876 17926 I ReactNativeJS:              start_name: '留덊룷援?19',
12-04 01:19:47.777 17876 17926 I ReactNativeJS:              end_name: '?숇뙐',
12-04 01:19:47.777 17876 17926 I ReactNativeJS:              distance: 583,
12-04 01:19:47.777 17876 17926 I ReactNativeJS:              original_time: 524,
12-04 01:19:47.777 17876 17926 I ReactNativeJS:              slope_only_time: 518,
12-04 01:19:47.777 17876 17926 I ReactNativeJS:              adjusted_time: 382,
12-04 01:19:47.777 17876 17926 I ReactNativeJS:              time_dif: -142,
12-04 01:19:47.777 17876 17926 I ReactNativeJS:              user_speed_factor: 0.6955826086956522,
12-04 01:19:47.777 17876 17926 I ReactNativeJS:              slope_factor: 0.9927028178596201,
12-04 01:19:47.777 17876 17926 I ReactNativeJS:              weather_factor: 1.0568151136645694,
12-04 01:19:47.777 17876 17926 I ReactNativeJS:              final_factor: 0.7297380389268339,
12-04 01:19:47.777 17876 17926 I ReactNativeJS:              avg_slope: -0.21,
12-04 01:19:47.777 17876 17926 I ReactNativeJS:              max_slope: 0.24,
12-04 01:19:47.777 17876 17926 I ReactNativeJS:              min_slope: -16.21,
12-04 01:19:47.777 17876 17926 I ReactNativeJS:              segments: 
12-04 01:19:47.777 17876 17926 I ReactNativeJS:               [ { distance: 42.14,
12-04 01:19:47.777 17876 17926 I ReactNativeJS:                   elevation_start: 8.18,
12-04 01:19:47.777 17876 17926 I ReactNativeJS:                   elevation_end: 8.12,
12-04 01:19:47.777 17876 17926 I ReactNativeJS:                   elevation_dif: -0.06,
12-04 01:19:47.777 17876 17926 I ReactNativeJS:                   slope: -0.15,
12-04 01:19:47.777 17876 17926 I ReactNativeJS:                   is_uphill: false,
12-04 01:19:47.777 17876 17926 I ReactNativeJS:                   speed_factor: 1.013,
12-04 01:19:47.777 17876 17926 I ReactNativeJS:                   time: 37.4,
12-04 01:19:47.777 17876 17926 I ReactNativeJS:                   coords_start: { lat: 37.556021229244394, lon: 126.9035531500168 } },
12-04 01:19:47.777 17876 17926 I ReactNativeJS:                 { distance: 29.12,
12-04 01:19:47.777 17876 17926 I ReactNativeJS:                   elevation_start: 8.12,
12-04 01:19:47.777 17876 17926 I ReactNativeJS:                   elevation_end: 8.13,
12-04 01:19:47.777 17876 17926 I ReactNativeJS:                   elevation_dif: 0.01,
12-04 01:19:47.777 17876 17926 I ReactNativeJS:                   slope: 0.03,
12-04 01:19:47.777 17876 17926 I ReactNativeJS:                   is_uphill: true,
12-04 01:19:47.777 17876 17926 I ReactNativeJS:                   speed_factor: 1.006,
12-04 01:19:47.777 17876 17926 I ReactNativeJS:                   time: 26,
12-04 01:19:47.777 17876 17926 I ReactNativeJS:                   coords_start: { lat: 37.55612122585891, lon: 126.90401421627148 } },
12-04 01:19:47.777 17876 17926 I ReactNativeJS:                 { distance: 11.92,
12-04 01:19:47.777 17876 17926 I ReactNativeJS:                   elevation_start: 8.13,
12-04 01:19:47.777 17876 17926 I ReactNativeJS:                   elevation_end: 8.15,
12-04 01:19:47.777 17876 17926 I ReactNativeJS:                   elevation_dif: 0.02,
12-04 01:19:47.777 17876 17926 I ReactNativeJS:                   slope: 0.15,
12-04 01:19:47.777 17876 17926 I ReactNativeJS:                   is_uphill: true,
12-04 01:19:47.777 17876 17926 I ReactNativeJS:                   speed_factor: 1.002,
12-04 01:19:47.777 17876 17926 I ReactNativeJS:                   time: 10.7,
12-04 01:19:47.777 17876 17926 I ReactNativeJS:                   coords_start: { lat: 37.556187890483876, lon: 126.90433362971432 } },
12-04 01:19:47.777 17876 17926 I ReactNativeJS:                 { distance: 21.54,
12-04 01:19:47.777 17876 17926 I ReactNativeJS:                   elevation_start: 8.15,
12-04 01:19:47.777 17876 17926 I ReactNativeJS:                   elevation_end: 8.2,
12-04 01:19:47.777 17876 17926 I ReactNativeJS:                   elevation_dif: 0.05,
12-04 01:19:47.777 17876 17926 I ReactNativeJS:                   slope: 0.23,
12-04 01:19:47.777 17876 17926 I ReactNativeJS:                   is_uphill: true,
12-04 01:19:47.777 17876 17926 I ReactNativeJS:                   speed_factor: 0.999,
12-04 01:19:47.777 17876 17926 I ReactNativeJS:                   time: 19.4,
12-04 01:19:47.777 17876 17926 I ReactNativeJS:                   coords_start: { lat: 37.55621566736545, lon: 126.90446417258467 } },
12-04 01:19:47.777 17876 17926 I ReactNativeJS:                 { distance: 97.56,
12-04 01:19:47.777 17876 17926 I ReactNativeJS:                   elevation_start: 8.2,
12-04 01:19:47.777 17876 17926 I ReactNativeJS:                   elevation_end: 8.2,
12-04 01:19:47.777 17876 17926 I ReactNativeJS:                   elevation_dif: 0,
12-04 01:19:47.777 17876 17926 I ReactNativeJS:                   slope: 0,
12-04 01:19:47.777 17876 17926 I ReactNativeJS:                   is_uphill: false,
12-04 01:19:47.777 17876 17926 I ReactNativeJS:                   speed_factor: 1.007,
12-04 01:19:47.777 17876 17926 I ReactNativeJS:                   time: 87.1,
12-04 01:19:47.777 17876 17926 I ReactNativeJS:                   coords_start: { lat: 37.55626566577219, lon: 126.9047002607611 } },
12-04 01:19:47.777 17876 17926 I ReactNativeJS:                 { distance: 3.24,
12-04 01:19:47.777 17876 17926 I ReactNativeJS:                   elevation_start: 8.2,
12-04 01:19:47.777 17876 17926 I ReactNativeJS:                   elevation_end: 7.67,
12-04 01:19:47.777 17876 17926 I ReactNativeJS:                   elevation_dif: -0.53,
12-04 01:19:47.777 17876 17926 I ReactNativeJS:                   slope: -16.21,
12-04 01:19:47.777 17876 17926 I ReactNativeJS:                   is_uphill: false,
12-04 01:19:47.777 17876 17926 I ReactNativeJS:                   speed_factor: 0.811,
12-04 01:19:47.777 17876 17926 I ReactNativeJS:                   time: 3.6,
12-04 01:19:47.777 17876 17926 I ReactNativeJS:                   coords_start: { lat: 37.557115562014, lon: 126.90442526185637 } },
12-04 01:19:47.777 17876 17926 I ReactNativeJS:                 { distance: 10.04,
12-04 01:19:47.777 17876 17926 I ReactNativeJS:                   elevation_start: 7.67,
12-04 01:19:47.777 17876 17926 I ReactNativeJS:                   elevation_end: 7.65,
12-04 01:19:47.777 17876 17926 I ReactNativeJS:                   elevation_dif: -0.02,
12-04 01:19:47.777 17876 17926 I ReactNativeJS:                   slope: -0.23,
12-04 01:19:47.777 17876 17926 I ReactNativeJS:                   is_uphill: false,
12-04 01:19:47.777 17876 17926 I ReactNativeJS:                   speed_factor: 1.015,
12-04 01:19:47.777 17876 17926 I ReactNativeJS:                   time: 8.9,
12-04 01:19:47.777 17876 17926 I ReactNativeJS:                   coords_start: { lat: 37.55714333636299, lon: 126.9044141509747 } },
12-04 01:19:47.777 17876 17926 I ReactNativeJS:                 { distance: 15.87,
12-04 01:19:47.777 17876 17926 I ReactNativeJS:                   elevation_start: 7.65,
12-04 01:19:47.777 17876 17926 I ReactNativeJS:                   elevation_end: 7.63,
12-04 01:19:47.777 17876 17926 I ReactNativeJS:                   elevation_dif: -0.02,
12-04 01:19:47.777 17876 17926 I ReactNativeJS:                   slope: -0.1,
12-04 01:19:47.777 17876 17926 I ReactNativeJS:                   is_uphill: false,
12-04 01:19:47.777 17876 17926 I ReactNativeJS:                   speed_factor: 1.011,
12-04 01:19:47.777 17876 17926 I ReactNativeJS:                   time: 14.1,
12-04 01:19:47.777 17876 17926 I ReactNativeJS:                   coords_start: { lat: 37.55717111284732, lon: 126.9045224736485 } },
12-04 01:19:47.777 17876 17926 I ReactNativeJS:                 { distance: 10.1,
12-04 01:19:47.777 17876 17926 I ReactNativeJS:                   elevation_start: 7.63,
12-04 01:19:47.777 17876 17926 I ReactNativeJS:                   elevation_end: 7.63,
12-04 01:19:47.778 17876 17926 I ReactNativeJS:                   elevation_dif: 0,
12-04 01:19:47.778 17876 17926 I ReactNativeJS:                   slope: 0,
12-04 01:19:47.778 17876 17926 I ReactNativeJS:                   is_uphill: false,
12-04 01:19:47.778 17876 17926 I ReactNativeJS:                   speed_factor: 1.007,
12-04 01:19:47.778 17876 17926 I ReactNativeJS:                   time: 9,
12-04 01:19:47.778 17876 17926 I ReactNativeJS:                   coords_start: { lat: 37.55720444543301, lon: 126.9046974567547 } },
12-04 01:19:47.778 17876 17926 I ReactNativeJS:                 { distance: 22.01,
12-04 01:19:47.778 17876 17926 I ReactNativeJS:                   elevation_start: 7.63,
12-04 01:19:47.778 17876 17926 I ReactNativeJS:                   elevation_end: 7.63,
12-04 01:19:47.778 17876 17926 I ReactNativeJS:                   elevation_dif: 0,
12-04 01:19:47.778 17876 17926 I ReactNativeJS:                   slope: -0.01,
12-04 01:19:47.778 17876 17926 I ReactNativeJS:                   is_uphill: false,
12-04 01:19:47.778 17876 17926 I ReactNativeJS:                   speed_factor: 1.008,
12-04 01:19:47.778 17876 17926 I ReactNativeJS:                   time: 19.6,
12-04 01:19:47.778 17876 17926 I ReactNativeJS:                   coords_start: { lat: 37.55722666705749, lon: 126.90480855710975 } } ],
12-04 01:19:47.778 17876 17926 I ReactNativeJS:              data_quality: { is_valid: true, warnings: [], extreme_count: 0 } } ],
12-04 01:19:47.778 17876 17926 I ReactNativeJS:         total_original_walk_time: 524,
12-04 01:19:47.778 17876 17926 I ReactNativeJS:         total_adjusted_walk_time: 382,
12-04 01:19:47.778 17876 17926 I ReactNativeJS:         total_route_time_adjustment: -142,
12-04 01:19:47.778 17876 17926 I ReactNativeJS:         crosswalk_count: 1,
12-04 01:19:47.778 17876 17926 I ReactNativeJS:         crosswalk_wait_time: 133,
12-04 01:19:47.778 17876 17926 I ReactNativeJS:         total_time_with_crosswalk: 515,
12-04 01:19:47.778 17876 17926 I ReactNativeJS:         factors: 
12-04 01:19:47.778 17876 17926 I ReactNativeJS:          { user_speed_factor: 0.6955826086956522,
12-04 01:19:47.778 17876 17926 I ReactNativeJS:            slope_factor: 0.9927028178596201,
12-04 01:19:47.778 17876 17926 I ReactNativeJS:            weather_factor: 1.0568151136645694,
12-04 01:19:47.778 17876 17926 I ReactNativeJS:            final_factor: 0.7297380389268339 },
12-04 01:19:47.778 17876 17926 I ReactNativeJS:         user_speed_mps: 1.597222222222222,
12-04 01:19:47.778 17876 17926 I ReactNativeJS:         weather_applied: true,
12-04 01:19:47.778 17876 17926 I ReactNativeJS:         sampled_coords_count: 33,
12-04 01:19:47.778 17876 17926 I ReactNativeJS:         original_coords_count: 33,
12-04 01:19:47.778 17876 17926 I ReactNativeJS:         data_quality: 
12-04 01:19:47.778 17876 17926 I ReactNativeJS:          { overall_valid: true,
12-04 01:19:47.778 17876 17926 I ReactNativeJS:            total_warnings: 0,
12-04 01:19:47.778 17876 17926 I ReactNativeJS:            extreme_segments: 0,
12-04 01:19:47.778 17876 17926 I ReactNativeJS:            warnings: [] } },
12-04 01:19:47.778 17876 17926 I ReactNativeJS:      rawItinerary: 
12-04 01:19:47.778 17876 17926 I ReactNativeJS:       { legs: 
12-04 01:19:47.778 17876 17926 I ReactNativeJS:          [ { mode: 'WALK',
12-04 01:19:47.778 17876 17926 I ReactNativeJS:              sectionTime: 524,
12-04 01:19:47.778 17876 17926 I ReactNativeJS:              distance: 583,
12-04 01:19:47.778 17876 17926 I ReactNativeJS:              start: { lat: 37.5560336, lon: 126.9035523, name: '留덊룷援?19' },
12-04 01:19:47.778 17876 17926 I ReactNativeJS:              end: { lat: 37.5576391503675, lon: 126.908364252684, name: '?숇뙐' },
12-04 01:19:47.778 17876 17926 I ReactNativeJS:              steps: 
12-04 01:19:47.778 17876 17926 I ReactNativeJS:               [ { linestring: '126.9035531500168,37.556021229244394 126.90401421627148,37.55612122585891 126.90433362971432,37.556187890483876 126.90443361997131,37.55621011190968 126.90446417258467,37.55621566736545 126.9047002607611,37.55626566577219',
12-04 01:19:47.778 17876 17926 I ReactNativeJS:                   distance: 105,
12-04 01:19:47.778 17876 17926 I ReactNativeJS:                   description: ', 105m',
12-04 01:19:47.778 17876 17926 I ReactNativeJS:                   roadName: '',
12-04 01:19:47.778 17876 17926 I ReactNativeJS:                   turnType: null },
12-04 01:19:47.778 17876 17926 I ReactNativeJS:                 { linestring: '126.9047002607611,37.55626566577219 126.90442526185637,37.557115562014 126.9044141509747,37.55714333636299',
12-04 01:19:47.778 17876 17926 I ReactNativeJS:                   distance: 101,
12-04 01:19:47.778 17876 17926 I ReactNativeJS:                   description: '?꾨뱶誘몄뿉??醫뚰쉶?????ъ?濡쒕? ?곕씪 101m ?대룞',
12-04 01:19:47.778 17876 17926 I ReactNativeJS:                   roadName: '?ъ?濡?,
12-04 01:19:47.778 17876 17926 I ReactNativeJS:                   turnType: null },
12-04 01:19:47.778 17876 17926 I ReactNativeJS:                 [TOO BIG formatValueCalls 201 exceeded limit of 200],
12-04 01:19:47.778 17876 17926 I ReactNativeJS:                 [TOO BIG formatValueCalls 202 exceeded limit of 200],
12-04 01:19:47.778 17876 17926 I ReactNativeJS:                 [TOO BIG formatValueCalls 203 exceeded limit of 200],
12-04 01:19:47.778 17876 17926 I ReactNativeJS:                 [TOO BIG formatValueCalls 204 exceeded limit of 200] ] } ],
12-04 01:19:47.778 17876 17926 I ReactNativeJS:         totalTime: [TOO BIG formatValueCalls 205 exceeded limit of 200],
12-04 01:19:47.778 17876 17926 I ReactNativeJS:         totalWalkTime: [TOO BIG formatValueCalls 206 exceeded limit of 200],
12-04 01:19:47.778 17876 17926 I ReactNativeJS:         totalDistance: [TOO BIG formatValueCalls 207 exceeded limit of 200],
12-04 01:19:47.778 17876 17926 I ReactNativeJS:         totalWalkDistance: [TOO BIG formatValueCalls 208 exceeded limit of 200] },
12-04 01:19:47.778 17876 17926 I ReactNativeJS:      totalDistance: [TOO BIG formatValueCalls 209 exceeded limit of 200],
12-04 01:19:47.778 17876 17926 I ReactNativeJS:      legs: [TOO BIG formatValueCalls 210 exceeded limit of 200] },
12-04 01:19:47.778 17876 17926 I ReactNativeJS:   startLocation: [TOO BIG formatValueCalls 211 exceeded limit of 200],
12-04 01:19:47.778 17876 17926 I ReactNativeJS:   endLocation: [TOO BIG formatValueCalls 212 exceeded limit of 200],
12-04 01:19:47.778 17876 17926 I ReactNativeJS:   routeMode: [TOO BIG formatValueCalls 213 exceeded limit of 200],
12-04 01:19:47.778 17876 17926 I ReactNativeJS:   trackingData: [TOO BIG formatValueCalls 214 exceeded limit of 200] }
12-04 01:19:47.778 17876 17926 I ReactNativeJS: '?뿺截?醫뚰몴 異붿텧:', { startLat: 37.5560336,
12-04 01:19:47.778 17876 17926 I ReactNativeJS:   startLon: 126.9035523,
12-04 01:19:47.778 17876 17926 I ReactNativeJS:   endLat: 37.5576391503675,
12-04 01:19:47.778 17876 17926 I ReactNativeJS:   endLon: 126.908364252684 }
12-04 01:19:47.779 17876 17926 I ReactNativeJS: '?뙟截?Weather save 議곌굔 泥댄겕:', { hasWeatherData: true,
12-04 01:19:47.779 17876 17926 I ReactNativeJS:   weatherData: { temp_c: -8, pty: 0, rain_mm_per_h: 0, snow_cm_per_h: 0 },
12-04 01:19:47.779 17876 17926 I ReactNativeJS:   startLat: 37.5560336,
12-04 01:19:47.779 17876 17926 I ReactNativeJS:   startLon: 126.9035523,
12-04 01:19:47.779 17876 17926 I ReactNativeJS:   willSave: true }
12-04 01:19:47.782 17876 17926 I ReactNativeJS: '[?ㅼ쟾 1:19:47] ??API already initialized (cached):', 'http://3.36.70.73:8000'
12-04 01:19:47.783 17876 17926 I ReactNativeJS: '[navLog] Weather save request:', { url: 'http://3.36.70.73:8000/api/weather/save',
12-04 01:19:47.783 17876 17926 I ReactNativeJS:   data: 
12-04 01:19:47.783 17876 17926 I ReactNativeJS:    { latitude: 37.5560336,
12-04 01:19:47.783 17876 17926 I ReactNativeJS:      longitude: 126.9035523,
12-04 01:19:47.783 17876 17926 I ReactNativeJS:      temperature_celsius: -8,
12-04 01:19:47.783 17876 17926 I ReactNativeJS:      weather_condition: 'sunny',
12-04 01:19:47.783 17876 17926 I ReactNativeJS:      precipitation_mm: 0 } }
12-04 01:19:47.808 17876 17927 W unknown:ReactNative: StatusBarModule: Ignored status bar change, current activity is edge-to-edge.
12-04 01:19:47.809 17876 17927 W unknown:ReactNative: StatusBarModule: Ignored status bar change, current activity is edge-to-edge.
12-04 01:19:47.914 17876 17926 I ReactNativeJS: '[navLog] Weather save response status:', 500
12-04 01:19:47.920 17876 17926 E ReactNativeJS: '[navLog] Weather save response error:', { status: 500,
12-04 01:19:47.920 17876 17926 E ReactNativeJS:   error: 'Traceback (most recent call last):\n  File "/home/ubuntu/ptRepo/backend/fastapi-env/lib/python3.13/site-packages/sqlalchemy/engine/base.py", line 1967, in _exec_single_context\n    self.dialect.do_execute(\n    ~~~~~~~~~~~~~~~~~~~~~~~^\n        cursor, str_statement, effective_parameters, context\n        ^^^^^^^^^^^^^^^^^^^^^^^^^^^^^^^^^^^^^^^^^^^^^^^^^^^^\n    )\n    ^\n  File "/home/ubuntu/ptRepo/backend/fastapi-env/lib/python3.13/site-packages/sqlalchemy/engine/default.py", line 951, in do_execute\n    cursor.execute(statement, parameters)\n    ~~~~~~~~~~~~~~^^^^^^^^^^^^^^^^^^^^^^^\npsycopg2.errors.UndefinedColumn: column "location_name" of relation "weather_cache" does not exist\nLINE 1: INSERT INTO weather_cache (latitude, longitude, location_nam...\n                                                        ^\n\n\nThe above exception was the direct cause of the following exception:\n\nTraceback (most recent call last):\n  File "/home/ubuntu/ptRepo/backend/fastapi-env/lib/python3.13/site-packages/starlette/middleware/errors.py", line 164, in __call__\n    await self.app(scope, receive, _send)\n  File "/home/ubuntu/ptRepo/backend/fastapi-env/lib/python3.13/site-packages/starlette/middleware/cors.py", line 85, in __call__\n    await self.app(scope, receive, send)\n  File "/home/ubuntu/ptRepo/backend/fastapi-env/lib/python3.13/site-packages/starlette/middleware/exceptions.py", line 63, in __call__\n    await wrap_app_handling_exceptions(self.app, conn)(scope, receive, send)\n  File "/home/ubuntu/ptRepo/backend/fastapi-env/lib/python3.13/site-packages/starlette/_exception_handler.py", line 53, in wrapped_app\n    raise exc\n  File "/home/ubuntu/ptRepo/backend/fastapi-env/lib/python3.13/site-packages/starlette/_exception_handler.py", line 42, in wrapped_app\n    await app(scope, receive, sender)\n  File "/home/ubuntu/ptRepo/backend/fastapi-env/lib/python3.13/site-packages/fastapi/middleware/asyncexitstack.py", line 18, in __call__\n    await self.app(scope, receive, send)\n  File "/home/ubuntu/ptRepo/backend/fastapi-env/lib/python3.13/site-packages/starlette/routing.py", line 716, in __call__\n    await self.middleware_stack(scope, receive, send)\n  File "/home/ubuntu/ptRepo/backend/fastapi-env/lib/python3.13/site-packages/starlette/routing.py", line 736, in app\n    await route.handle(scope, receive, send)\n  File "/home/ubuntu/ptRepo/backend/fastapi-env/lib/python3.13/site-packages/starlette/routing.py", line 290, in handle\n    await self.app(scope, receive, send)\n  File "/home/ubuntu/ptRepo/backend/fastapi-env/lib/python3.13/site-packages/fastapi/routing.py", line 125, in app\n    await wrap_app_handling_exceptions(app, request)(scope, receive, send)\n  File "/home/ubuntu/ptRepo/backend/fastapi-env/lib/python3.13/site-packages/starlette/_exception_handler.py", line 53, in wrapped_app\n    raise exc\n  File "/home/ubuntu/ptRepo/backend/fastapi-env/lib/python3.13/site-packages/starlette/_exception_handler.py", line 42, in wrapped_app\n    await app(scope, receive, sender)\n  File "/home/ubuntu/ptRepo/backend/fastapi-env/lib/python3.13/site-packages/fastapi/routing.py", line 111, in app\n    response = await f(request)\n               ^^^^^^^^^^^^^^^^\n  File "/home/ubuntu/ptRepo/backend/fastapi-env/lib/python3.13/site-packages/fastapi/routing.py", line 391, in app\n    raw_response = await run_endpoint_function(\n                   ^^^^^^^^^^^^^^^^^^^^^^^^^^^^\n    ...<3 lines>...\n    )\n    ^\n  File "/home/ubuntu/ptRepo/backend/fastapi-env/lib/python3.13/site-packages/fastapi/routing.py", line 290, in run_endpoint_function\n    return await dependant.call(**values)\n           ^^^^^^^^^^^^^^^^^^^^^^^^^^^^^^\n  File "/home/ubuntu/ptRepo/backend/app/routers/weather.py", line 578, in save_weather_data\n    weather_cache = crud.create_weather_cache(\n        db,\n    ...<6 lines>...\n        data_source="APP"\n    )\n  File "/home/ubuntu/ptRepo/backend/app/crud.py", line 81, in create_weather_cache\n    db.commit()\n    ~~~~~~~~~^^\n  File "/home/ubuntu/ptRepo/backend
12-04 01:19:47.924 17876 17926 I ReactNativeJS: '[navLog] save request', { endpoint: '/api/navigation/logs?user_id=25',
12-04 01:19:47.924 17876 17926 I ReactNativeJS:   logData: 
12-04 01:19:47.924 17876 17926 I ReactNativeJS:    { route_mode: 'walking',
12-04 01:19:47.924 17876 17926 I ReactNativeJS:      start_location: '留덊룷援?19',
12-04 01:19:47.924 17876 17926 I ReactNativeJS:      end_location: '?숇뙐',
12-04 01:19:47.924 17876 17926 I ReactNativeJS:      start_lat: 37.5560336,
12-04 01:19:47.924 17876 17926 I ReactNativeJS:      start_lon: 126.9035523,
12-04 01:19:47.924 17876 17926 I ReactNativeJS:      end_lat: 37.5576391503675,
12-04 01:19:47.924 17876 17926 I ReactNativeJS:      end_lon: 126.908364252684,
12-04 01:19:47.924 17876 17926 I ReactNativeJS:      total_distance_m: 583,
12-04 01:19:47.924 17876 17926 I ReactNativeJS:      walking_distance_m: 646.41,
12-04 01:19:47.924 17876 17926 I ReactNativeJS:      transport_modes: undefined,
12-04 01:19:47.924 17876 17926 I ReactNativeJS:      crosswalk_count: 1,
12-04 01:19:47.924 17876 17926 I ReactNativeJS:      user_speed_factor: 0.6955826086956522,
12-04 01:19:47.924 17876 17926 I ReactNativeJS:      slope_factor: 0.9927028178596201,
12-04 01:19:47.924 17876 17926 I ReactNativeJS:      weather_factor: 1.0568151136645694,
12-04 01:19:47.924 17876 17926 I ReactNativeJS:      estimated_time_seconds: 382,
12-04 01:19:47.924 17876 17926 I ReactNativeJS:      actual_time_seconds: 379,
12-04 01:19:47.924 17876 17926 I ReactNativeJS:      active_walking_time_seconds: 375,
12-04 01:19:47.924 17876 17926 I ReactNativeJS:      paused_time_seconds: 4,
12-04 01:19:47.924 17876 17926 I ReactNativeJS:      real_walking_speed_kmh: 5.58,
12-04 01:19:47.924 17876 17926 I ReactNativeJS:      pause_count: 1,
12-04 01:19:47.924 17876 17926 I ReactNativeJS:      movement_data: 
12-04 01:19:47.924 17876 17926 I ReactNativeJS:       { segments: 
12-04 01:19:47.924 17876 17926 I ReactNativeJS:          [ { start_time: '2025-12-03T16:13:29.003Z',
12-04 01:19:47.924 17876 17926 I ReactNativeJS:              end_time: '2025-12-03T16:13:31.154Z',
12-04 01:19:47.924 17876 17926 I ReactNativeJS:              distance_m: 0,
12-04 01:19:47.924 17876 17926 I ReactNativeJS:              duration_seconds: 2,
12-04 01:19:47.924 17876 17926 I ReactNativeJS:              avg_speed_ms: 0,
12-04 01:19:47.924 17876 17926 I ReactNativeJS:              status: 'walking' },
12-04 01:19:47.924 17876 17926 I ReactNativeJS:            { start_time: '2025-12-03T16:13:31.154Z',
12-04 01:19:47.924 17876 17926 I ReactNativeJS:              end_time: '2025-12-03T16:13:34.890Z',
12-04 01:19:47.924 17876 17926 I ReactNativeJS:              distance_m: 0,
12-04 01:19:47.924 17876 17926 I ReactNativeJS:              duration_seconds: 4,
12-04 01:19:47.924 17876 17926 I ReactNativeJS:              avg_speed_ms: 0,
12-04 01:19:47.924 17876 17926 I ReactNativeJS:              status: 'paused' },
12-04 01:19:47.924 17876 17926 I ReactNativeJS:            { start_time: '2025-12-03T16:13:34.890Z',
12-04 01:19:47.924 17876 17926 I ReactNativeJS:              end_time: '2025-12-03T16:19:47.751Z',
12-04 01:19:47.924 17876 17926 I ReactNativeJS:              distance_m: 646.41,
12-04 01:19:47.924 17876 17926 I ReactNativeJS:              duration_seconds: 373,
12-04 01:19:47.924 17876 17926 I ReactNativeJS:              avg_speed_ms: 1.73,
12-04 01:19:47.924 17876 17926 I ReactNativeJS:              status: 'walking' } ],
12-04 01:19:47.924 17876 17926 I ReactNativeJS:         detection_method: 'step_counter_hybrid',
12-04 01:19:47.924 17876 17926 I ReactNativeJS:         total_pauses: 1,
12-04 01:19:47.924 17876 17926 I ReactNativeJS:         crosswalk_pauses: 0 },
12-04 01:19:47.924 17876 17926 I ReactNativeJS:      weather_id: undefined,
12-04 01:19:47.924 17876 17926 I ReactNativeJS:      route_data: 
12-04 01:19:47.924 17876 17926 I ReactNativeJS:       { totalTime: 524,
12-04 01:19:47.924 17876 17926 I ReactNativeJS:         totalWalkTime: 524,
12-04 01:19:47.924 17876 17926 I ReactNativeJS:         totalWalkDistance: 583,
12-04 01:19:47.924 17876 17926 I ReactNativeJS:         walkRatio: 100,
12-04 01:19:47.924 17876 17926 I ReactNativeJS:         personalizedWalkTime: 382,
12-04 01:19:47.924 17876 17926 I ReactNativeJS:         slopeAnalysis: 
12-04 01:19:47.924 17876 17926 I ReactNativeJS:          { walk_legs_analysis: 
12-04 01:19:47.924 17876 17926 I ReactNativeJS:             [ { leg_index: 0,
12-04 01:19:47.924 17876 17926 I ReactNativeJS:                 start_name: '留덊룷援?19',
12-04 01:19:47.924 17876 17926 I ReactNativeJS:                 end_name: '?숇뙐',
12-04 01:19:47.924 17876 17926 I ReactNativeJS:                 distance: 583,
12-04 01:19:47.924 17876 17926 I ReactNativeJS:                 original_time: 524,
12-04 01:19:47.924 17876 17926 I ReactNativeJS:                 slope_only_time: 518,
12-04 01:19:47.924 17876 17926 I ReactNativeJS:                 adjusted_time: 382,
12-04 01:19:47.924 17876 17926 I ReactNativeJS:                 time_dif: -142,
12-04 01:19:47.924 17876 17926 I ReactNativeJS:                 user_speed_factor: 0.6955826086956522,
12-04 01:19:47.924 17876 17926 I ReactNativeJS:                 slope_factor: 0.9927028178596201,
12-04 01:19:47.924 17876 17926 I ReactNativeJS:                 weather_factor: 1.0568151136645694,
12-04 01:19:47.924 17876 17926 I ReactNativeJS:                 final_factor: 0.7297380389268339,
12-04 01:19:47.924 17876 17926 I ReactNativeJS:                 avg_slope: -0.21,
12-04 01:19:47.924 17876 17926 I ReactNativeJS:                 max_slope: 0.24,
12-04 01:19:47.924 17876 17926 I ReactNativeJS:                 min_slope: -16.21,
12-04 01:19:47.924 17876 17926 I ReactNativeJS:                 segments: 
12-04 01:19:47.924 17876 17926 I ReactNativeJS:                  [ { distance: 42.14,
12-04 01:19:47.924 17876 17926 I ReactNativeJS:                      elevation_start: 8.18,
12-04 01:19:47.924 17876 17926 I ReactNativeJS:                      elevation_end: 8.12,
12-04 01:19:47.924 17876 17926 I ReactNativeJS:                      elevation_dif: -0.06,
12-04 01:19:47.924 17876 17926 I ReactNativeJS:                      slope: -0.15,
12-04 01:19:47.924 17876 17926 I ReactNativeJS:                      is_uphill: false,
12-04 01:19:47.924 17876 17926 I ReactNativeJS:                      speed_factor: 1.013,
12-04 01:19:47.924 17876 17926 I ReactNativeJS:                      time: 37.4,
12-04 01:19:47.924 17876 17926 I ReactNativeJS:                      coords_start: { lat: 37.556021229244394, lon: 126.9035531500168 } },
12-04 01:19:47.924 17876 17926 I ReactNativeJS:                    { distance: 29.12,
12-04 01:19:47.924 17876 17926 I ReactNativeJS:                      elevation_start: 8.12,
12-04 01:19:47.924 17876 17926 I ReactNativeJS:                      elevation_end: 8.13,
12-04 01:19:47.924 17876 17926 I ReactNativeJS:                      elevation_dif: 0.01,
12-04 01:19:47.924 17876 17926 I ReactNativeJS:                      slope: 0.03,
12-04 01:19:47.924 17876 17926 I ReactNativeJS:                      is_uphill: true,
12-04 01:19:47.924 17876 17926 I ReactNativeJS:                      speed_factor: 1.006,
12-04 01:19:47.924 17876 17926 I ReactNativeJS:                      time: 26,
12-04 01:19:47.924 17876 17926 I ReactNativeJS:                      coords_start: { lat: 37.55612122585891, lon: 126.90401421627148 } },
12-04 01:19:47.924 17876 17926 I ReactNativeJS:                    { distance: 11.92,
12-04 01:19:47.924 17876 17926 I ReactNativeJS:                      elevation_start: 8.13,
12-04 01:19:47.924 17876 17926 I ReactNativeJS:                      elevation_end: 8.15,
12-04 01:19:47.924 17876 17926 I ReactNativeJS:                      elevation_dif: 0.02,
12-04 01:19:47.924 17876 17926 I ReactNativeJS:                      slope: 0.15,
12-04 01:19:47.924 17876 17926 I ReactNativeJS:                      is_uphill: true,
12-04 01:19:47.924 17876 17926 I ReactNativeJS:                      speed_factor: 1.002,
12-04 01:19:47.924 17876 17926 I ReactNativeJS:                      time: 10.7,
12-04 01:19:47.924 17876 17926 I ReactNativeJS:                      coords_start: { lat: 37.556187890483876, lon: 126.90433362971432 } },
12-04 01:19:47.924 17876 17926 I ReactNativeJS:                    { distance: 21.54,
12-04 01:19:47.924 17876 17926 I ReactNativeJS:                      elevation_start: 8.15,
12-04 01:19:47.924 17876 17926 I ReactNativeJS:                      elevation_end: 8.2,
12-04 01:19:47.924 17876 17926 I ReactNativeJS:                      elevation_dif: 0.05,
12-04 01:19:47.924 17876 17926 I ReactNativeJS:                      slope: 0.23,
12-04 01:19:47.924 17876 17926 I ReactNativeJS:                      is_uphill: true,
12-04 01:19:47.924 17876 17926 I ReactNativeJS:                      speed_factor: 0.999,
12-04 01:19:47.924 17876 17926 I ReactNativeJS:                      time: 19.4,
12-04 01:19:47.924 17876 17926 I ReactNativeJS:                      coords_start: { lat: 37.55621566736545, lon: 126.90446417258467 } },
12-04 01:19:47.924 17876 17926 I ReactNativeJS:                    { distance: 97.56,
12-04 01:19:47.924 17876 17926 I ReactNativeJS:                      elevation_start: 8.2,
12-04 01:19:47.924 17876 17926 I ReactNativeJS:                      elevation_end: 8.2,
12-04 01:19:47.924 17876 17926 I ReactNativeJS:                      elevation_dif: 0,
12-04 01:19:47.924 17876 17926 I ReactNativeJS:                      slope: 0,
12-04 01:19:47.924 17876 17926 I ReactNativeJS:                      is_uphill: false,
12-04 01:19:47.924 17876 17926 I ReactNativeJS:                      speed_factor: 1.007,
12-04 01:19:47.924 17876 17926 I ReactNativeJS:                      time: 87.1,
12-04 01:19:47.924 17876 17926 I ReactNativeJS:                      coords_start: { lat: 37.55626566577219, lon: 126.9047002607611 } },
12-04 01:19:47.924 17876 17926 I ReactNativeJS:                    { distance: 3.24,
12-04 01:19:47.924 17876 17926 I ReactNativeJS:                      elevation_start: 8.2,
12-04 01:19:47.924 17876 17926 I ReactNativeJS:                      elevation_end: 7.67,
12-04 01:19:47.924 17876 17926 I ReactNativeJS:                      elevation_dif: -0.53,
12-04 01:19:47.924 17876 17926 I ReactNativeJS:                      slope: -16.21,
12-04 01:19:47.924 17876 17926 I ReactNativeJS:                      is_uphill: false,
12-04 01:19:47.924 17876 17926 I ReactNativeJS:                      speed_factor: 0.811,
12-04 01:19:47.924 17876 17926 I ReactNativeJS:                      time: 3.6,
12-04 01:19:47.924 17876 17926 I ReactNativeJS:                      coords_start: { lat: 37.557115562014, lon: 126.90442526185637 } },
12-04 01:19:47.924 17876 17926 I ReactNativeJS:                    { distance: 10.04,
12-04 01:19:47.924 17876 17926 I ReactNativeJS:                      elevation_start: 7.67,
12-04 01:19:47.924 17876 17926 I ReactNativeJS:                      elevation_end: 7.65,
12-04 01:19:47.924 17876 17926 I ReactNativeJS:                      elevation_dif: -0.02,
12-04 01:19:47.924 17876 17926 I ReactNativeJS:                      slope: -0.23,
12-04 01:19:47.924 17876 17926 I ReactNativeJS:                      is_uphill: false,
12-04 01:19:47.924 17876 17926 I ReactNativeJS:                      speed_factor: 1.015,
12-04 01:19:47.924 17876 17926 I ReactNativeJS:                      time: 8.9,
12-04 01:19:47.924 17876 17926 I ReactNativeJS:                      coords_start: { lat: 37.55714333636299, lon: 126.9044141509747 } },
12-04 01:19:47.924 17876 17926 I ReactNativeJS:                    { distance: 15.87,
12-04 01:19:47.924 17876 17926 I ReactNativeJS:                      elevation_start: 7.65,
12-04 01:19:47.924 17876 17926 I ReactNativeJS:                      elevation_end: 7.63,
12-04 01:19:47.924 17876 17926 I ReactNativeJS:                      elevation_dif: -0.02,
12-04 01:19:47.924 17876 17926 I ReactNativeJS:                      slope: -0.1,
12-04 01:19:47.924 17876 17926 I ReactNativeJS:                      is_uphill: false,
12-04 01:19:47.924 17876 17926 I ReactNativeJS:                      speed_factor: 1.011,
12-04 01:19:47.924 17876 17926 I ReactNativeJS:                      time: 14.1,
12-04 01:19:47.924 17876 17926 I ReactNativeJS:                      coords_start: { lat: 37.55717111284732, lon: 126.9045224736485 } },
12-04 01:19:47.924 17876 17926 I ReactNativeJS:                    { distance: 10.1,
12-04 01:19:47.924 17876 17926 I ReactNativeJS:                      elevation_start: 7.63,
12-04 01:19:47.924 17876 17926 I ReactNativeJS:                      elevation_end: 7.63,
12-04 01:19:47.924 17876 17926 I ReactNativeJS:                      elevation_dif: 0,
12-04 01:19:47.924 17876 17926 I ReactNativeJS:                      slope: 0,
12-04 01:19:47.924 17876 17926 I ReactNativeJS:                      is_uphill: false,
12-04 01:19:47.924 17876 17926 I ReactNativeJS:                      speed_factor: 1.007,
12-04 01:19:47.924 17876 17926 I ReactNativeJS:                      time: 9,
12-04 01:19:47.924 17876 17926 I ReactNativeJS:                      coords_start: { lat: 37.55720444543301, lon: 126.9046974567547 } },
12-04 01:19:47.924 17876 17926 I ReactNativeJS:                    { distance: 22.01,
12-04 01:19:47.924 17876 17926 I ReactNativeJS:                      elevation_start: 7.63,
12-04 01:19:47.924 17876 17926 I ReactNativeJS:                      elevation_end: 7.63,
12-04 01:19:47.924 17876 17926 I ReactNativeJS:                      elevation_dif: 0,
12-04 01:19:47.924 17876 17926 I ReactNativeJS:                      slope: -0.01,
12-04 01:19:47.924 17876 17926 I ReactNativeJS:                      is_uphill: false,
12-04 01:19:47.924 17876 17926 I ReactNativeJS:                      speed_factor: 1.008,
12-04 01:19:47.924 17876 17926 I ReactNativeJS:                      time: 19.6,
12-04 01:19:47.924 17876 17926 I ReactNativeJS:                      coords_start: { lat: 37.55722666705749, lon: 126.90480855710975 } } ],
12-04 01:19:47.924 17876 17926 I ReactNativeJS:                 data_quality: { is_valid: true, warnings: [], extreme_count: 0 } } ],
12-04 01:19:47.924 17876 17926 I ReactNativeJS:            total_original_walk_time: 524,
12-04 01:19:47.924 17876 17926 I ReactNativeJS:            total_adjusted_walk_time: [TOO BIG formatValueCalls 201 exceeded limit of 200],
12-04 01:19:47.924 17876 17926 I ReactNativeJS:            total_route_time_adjustment: [TOO BIG formatValueCalls 202 exceeded limit of 200],
12-04 01:19:47.924 17876 17926 I ReactNativeJS:            crosswalk_count: [TOO BIG formatValueCalls 203 exceeded limit of 200],
12-04 01:19:47.924 17876 17926 I ReactNativeJS:            crosswalk_wait_time: [TOO BIG formatValueCalls 204 exceeded limit of 200],
12-04 01:19:47.924 17876 17926 I ReactNativeJS:            total_time_with_crosswalk: [TOO BIG formatValueCalls 205 exceeded limit of 200],
12-04 01:19:47.924 17876 17926 I ReactNativeJS:            factors: [TOO BIG formatValueCalls 206 exceeded limit of 200],
12-04 01:19:47.924 17876 17926 I ReactNativeJS:            user_speed_mps: [TOO BIG formatValueCalls 207 exceeded limit of 200],
12-04 01:19:47.924 17876 17926 I ReactNativeJS:            weather_applied: [TOO BIG formatValueCalls 208 exceeded limit of 200],
12-04 01:19:47.924 17876 17926 I ReactNativeJS:            sampled_coords_count: [TOO BIG formatValueCalls 209 exceeded limit of 200],
12-04 01:19:47.924 17876 17926 I ReactNativeJS:            original_coords_count: [TOO BIG formatValueCalls 210 exceeded limit of 200],
12-04 01:19:47.924 17876 17926 I ReactNativeJS:            data_quality: [TOO BIG formatValueCalls 211 exceeded limit of 200] },
12-04 01:19:47.924 17876 17926 I ReactNativeJS:         rawItinerary: [TOO BIG formatValueCalls 212 exceeded limit of 200],
12-04 01:19:47.924 17876 17926 I ReactNativeJS:         totalDistance: [TOO BIG formatValueCalls 213 exceeded limit of 200],
12-04 01:19:47.924 17876 17926 I ReactNativeJS:         legs: [TOO BIG formatValueCalls 214 exceeded limit of 200] },
12-04 01:19:47.924 17876 17926 I ReactNativeJS:      started_at: [TOO BIG formatValueCalls 215 exceeded limit of 200],
12-04 01:19:47.924 17876 17926 I ReactNativeJS:      ended_at: [TOO BIG formatValueCalls 216 exceeded limit of 200] } }
12-04 01:19:47.924 17876 17926 I ReactNativeJS: ?뱾 Making POST request to: http://3.36.70.73:8000/api/navigation/logs?user_id=25
12-04 01:19:47.924 17876 17927 E unknown:ReactNative: console.error: [navLog] Weather save response error: {"status":500,"error":"Traceback (most recent call last):\n  File \"/home/ubuntu/ptRepo/backend/fastapi-env/lib/python3.13/si...(truncated)..."}, stack:
12-04 01:19:47.924 17876 17927 E unknown:ReactNative: _construct@1:122583
12-04 01:19:47.924 17876 17927 E unknown:ReactNative: Wrapper@1:122236
12-04 01:19:47.924 17876 17927 E unknown:ReactNative: _callSuper@1:107124
12-04 01:19:47.924 17876 17927 E unknown:ReactNative: SyntheticError@1:121721
12-04 01:19:47.924 17876 17927 E unknown:ReactNative: reactConsoleErrorHandler@1:121287
12-04 01:19:47.924 17876 17927 E unknown:ReactNative: ?anon_0_@1:1291359
12-04 01:19:47.924 17876 17927 E unknown:ReactNative: asyncGeneratorStep@1:549901
12-04 01:19:47.924 17876 17927 E unknown:ReactNative: _next@1:550159
12-04 01:19:48.134 17876 17926 I ReactNativeJS: ??Response received for /api/navigation/logs?user_id=25
12-04 01:19:48.137 17876 17926 I ReactNativeJS: '[navLog] save success', { log_id: 49,
12-04 01:19:48.137 17876 17926 I ReactNativeJS:   user_id: 25,
12-04 01:19:48.137 17876 17926 I ReactNativeJS:   route_mode: 'walking',
12-04 01:19:48.137 17876 17926 I ReactNativeJS:   start_location: '留덊룷援?19',
12-04 01:19:48.137 17876 17926 I ReactNativeJS:   end_location: '?숇뙐',
12-04 01:19:48.137 17876 17926 I ReactNativeJS:   start_lat: 37.556034,
12-04 01:19:48.137 17876 17926 I ReactNativeJS:   start_lon: 126.903552,
12-04 01:19:48.137 17876 17926 I ReactNativeJS:   end_lat: 37.557639,
12-04 01:19:48.137 17876 17926 I ReactNativeJS:   end_lon: 126.908364,
12-04 01:19:48.137 17876 17926 I ReactNativeJS:   total_distance_m: 583,
12-04 01:19:48.137 17876 17926 I ReactNativeJS:   walking_distance_m: 646.41,
12-04 01:19:48.137 17876 17926 I ReactNativeJS:   transport_modes: null,
12-04 01:19:48.137 17876 17926 I ReactNativeJS:   crosswalk_count: 1,
12-04 01:19:48.137 17876 17926 I ReactNativeJS:   user_speed_factor: 0.696,
12-04 01:19:48.137 17876 17926 I ReactNativeJS:   slope_factor: 0.993,
12-04 01:19:48.137 17876 17926 I ReactNativeJS:   weather_factor: 1.057,
12-04 01:19:48.137 17876 17926 I ReactNativeJS:   estimated_time_seconds: 382,
12-04 01:19:48.137 17876 17926 I ReactNativeJS:   actual_time_seconds: 379,
12-04 01:19:48.137 17876 17926 I ReactNativeJS:   time_difference_seconds: -3,
12-04 01:19:48.137 17876 17926 I ReactNativeJS:   active_walking_time_seconds: 375,
12-04 01:19:48.137 17876 17926 I ReactNativeJS:   paused_time_seconds: 4,
12-04 01:19:48.137 17876 17926 I ReactNativeJS:   real_walking_speed_kmh: 5.58,
12-04 01:19:48.137 17876 17926 I ReactNativeJS:   pause_count: 1,
12-04 01:19:48.137 17876 17926 I ReactNativeJS:   movement_data: 
12-04 01:19:48.137 17876 17926 I ReactNativeJS:    { segments: 
12-04 01:19:48.137 17876 17926 I ReactNativeJS:       [ { status: 'walking',
12-04 01:19:48.137 17876 17926 I ReactNativeJS:           end_time: '2025-12-03T16:13:31.154Z',
12-04 01:19:48.137 17876 17926 I ReactNativeJS:           distance_m: 0,
12-04 01:19:48.137 17876 17926 I ReactNativeJS:           start_time: '2025-12-03T16:13:29.003Z',
12-04 01:19:48.137 17876 17926 I ReactNativeJS:           avg_speed_ms: 0,
12-04 01:19:48.137 17876 17926 I ReactNativeJS:           duration_seconds: 2 },
12-04 01:19:48.137 17876 17926 I ReactNativeJS:         { status: 'paused',
12-04 01:19:48.137 17876 17926 I ReactNativeJS:           end_time: '2025-12-03T16:13:34.890Z',
12-04 01:19:48.137 17876 17926 I ReactNativeJS:           distance_m: 0,
12-04 01:19:48.137 17876 17926 I ReactNativeJS:           start_time: '2025-12-03T16:13:31.154Z',
12-04 01:19:48.137 17876 17926 I ReactNativeJS:           avg_speed_ms: 0,
12-04 01:19:48.137 17876 17926 I ReactNativeJS:           duration_seconds: 4 },
12-04 01:19:48.137 17876 17926 I ReactNativeJS:         { status: 'walking',
12-04 01:19:48.137 17876 17926 I ReactNativeJS:           end_time: '2025-12-03T16:19:47.751Z',
12-04 01:19:48.137 17876 17926 I ReactNativeJS:           distance_m: 646.41,
12-04 01:19:48.137 17876 17926 I ReactNativeJS:           start_time: '2025-12-03T16:13:34.890Z',
12-04 01:19:48.137 17876 17926 I ReactNativeJS:           avg_speed_ms: 1.73,
12-04 01:19:48.137 17876 17926 I ReactNativeJS:           duration_seconds: 373 } ],
12-04 01:19:48.137 17876 17926 I ReactNativeJS:      total_pauses: 1,
12-04 01:19:48.137 17876 17926 I ReactNativeJS:      crosswalk_pauses: 0,
12-04 01:19:48.137 17876 17926 I ReactNativeJS:      detection_method: 'step_counter_hybrid' },
12-04 01:19:48.137 17876 17926 I ReactNativeJS:   weather_id: null,
12-04 01:19:48.137 17876 17926 I ReactNativeJS:   route_data: 
12-04 01:19:48.137 17876 17926 I ReactNativeJS:    { legs: 
12-04 01:19:48.137 17876 17926 I ReactNativeJS:       [ { end: { lat: 37.5576391503675, lon: 126.908364252684, name: '?숇뙐' },
12-04 01:19:48.137 17876 17926 I ReactNativeJS:           mode: 'WALK',
12-04 01:19:48.137 17876 17926 I ReactNativeJS:           start: { lat: 37.5560336, lon: 126.9035523, name: '留덊룷援?19' },
12-04 01:19:48.137 17876 17926 I ReactNativeJS:           steps: 
