12-04 01:22:01.813 17876 17876 D VRI[MainActivity]@a5b0f57: reportNextDraw android.view.ViewRootImpl.performTraversals:5193 android.view.ViewRootImpl.doTraversal:3708 android.view.ViewRootImpl$TraversalRunnable.run:12542 android.view.Choreographer$CallbackRecord.run:1751 android.view.Choreographer$CallbackRecord.run:1760 
12-04 01:22:01.813 17876 17876 D VRI[MainActivity]@a5b0f57: Setup new sync=wmsSync-VRI[MainActivity]@a5b0f57#50
12-04 01:22:01.813 17876 17876 I VRI[MainActivity]@a5b0f57: Creating new active sync group VRI[MainActivity]@a5b0f57#51
12-04 01:22:01.813 17876 17876 D VRI[MainActivity]@a5b0f57: registerCallbacksForSync syncBuffer=false
12-04 01:22:01.816 17876 18182 D VRI[MainActivity]@a5b0f57: Received frameDrawingCallback syncResult=0 frameNum=1.
12-04 01:22:01.816 17876 18182 I VRI[MainActivity]@a5b0f57: mWNT: t=0xb400007640470f10 mBlastBufferQueue=0xb4000076c0969aa0 fn= 1 HdrRenderState mRenderHdrSdrRatio=1.0 caller= android.view.ViewRootImpl$11.onFrameDraw:15016 android.view.ThreadedRenderer$1.onFrameDraw:761 <bottom of call stack> 
12-04 01:22:01.816 17876 18182 I VRI[MainActivity]@a5b0f57: Setting up sync and frameCommitCallback
12-04 01:22:01.817 17876 17892 I BLASTBufferQueue: [VRI[MainActivity]@a5b0f57#52](f:0,a:0,s:0) onFrameAvailable the first frame is available
12-04 01:22:01.817 17876 17892 I BLASTBufferQueue: [VRI[MainActivity]@a5b0f57#52](f:0,a:1,s:0) acquireNextBufferLocked size=1206x920 mFrameNumber=1 applyTransaction=true mTimestamp=468706024792704(auto) mPendingTransactions.size=0 graphicBufferId=76776835398986 transform=0
12-04 01:22:01.817 17876 17892 I VRI[MainActivity]@a5b0f57: Received frameCommittedCallback lastAttemptedDrawFrameNum=1 didProduceBuffer=true
12-04 01:22:01.818 17876 17892 D HWUI    : CFMS:: SetUp Pid : 17876    Tid : 17892
12-04 01:22:01.818 17876 17876 D VRI[MainActivity]@a5b0f57: reportDrawFinished seqId=0
12-04 01:22:01.820 17876 17876 I InsetsSourceConsumer: applyRequestedVisibilityToControl: visible=true, type=navigationBars, host=com.pacetry.app/com.pacetry.app.MainActivity
12-04 01:22:01.820 17876 17876 I InsetsSourceConsumer: applyRequestedVisibilityToControl: visible=true, type=statusBars, host=com.pacetry.app/com.pacetry.app.MainActivity
12-04 01:22:01.832 17876 17876 I ImeFocusController: onPreWindowFocus: skipped hasWindowFocus=false mHasImeFocus=true
12-04 01:22:01.834 17876 17876 I ImeFocusController: onPostWindowFocus: skipped hasWindowFocus=false mHasImeFocus=true
12-04 01:22:01.866 17876 17876 D VRI[MainActivity]@a5b0f57: mThreadedRenderer.initializeIfNeeded()#2 mSurface={isValid=true 0xb40000770030b850}
12-04 01:22:01.866 17876 17876 I ImeFocusController: onPreWindowFocus: skipped hasWindowFocus=true mHasImeFocus=false
12-04 01:22:01.866 17876 17876 I ImeFocusController: onPostWindowFocus: skipped hasWindowFocus=true mHasImeFocus=false
12-04 01:22:02.262 17876 17927 W unknown:ReactNative: StatusBarModule: Ignored status bar change, current activity is edge-to-edge.
12-04 01:22:02.262 17876 17927 W unknown:ReactNative: StatusBarModule: Ignored status bar change, current activity is edge-to-edge.
12-04 01:22:02.384 17876 17876 I View    : setRequestedFrameRate frameRate=-4.0, this=com.reactnativecommunity.webview.RNCWebView{75a237b VFEDHVC.. ........ 0,0-1080,2067 aid=1073741873}, caller=WV.hf.b:1 WV.jg.h:118 WV.jg.onDraw:7 com.android.webview.chromium.WebViewChromium.onDraw:19 android.webkit.WebView.onDraw:2959 
12-04 01:22:02.386 17876 17926 I ReactNativeJS: 'WebView:', 'KAKAO_MAP_WITH_ROUTE_READY'
12-04 01:22:02.400 17876 17876 I View    : setRequestedFrameRate frameRate=-4.0, this=com.reactnativecommunity.webview.RNCWebView{75a237b VFEDHVC.. ........ 0,0-1080,2067 aid=1073741873}, caller=WV.hf.b:1 WV.jg.h:118 WV.jg.onDraw:7 com.android.webview.chromium.WebViewChromium.onDraw:19 android.webkit.WebView.onDraw:2959 
12-04 01:22:02.417 17876 17876 I View    : setRequestedFrameRate frameRate=-4.0, this=com.reactnativecommunity.webview.RNCWebView{75a237b VFEDHVC.. ........ 0,0-1080,2067 aid=1073741873}, caller=WV.hf.b:1 WV.jg.h:118 WV.jg.onDraw:7 com.android.webview.chromium.WebViewChromium.onDraw:19 android.webkit.WebView.onDraw:2959 
12-04 01:22:02.434 17876 17876 I View    : setRequestedFrameRate frameRate=-4.0, this=com.reactnativecommunity.webview.RNCWebView{75a237b VFEDHVC.. ........ 0,0-1080,2067 aid=1073741873}, caller=WV.hf.b:1 WV.jg.h:118 WV.jg.onDraw:7 com.android.webview.chromium.WebViewChromium.onDraw:19 android.webkit.WebView.onDraw:2959 
12-04 01:22:02.450 17876 17876 I VRI[MainActivity]@a5b0f57: ViewPostIme pointer 0
12-04 01:22:02.450 17876 17876 I VRI[MainActivity]@a5b0f57: call setFrameRateCategory for touch hint category=high hint, reason=touch, vri=VRI[MainActivity]@a5b0f57
12-04 01:22:02.453 17876 17876 I View    : setRequestedFrameRate frameRate=-4.0, this=com.reactnativecommunity.webview.RNCWebView{75a237b VFEDHVC.. ........ 0,0-1080,2067 aid=1073741873}, caller=WV.hf.b:1 WV.jg.h:118 WV.jg.onDraw:7 com.android.webview.chromium.WebViewChromium.onDraw:19 android.webkit.WebView.onDraw:2959 
12-04 01:22:02.468 17876 17876 I View    : setRequestedFrameRate frameRate=-4.0, this=com.reactnativecommunity.webview.RNCWebView{75a237b VFEDHVC.. ........ 0,0-1080,2067 aid=1073741873}, caller=WV.hf.b:1 WV.jg.h:118 WV.jg.onDraw:7 com.android.webview.chromium.WebViewChromium.onDraw:19 android.webkit.WebView.onDraw:2959 
12-04 01:22:02.484 17876 17876 I View    : setRequestedFrameRate frameRate=-4.0, this=com.reactnativecommunity.webview.RNCWebView{75a237b VFEDHVC.. ........ 0,0-1080,2067 aid=1073741873}, caller=WV.hf.b:1 WV.jg.h:118 WV.jg.onDraw:7 com.android.webview.chromium.WebViewChromium.onDraw:19 android.webkit.WebView.onDraw:2959 
12-04 01:22:02.502 17876 17876 I View    : setRequestedFrameRate frameRate=-4.0, this=com.reactnativecommunity.webview.RNCWebView{75a237b VFEDHVC.. ........ 0,0-1080,2067 aid=1073741873}, caller=WV.hf.b:1 WV.jg.h:118 WV.jg.onDraw:7 com.android.webview.chromium.WebViewChromium.onDraw:19 android.webkit.WebView.onDraw:2959 
12-04 01:22:02.518 17876 17876 I View    : setRequestedFrameRate frameRate=-4.0, this=com.reactnativecommunity.webview.RNCWebView{75a237b VFEDHVC.. ........ 0,0-1080,2067 aid=1073741873}, caller=WV.hf.b:1 WV.jg.h:118 WV.jg.onDraw:7 com.android.webview.chromium.WebViewChromium.onDraw:19 android.webkit.WebView.onDraw:2959 
12-04 01:22:02.544 17876 17876 I VRI[MainActivity]@a5b0f57: ViewPostIme pointer 1
12-04 01:22:02.551 17876 17876 I WindowManager: WindowManagerGlobal#removeView, ty=2, view=com.android.internal.policy.DecorView{15890d6 V.E...... R....... 0,0-1026,740}[MainActivity], caller=android.view.WindowManagerGlobal.removeView:626 android.view.WindowManagerImpl.removeViewImmediate:216 android.app.Dialog.dismissDialog:808 
12-04 01:22:02.551 17876 17876 W WindowOnBackDispatcher: sendCancelIfRunning: isInProgress=false callback=android.view.ViewRootImpl$$ExternalSyntheticLambda15@464b6b0
12-04 01:22:02.554 17876 17892 D HWUI    : endAllActiveAnimators on 0xb4000075704b94b0 (RippleDrawable) with handle 0xb400007680371190
12-04 01:22:02.554 17876 17876 I VRI[MainActivity]@a5b0f57: dispatchDetachedFromWindow
12-04 01:22:02.560 17876 17876 D InputTransport: Input channel destroyed: 'a17515a', fd=554
12-04 01:22:02.561 17876 17876 W WindowOnBackDispatcher: OnBackInvokedCallback is not enabled for the application.
12-04 01:22:02.561 17876 17876 W WindowOnBackDispatcher: Set 'android:enableOnBackInvokedCallback="true"' in the application manifest.
12-04 01:22:02.567 17876 17876 I InsetsSourceConsumer: applyRequestedVisibilityToControl: visible=true, type=navigationBars, host=com.pacetry.app/com.pacetry.app.MainActivity
12-04 01:22:02.568 17876 17876 I InsetsSourceConsumer: applyRequestedVisibilityToControl: visible=true, type=statusBars, host=com.pacetry.app/com.pacetry.app.MainActivity
12-04 01:22:02.568 17876 17888 I BLASTBufferQueue: [VRI[MainActivity]@a5b0f57#52](f:0,a:2,s:0) destructor()
12-04 01:22:02.569 17876 17888 D BufferQueueConsumer: [VRI[MainActivity]@a5b0f57#52(BLAST Consumer)52](id:45d400000034,api:0,p:-1,c:17876) disconnect
12-04 01:22:02.586 17876 17876 D VRI[MainActivity]@b22df93: mThreadedRenderer.initializeIfNeeded()#2 mSurface={isValid=true 0xb4000077002db1c0}
12-04 01:22:02.588 17876 17876 I InputMethodManager: startInputAsyncOnWindowFocusGain - IInputMethodManagerGlobalInvoker.startInputOrWindowGainedFocus
12-04 01:22:02.721 17876 17926 I ReactNativeJS: ?좑툘 ?먮┛ GPS(0.00 km/h), 媛?띾룄怨??놁쓬 ??walking (?댁쟾 ?곹깭 ?좎?)
12-04 01:22:02.721 17876 17926 I ReactNativeJS: ?뱤 GPS: 0.00 km/h ??walking
12-04 01:22:02.732 17876 17876 I TaskService: Handling intent with task name 'background-location-task' and app scoping identifier 'com.pacetry.app'.
12-04 01:22:02.742 17876 17927 W unknown:ReactNative: StatusBarModule: Ignored status bar change, current activity is edge-to-edge.
12-04 01:22:02.743 17876 17927 W unknown:ReactNative: StatusBarModule: Ignored status bar change, current activity is edge-to-edge.
12-04 01:22:02.785 17876 17876 I View    : setRequestedFrameRate frameRate=-4.0, this=com.reactnativecommunity.webview.RNCWebView{75a237b VFEDHVC.. ........ 0,0-1080,2067 aid=1073741873}, caller=WV.hf.b:1 WV.jg.h:118 WV.jg.onDraw:7 com.android.webview.chromium.WebViewChromium.onDraw:19 android.webkit.WebView.onDraw:2959 
12-04 01:22:04.224 17876 17876 I VRI[MainActivity]@b22df93: call setFrameRateCategory for touch hint category=no preference, reason=boost timeout, vri=VRI[MainActivity]@b22df93
12-04 01:22:04.355 17876 17876 W unknown:BridgelessReact: ReactHost{0}.onHostPause(activity)
12-04 01:22:04.361 17876 17876 D SensorManager: unregisterListener
12-04 01:22:04.361 17876 17876 W unknown:BridgelessReact: ReactContext.onHostPause()
12-04 01:22:04.364 17876 17876 D SensorManager: unregisterListener
12-04 01:22:04.368 17876 17876 D SensorManager: unregisterListener
12-04 01:22:04.374 17876 17926 I ReactNativeJS: ?벑 ???곹깭 蹂寃? active ??background
12-04 01:22:04.378 17876 17876 I VRI[MainActivity]@b22df93: onDisplayChanged oldDisplayState=2 newDisplayState=1
12-04 01:22:04.384 17876 17876 I VRI[MainActivity]@b22df93: handleAppVisibility mAppVisible = true visible = false
12-04 01:22:04.384 17876 17876 D VRI[MainActivity]@b22df93: visibilityChanged oldVisibility=true newVisibility=false
12-04 01:22:04.385 17876 17876 I VRI[MainActivity]@b22df93: stopped(true) old = false
12-04 01:22:04.385 17876 17876 D VRI[MainActivity]@b22df93: WindowStopped on com.pacetry.app/com.pacetry.app.MainActivity set to true
12-04 01:22:04.385 17876 17892 D HWUI    : CacheManager::trimMemory(20)
12-04 01:22:04.406 17876 17892 I BLASTBufferQueue: [VRI[MainActivity]@b22df93#43](f:0,a:2,s:0) destructor()
12-04 01:22:04.406 17876 17892 D BufferQueueConsumer: [VRI[MainActivity]@b22df93#43(BLAST Consumer)43](id:45d40000002b,api:0,p:-1,c:17876) disconnect
12-04 01:22:04.407 17876 17892 D HWUI    : CacheManager::trimMemory(20)
12-04 01:22:04.415 17876 17876 I VRI[MainActivity]@b22df93: Relayout returned: old=(0,0,1080,2340) new=(0,0,1080,2340) relayoutAsync=false req=(1080,2340)8 dur=6 res=0x2 s={false 0x0} ch=false seqId=0
12-04 01:22:04.415 17876 17876 D VRI[MainActivity]@b22df93: Not drawing due to not visible. Reason=!mAppVisible && !mForceDecorViewVisibility
12-04 01:22:04.568 17876 17876 I ImeFocusController: onPreWindowFocus: skipped hasWindowFocus=false mHasImeFocus=true
12-04 01:22:04.572 17876 17876 I ImeFocusController: onPostWindowFocus: skipped hasWindowFocus=false mHasImeFocus=true
12-04 01:22:04.572 17876 17876 I VRI[MainActivity]@b22df93: onDisplayChanged oldDisplayState=1 newDisplayState=1
12-04 01:22:06.499 17876 17876 D SensorService: Steps: +8 (total: 2972)
12-04 01:22:06.910 17876 17876 D SensorService: Steps: +1 (total: 2973)
12-04 01:22:07.469 17876 17876 D SensorService: Steps: +1 (total: 2974)
12-04 01:22:07.772 17876 17876 D SensorService: Location availability: false
12-04 01:22:07.776 17876 17876 I TaskService: Handling intent with task name 'background-location-task' and app scoping identifier 'com.pacetry.app'.
12-04 01:22:07.951 17876 17876 D SensorService: Steps: +1 (total: 2975)
12-04 01:22:08.080 17876 17876 D SensorService: Location availability: true
12-04 01:22:08.090 17876 17876 I TaskService: Handling intent with task name 'background-location-task' and app scoping identifier 'com.pacetry.app'.
12-04 01:22:08.432 17876 17876 D SensorService: Steps: +1 (total: 2976)
12-04 01:22:08.991 17876 17876 D SensorService: Steps: +1 (total: 2977)
12-04 01:22:09.473 17876 17876 D SensorService: Steps: +1 (total: 2978)
12-04 01:22:09.950 17876 17876 D SensorService: Steps: +1 (total: 2979)
12-04 01:22:10.426 17876 17876 D SensorService: Steps: +1 (total: 2980)
12-04 01:22:10.621 17876 17926 I ReactNativeJS: ?뱤 GPS: 4.88 km/h ??walking
12-04 01:22:10.638 17876 17876 I TaskService: Handling intent with task name 'background-location-task' and app scoping identifier 'com.pacetry.app'.
12-04 01:22:10.640 17876 17876 W JobInfo : Job 'com.pacetry.app/expo.modules.taskManager.TaskJobService#0' has a deadline with no functional constraints. The deadline won't improve job execution latency. Consider removing the deadline.
12-04 01:22:10.662 17876 17876 I TaskService: Handling job with task name 'background-location-task' for app with scoping identifier 'com.pacetry.app'.
12-04 01:22:10.670 17876 17927 W unknown:ReactNative: StatusBarModule: Ignored status bar change, current activity is edge-to-edge.
12-04 01:22:10.670 17876 17926 I ReactNativeJS: ?뱧 諛깃렇?쇱슫???꾩튂 ?섏쭛?? 3媛? 珥? 3媛?
12-04 01:22:10.670 17876 17927 W unknown:ReactNative: StatusBarModule: Ignored status bar change, current activity is edge-to-edge.
12-04 01:22:10.670 17876 17926 I ReactNativeJS:    ?붴? 理쒖떊: (37.558140, 126.908218)
12-04 01:22:10.673 17876 17931 I TaskService: Finished task 'background-location-task' with eventId 'd1082941-2731-43f8-ad18-4b6c5d517cfe'.
12-04 01:22:10.984 17876 17876 D SensorService: Steps: +1 (total: 2981)
12-04 01:22:11.463 17876 17876 D SensorService: Steps: +1 (total: 2982)
12-04 01:22:11.645 17876 17926 I ReactNativeJS: ?뱤 GPS: 4.98 km/h ??walking
12-04 01:22:11.658 17876 17876 I TaskService: Handling intent with task name 'background-location-task' and app scoping identifier 'com.pacetry.app'.
12-04 01:22:11.661 17876 17876 W JobInfo : Job 'com.pacetry.app/expo.modules.taskManager.TaskJobService#0' has a deadline with no functional constraints. The deadline won't improve job execution latency. Consider removing the deadline.
12-04 01:22:11.678 17876 17876 I TaskService: Handling job with task name 'background-location-task' for app with scoping identifier 'com.pacetry.app'.
12-04 01:22:11.700 17876 17927 W unknown:ReactNative: StatusBarModule: Ignored status bar change, current activity is edge-to-edge.
12-04 01:22:11.700 17876 17926 I ReactNativeJS: ?뱧 諛깃렇?쇱슫???꾩튂 ?섏쭛?? 1媛? 珥? 4媛?
12-04 01:22:11.700 17876 17926 I ReactNativeJS:    ?붴? 理쒖떊: (37.558165, 126.908251)
12-04 01:22:11.700 17876 17927 W unknown:ReactNative: StatusBarModule: Ignored status bar change, current activity is edge-to-edge.
12-04 01:22:11.701 17876 17931 I TaskService: Finished task 'background-location-task' with eventId '22ba705e-812b-4e73-b266-abbaba719d9f'.
12-04 01:22:11.946 17876 17876 D SensorService: Steps: +1 (total: 2983)
12-04 01:22:12.432 17876 17876 D SensorService: Steps: +1 (total: 2984)
12-04 01:22:12.646 17876 17926 I ReactNativeJS: ?뱤 GPS: 5.00 km/h ??walking
12-04 01:22:12.662 17876 17876 I TaskService: Handling intent with task name 'background-location-task' and app scoping identifier 'com.pacetry.app'.
12-04 01:22:12.663 17876 17876 W JobInfo : Job 'com.pacetry.app/expo.modules.taskManager.TaskJobService#0' has a deadline with no functional constraints. The deadline won't improve job execution latency. Consider removing the deadline.
12-04 01:22:12.682 17876 17876 I TaskService: Handling job with task name 'background-location-task' for app with scoping identifier 'com.pacetry.app'.
12-04 01:22:12.687 17876 17926 I ReactNativeJS: ?뱧 諛깃렇?쇱슫???꾩튂 ?섏쭛?? 1媛? 珥? 5媛?
12-04 01:22:12.687 17876 17926 I ReactNativeJS:    ?붴? 理쒖떊: (37.558180, 126.908261)
12-04 01:22:12.694 17876 17931 I TaskService: Finished task 'background-location-task' with eventId 'b97e5096-e4ea-4bee-9427-125800b927f5'.
12-04 01:22:12.741 17876 17876 I VRI[MainActivity]@b22df93: onDisplayChanged oldDisplayState=1 newDisplayState=2
12-04 01:22:12.882 17876 17876 I VRI[MainActivity]@b22df93: onDisplayChanged oldDisplayState=2 newDisplayState=2
12-04 01:22:12.979 17876 17876 D SensorService: Steps: +1 (total: 2985)
12-04 01:22:13.458 17876 17876 D SensorService: Steps: +1 (total: 2986)
12-04 01:22:13.940 17876 17876 D SensorService: Steps: +1 (total: 2987)
12-04 01:22:14.198 17876 17926 I ReactNativeJS: ?뱤 GPS: 4.77 km/h ??walking
12-04 01:22:14.207 17876 17876 I TaskService: Handling intent with task name 'background-location-task' and app scoping identifier 'com.pacetry.app'.
12-04 01:22:14.208 17876 17876 W JobInfo : Job 'com.pacetry.app/expo.modules.taskManager.TaskJobService#0' has a deadline with no functional constraints. The deadline won't improve job execution latency. Consider removing the deadline.
12-04 01:22:14.219 17876 17876 I TaskService: Handling job with task name 'background-location-task' for app with scoping identifier 'com.pacetry.app'.
12-04 01:22:14.224 17876 17926 I ReactNativeJS: ?뱧 諛깃렇?쇱슫???꾩튂 ?섏쭛?? 1媛? 珥? 6媛?
12-04 01:22:14.224 17876 17926 I ReactNativeJS:    ?붴? 理쒖떊: (37.558199, 126.908271)
12-04 01:22:14.225 17876 17927 W unknown:ReactNative: StatusBarModule: Ignored status bar change, current activity is edge-to-edge.
12-04 01:22:14.225 17876 17927 W unknown:ReactNative: StatusBarModule: Ignored status bar change, current activity is edge-to-edge.
12-04 01:22:14.225 17876 17931 I TaskService: Finished task 'background-location-task' with eventId 'b7563afa-8ef0-4d87-9f38-b701aaede045'.
12-04 01:22:14.428 17876 17876 D SensorService: Steps: +1 (total: 2988)
12-04 01:22:14.903 17876 17876 D SensorService: Steps: +1 (total: 2989)
12-04 01:22:15.459 17876 17876 D SensorService: Steps: +1 (total: 2990)
12-04 01:22:15.490 17876 17876 I VRI[MainActivity]@b22df93: onDisplayChanged oldDisplayState=2 newDisplayState=1
12-04 01:22:15.619 17876 17926 I ReactNativeJS: ?뱤 GPS: 4.61 km/h ??walking
12-04 01:22:15.631 17876 17876 I TaskService: Handling intent with task name 'background-location-task' and app scoping identifier 'com.pacetry.app'.
12-04 01:22:15.632 17876 17876 W JobInfo : Job 'com.pacetry.app/expo.modules.taskManager.TaskJobService#0' has a deadline with no functional constraints. The deadline won't improve job execution latency. Consider removing the deadline.
12-04 01:22:15.641 17876 17876 I TaskService: Handling job with task name 'background-location-task' for app with scoping identifier 'com.pacetry.app'.
12-04 01:22:15.642 17876 17926 I ReactNativeJS: ?뱧 諛깃렇?쇱슫???꾩튂 ?섏쭛?? 1媛? 珥? 7媛?
12-04 01:22:15.643 17876 17926 I ReactNativeJS:    ?붴? 理쒖떊: (37.558212, 126.908282)
12-04 01:22:15.643 17876 17931 I TaskService: Finished task 'background-location-task' with eventId 'bd8c1f15-f8fd-4355-8d36-38f979093685'.
12-04 01:22:15.683 17876 17876 I VRI[MainActivity]@b22df93: onDisplayChanged oldDisplayState=1 newDisplayState=1
12-04 01:22:15.945 17876 17876 D SensorService: Steps: +1 (total: 2991)
12-04 01:22:16.066 17876 17876 I VRI[MainActivity]@b22df93: onDisplayChanged oldDisplayState=1 newDisplayState=2
12-04 01:22:16.297 17876 17876 I VRI[MainActivity]@b22df93: onDisplayChanged oldDisplayState=2 newDisplayState=2
12-04 01:22:16.343 17876 17876 D SensorService: Steps: +1 (total: 2992)
12-04 01:22:16.527 17876 17926 I ReactNativeJS: ?뱤 GPS: 4.41 km/h ??walking
12-04 01:22:16.538 17876 17876 I TaskService: Handling intent with task name 'background-location-task' and app scoping identifier 'com.pacetry.app'.
12-04 01:22:16.900 17876 17876 D SensorService: Steps: +1 (total: 2993)
12-04 01:22:17.015 17876 17927 W unknown:ReactNative: StatusBarModule: Ignored status bar change, current activity is edge-to-edge.
12-04 01:22:17.015 17876 17927 W unknown:ReactNative: StatusBarModule: Ignored status bar change, current activity is edge-to-edge.
12-04 01:22:17.303 17876 17876 D SensorService: Steps: +1 (total: 2994)
12-04 01:22:17.553 17876 17926 I ReactNativeJS: ?뱤 GPS: 5.02 km/h ??walking
12-04 01:22:17.575 17876 17876 I TaskService: Handling intent with task name 'background-location-task' and app scoping identifier 'com.pacetry.app'.
12-04 01:22:17.578 17876 17876 W JobInfo : Job 'com.pacetry.app/expo.modules.taskManager.TaskJobService#0' has a deadline with no functional constraints. The deadline won't improve job execution latency. Consider removing the deadline.
12-04 01:22:17.608 17876 17876 I TaskService: Handling job with task name 'background-location-task' for app with scoping identifier 'com.pacetry.app'.
12-04 01:22:17.611 17876 17926 I ReactNativeJS: ?뱧 諛깃렇?쇱슫???꾩튂 ?섏쭛?? 2媛? 珥? 9媛?
12-04 01:22:17.611 17876 17926 I ReactNativeJS:    ?붴? 理쒖떊: (37.558236, 126.908272)
12-04 01:22:17.612 17876 17931 I TaskService: Finished task 'background-location-task' with eventId 'e3fa7ecb-de19-45e0-bf7a-403330c56578'.
12-04 01:22:17.864 17876 17876 D SensorService: Steps: +1 (total: 2995)
12-04 01:22:18.266 17876 17927 W unknown:ReactNative: StatusBarModule: Ignored status bar change, current activity is edge-to-edge.
12-04 01:22:18.267 17876 17927 W unknown:ReactNative: StatusBarModule: Ignored status bar change, current activity is edge-to-edge.
12-04 01:22:18.340 17876 17876 D SensorService: Steps: +1 (total: 2996)
12-04 01:22:18.513 17876 17926 I ReactNativeJS: ?뱤 GPS: 5.05 km/h ??walking
12-04 01:22:18.520 17876 17876 I TaskService: Handling intent with task name 'background-location-task' and app scoping identifier 'com.pacetry.app'.
12-04 01:22:18.821 17876 17876 D SensorService: Steps: +1 (total: 2997)
12-04 01:22:19.229 17876 17927 W unknown:ReactNative: StatusBarModule: Ignored status bar change, current activity is edge-to-edge.
12-04 01:22:19.229 17876 17927 W unknown:ReactNative: StatusBarModule: Ignored status bar change, current activity is edge-to-edge.
12-04 01:22:19.300 17876 17876 D SensorService: Steps: +1 (total: 2998)
12-04 01:22:19.457 17876 17876 I VRI[MainActivity]@b22df93: onDisplayChanged oldDisplayState=2 newDisplayState=1
12-04 01:22:19.529 17876 17926 I ReactNativeJS: ?뱤 GPS: 5.05 km/h ??walking
12-04 01:22:19.534 17876 17876 I TaskService: Handling intent with task name 'background-location-task' and app scoping identifier 'com.pacetry.app'.
12-04 01:22:19.535 17876 17876 W JobInfo : Job 'com.pacetry.app/expo.modules.taskManager.TaskJobService#0' has a deadline with no functional constraints. The deadline won't improve job execution latency. Consider removing the deadline.
12-04 01:22:19.544 17876 17876 I TaskService: Handling job with task name 'background-location-task' for app with scoping identifier 'com.pacetry.app'.
12-04 01:22:19.545 17876 17926 I ReactNativeJS: ?뱧 諛깃렇?쇱슫???꾩튂 ?섏쭛?? 2媛? 珥? 11媛?
12-04 01:22:19.545 17876 17926 I ReactNativeJS:    ?붴? 理쒖떊: (37.558245, 126.908049)
12-04 01:22:19.546 17876 17931 I TaskService: Finished task 'background-location-task' with eventId '7bcc0308-45da-486e-b54a-d683be87ddf6'.
12-04 01:22:19.664 17876 17876 I VRI[MainActivity]@b22df93: onDisplayChanged oldDisplayState=1 newDisplayState=1
12-04 01:22:19.858 17876 17876 D SensorService: Steps: +1 (total: 2999)
12-04 01:22:20.342 17876 17876 D SensorService: Steps: +1 (total: 3000)
12-04 01:22:20.517 17876 17926 I ReactNativeJS: ?뱤 GPS: 5.15 km/h ??walking
12-04 01:22:20.527 17876 17876 I TaskService: Handling intent with task name 'background-location-task' and app scoping identifier 'com.pacetry.app'.
12-04 01:22:20.557 17876 17927 W unknown:ReactNative: StatusBarModule: Ignored status bar change, current activity is edge-to-edge.
12-04 01:22:20.557 17876 17927 W unknown:ReactNative: StatusBarModule: Ignored status bar change, current activity is edge-to-edge.
12-04 01:22:20.827 17876 17876 D SensorService: Steps: +1 (total: 3001)
12-04 01:22:21.312 17876 17876 D SensorService: Steps: +1 (total: 3002)
12-04 01:22:21.554 17876 17926 I ReactNativeJS: ?뱤 GPS: 5.17 km/h ??walking
12-04 01:22:21.566 17876 17876 I TaskService: Handling intent with task name 'background-location-task' and app scoping identifier 'com.pacetry.app'.
12-04 01:22:21.569 17876 17876 W JobInfo : Job 'com.pacetry.app/expo.modules.taskManager.TaskJobService#0' has a deadline with no functional constraints. The deadline won't improve job execution latency. Consider removing the deadline.
12-04 01:22:21.586 17876 17876 I TaskService: Handling job with task name 'background-location-task' for app with scoping identifier 'com.pacetry.app'.
12-04 01:22:21.588 17876 17926 I ReactNativeJS: ?뱧 諛깃렇?쇱슫???꾩튂 ?섏쭛?? 2媛? 珥? 13媛?
12-04 01:22:21.588 17876 17926 I ReactNativeJS:    ?붴? 理쒖떊: (37.558250, 126.907981)
12-04 01:22:21.590 17876 17931 I TaskService: Finished task 'background-location-task' with eventId '8f847c5d-35fc-46ce-98af-090036bc21fb'.
12-04 01:22:21.864 17876 17876 D SensorService: Steps: +1 (total: 3003)
12-04 01:22:22.127 17876 17927 W unknown:ReactNative: StatusBarModule: Ignored status bar change, current activity is edge-to-edge.
12-04 01:22:22.127 17876 17927 W unknown:ReactNative: StatusBarModule: Ignored status bar change, current activity is edge-to-edge.
12-04 01:22:22.350 17876 17876 D SensorService: Steps: +1 (total: 3004)
12-04 01:22:22.500 17876 17926 I ReactNativeJS: ?뱤 GPS: 5.15 km/h ??walking
12-04 01:22:22.515 17876 17876 I TaskService: Handling intent with task name 'background-location-task' and app scoping identifier 'com.pacetry.app'.
12-04 01:22:22.822 17876 17876 D SensorService: Steps: +1 (total: 3005)
12-04 01:22:23.305 17876 17876 D SensorService: Steps: +1 (total: 3006)
12-04 01:22:23.552 17876 17926 I ReactNativeJS: ?뱤 GPS: 5.16 km/h ??walking
12-04 01:22:23.562 17876 17876 I TaskService: Handling intent with task name 'background-location-task' and app scoping identifier 'com.pacetry.app'.
12-04 01:22:23.564 17876 17876 W JobInfo : Job 'com.pacetry.app/expo.modules.taskManager.TaskJobService#0' has a deadline with no functional constraints. The deadline won't improve job execution latency. Consider removing the deadline.
12-04 01:22:23.580 17876 17876 I TaskService: Handling job with task name 'background-location-task' for app with scoping identifier 'com.pacetry.app'.
12-04 01:22:23.584 17876 17927 W unknown:ReactNative: StatusBarModule: Ignored status bar change, current activity is edge-to-edge.
12-04 01:22:23.585 17876 17927 W unknown:ReactNative: StatusBarModule: Ignored status bar change, current activity is edge-to-edge.
12-04 01:22:23.585 17876 17926 I ReactNativeJS: ?뱧 諛깃렇?쇱슫???꾩튂 ?섏쭛?? 2媛? 珥? 15媛?
12-04 01:22:23.585 17876 17926 I ReactNativeJS:    ?붴? 理쒖떊: (37.558263, 126.907937)
12-04 01:22:23.586 17876 17931 I TaskService: Finished task 'background-location-task' with eventId '35ecae06-5295-45a4-847a-910ad569a609'.
12-04 01:22:23.867 17876 17876 D SensorService: Steps: +1 (total: 3007)
12-04 01:22:24.353 17876 17876 D SensorService: Steps: +1 (total: 3008)
12-04 01:22:24.563 17876 17926 I ReactNativeJS: ?뱤 GPS: 5.14 km/h ??walking
12-04 01:22:24.579 17876 17876 I TaskService: Handling intent with task name 'background-location-task' and app scoping identifier 'com.pacetry.app'.
12-04 01:22:24.583 17876 17876 W JobInfo : Job 'com.pacetry.app/expo.modules.taskManager.TaskJobService#0' has a deadline with no functional constraints. The deadline won't improve job execution latency. Consider removing the deadline.
12-04 01:22:24.598 17876 17876 I TaskService: Handling job with task name 'background-location-task' for app with scoping identifier 'com.pacetry.app'.
12-04 01:22:24.600 17876 17926 I ReactNativeJS: ?뱧 諛깃렇?쇱슫???꾩튂 ?섏쭛?? 1媛? 珥? 16媛?
12-04 01:22:24.600 17876 17926 I ReactNativeJS:    ?붴? 理쒖떊: (37.558271, 126.907919)
12-04 01:22:24.601 17876 17931 I TaskService: Finished task 'background-location-task' with eventId 'ed6f2166-627c-482c-965a-ca26394776cc'.
12-04 01:22:24.833 17876 17876 D SensorService: Steps: +1 (total: 3009)
12-04 01:22:25.043 17876 17927 W unknown:ReactNative: StatusBarModule: Ignored status bar change, current activity is edge-to-edge.
12-04 01:22:25.043 17876 17927 W unknown:ReactNative: StatusBarModule: Ignored status bar change, current activity is edge-to-edge.
12-04 01:22:25.311 17876 17876 D SensorService: Steps: +1 (total: 3010)
12-04 01:22:25.591 17876 17926 I ReactNativeJS: ?뱤 GPS: 5.28 km/h ??walking
12-04 01:22:25.616 17876 17876 I TaskService: Handling intent with task name 'background-location-task' and app scoping identifier 'com.pacetry.app'.
12-04 01:22:25.864 17876 17876 D SensorService: Steps: +1 (total: 3011)
12-04 01:22:30.182 17876 17876 D SensorService: Steps: +8 (total: 3019)
12-04 01:22:30.260 17876 17876 D SensorService: Steps: +1 (total: 3020)
12-04 01:22:30.752 17876 17876 D SensorService: Steps: +1 (total: 3021)
12-04 01:22:31.232 17876 17876 D SensorService: Steps: +1 (total: 3022)
12-04 01:22:31.792 17876 17876 D SensorService: Steps: +1 (total: 3023)
12-04 01:22:32.267 17876 17876 D SensorService: Steps: +1 (total: 3024)
12-04 01:22:32.714 17876 17926 I ReactNativeJS: ?뱤 GPS: 5.41 km/h ??walking
12-04 01:22:32.734 17876 17876 I TaskService: Handling intent with task name 'background-location-task' and app scoping identifier 'com.pacetry.app'.
12-04 01:22:32.735 17876 17876 W JobInfo : Job 'com.pacetry.app/expo.modules.taskManager.TaskJobService#0' has a deadline with no functional constraints. The deadline won't improve job execution latency. Consider removing the deadline.
12-04 01:22:32.745 17876 17876 D SensorService: Steps: +1 (total: 3025)
12-04 01:22:32.746 17876 17876 I TaskService: Handling job with task name 'background-location-task' for app with scoping identifier 'com.pacetry.app'.
12-04 01:22:32.756 17876 17927 W unknown:ReactNative: StatusBarModule: Ignored status bar change, current activity is edge-to-edge.
12-04 01:22:32.756 17876 17926 I ReactNativeJS: ?뱧 諛깃렇?쇱슫???꾩튂 ?섏쭛?? 2媛? 珥? 18媛?
12-04 01:22:32.756 17876 17926 I ReactNativeJS:    ?붴? 理쒖떊: (37.558396, 126.907721)
12-04 01:22:32.756 17876 17927 W unknown:ReactNative: StatusBarModule: Ignored status bar change, current activity is edge-to-edge.
12-04 01:22:32.758 17876 17931 I TaskService: Finished task 'background-location-task' with eventId 'c96a7a36-8025-4b4f-8895-3b96e077085c'.
12-04 01:22:33.221 17876 17876 D SensorService: Steps: +1 (total: 3026)
12-04 01:22:33.704 17876 17876 D SensorService: Steps: +1 (total: 3027)
12-04 01:22:34.260 17876 17876 D SensorService: Steps: +1 (total: 3028)
12-04 01:22:34.743 17876 17876 D SensorService: Steps: +1 (total: 3029)
12-04 01:22:35.225 17876 17876 D SensorService: Steps: +1 (total: 3030)
12-04 01:22:35.708 17876 17876 D SensorService: Steps: +1 (total: 3031)
12-04 01:22:35.986 17876 17876 D SensorService: Location availability: false
12-04 01:22:35.995 17876 17876 I TaskService: Handling intent with task name 'background-location-task' and app scoping identifier 'com.pacetry.app'.
12-04 01:22:36.190 17876 17876 D SensorService: Steps: +1 (total: 3032)
12-04 01:22:36.385 17876 17876 D SensorService: Location availability: true
12-04 01:22:36.389 17876 17926 I ReactNativeJS: ?뱤 GPS: 5.00 km/h ??walking
12-04 01:22:36.392 17876 17876 I TaskService: Handling intent with task name 'background-location-task' and app scoping identifier 'com.pacetry.app'.
12-04 01:22:36.401 17876 17876 I TaskService: Handling intent with task name 'background-location-task' and app scoping identifier 'com.pacetry.app'.
12-04 01:22:36.402 17876 17876 W JobInfo : Job 'com.pacetry.app/expo.modules.taskManager.TaskJobService#0' has a deadline with no functional constraints. The deadline won't improve job execution latency. Consider removing the deadline.
12-04 01:22:36.418 17876 17876 I TaskService: Handling job with task name 'background-location-task' for app with scoping identifier 'com.pacetry.app'.
12-04 01:22:36.420 17876 17926 I ReactNativeJS: ?뱧 諛깃렇?쇱슫???꾩튂 ?섏쭛?? 1媛? 珥? 19媛?
12-04 01:22:36.420 17876 17927 W unknown:ReactNative: StatusBarModule: Ignored status bar change, current activity is edge-to-edge.
12-04 01:22:36.420 17876 17926 I ReactNativeJS:    ?붴? 理쒖떊: (37.558505, 126.907779)
12-04 01:22:36.421 17876 17927 W unknown:ReactNative: StatusBarModule: Ignored status bar change, current activity is edge-to-edge.
12-04 01:22:36.421 17876 17931 I TaskService: Finished task 'background-location-task' with eventId '831f451b-5216-4b48-b699-6dcf11e326fd'.
12-04 01:22:36.669 17876 17876 D SensorService: Steps: +1 (total: 3033)
12-04 01:22:37.224 17876 17876 D SensorService: Steps: +1 (total: 3034)
12-04 01:22:37.360 17876 17926 I ReactNativeJS: ?뱤 GPS: 2.70 km/h ??walking
12-04 01:22:37.369 17876 17876 I TaskService: Handling intent with task name 'background-location-task' and app scoping identifier 'com.pacetry.app'.
12-04 01:22:37.415 17876 17927 W unknown:ReactNative: StatusBarModule: Ignored status bar change, current activity is edge-to-edge.
12-04 01:22:37.416 17876 17927 W unknown:ReactNative: StatusBarModule: Ignored status bar change, current activity is edge-to-edge.
12-04 01:22:37.706 17876 17876 D SensorService: Steps: +1 (total: 3035)
12-04 01:22:38.186 17876 17876 D SensorService: Steps: +1 (total: 3036)
12-04 01:22:38.345 17876 17926 I ReactNativeJS: ?뱤 GPS: 4.69 km/h ??walking
12-04 01:22:38.356 17876 17876 I TaskService: Handling intent with task name 'background-location-task' and app scoping identifier 'com.pacetry.app'.
12-04 01:22:38.358 17876 17876 W JobInfo : Job 'com.pacetry.app/expo.modules.taskManager.TaskJobService#0' has a deadline with no functional constraints. The deadline won't improve job execution latency. Consider removing the deadline.
12-04 01:22:38.367 17876 17876 I TaskService: Handling job with task name 'background-location-task' for app with scoping identifier 'com.pacetry.app'.
12-04 01:22:38.376 17876 17926 I ReactNativeJS: ?뱧 諛깃렇?쇱슫???꾩튂 ?섏쭛?? 2媛? 珥? 21媛?
12-04 01:22:38.376 17876 17926 I ReactNativeJS:    ?붴? 理쒖떊: (37.558571, 126.907798)
12-04 01:22:38.376 17876 17927 W unknown:ReactNative: StatusBarModule: Ignored status bar change, current activity is edge-to-edge.
12-04 01:22:38.376 17876 17927 W unknown:ReactNative: StatusBarModule: Ignored status bar change, current activity is edge-to-edge.
12-04 01:22:38.377 17876 17931 I TaskService: Finished task 'background-location-task' with eventId 'ca1deaf8-c987-486f-9666-60a523a4a5ed'.
12-04 01:22:38.669 17876 17876 D SensorService: Steps: +1 (total: 3037)
12-04 01:22:39.222 17876 17876 D SensorService: Steps: +1 (total: 3038)
12-04 01:22:39.390 17876 17926 I ReactNativeJS: ?뱤 GPS: 5.08 km/h ??walking
12-04 01:22:39.408 17876 17876 I TaskService: Handling intent with task name 'background-location-task' and app scoping identifier 'com.pacetry.app'.
12-04 01:22:39.410 17876 17876 W JobInfo : Job 'com.pacetry.app/expo.modules.taskManager.TaskJobService#0' has a deadline with no functional constraints. The deadline won't improve job execution latency. Consider removing the deadline.
12-04 01:22:39.426 17876 17876 I TaskService: Handling job with task name 'background-location-task' for app with scoping identifier 'com.pacetry.app'.
12-04 01:22:39.436 17876 17927 W unknown:ReactNative: StatusBarModule: Ignored status bar change, current activity is edge-to-edge.
12-04 01:22:39.436 17876 17927 W unknown:ReactNative: StatusBarModule: Ignored status bar change, current activity is edge-to-edge.
12-04 01:22:39.436 17876 17926 I ReactNativeJS: ?뱧 諛깃렇?쇱슫???꾩튂 ?섏쭛?? 1媛? 珥? 22媛?
12-04 01:22:39.436 17876 17926 I ReactNativeJS:    ?붴? 理쒖떊: (37.558597, 126.907779)
12-04 01:22:39.438 17876 17931 I TaskService: Finished task 'background-location-task' with eventId '149f191a-8771-49f0-9cbc-a4674f20052c'.
12-04 01:22:39.706 17876 17876 D SensorService: Steps: +1 (total: 3039)
12-04 01:22:40.186 17876 17876 D SensorService: Steps: +1 (total: 3040)
12-04 01:22:40.363 17876 17926 I ReactNativeJS: ?뱤 GPS: 5.06 km/h ??walking
12-04 01:22:40.381 17876 17876 I TaskService: Handling intent with task name 'background-location-task' and app scoping identifier 'com.pacetry.app'.
12-04 01:22:40.399 17876 17927 W unknown:ReactNative: StatusBarModule: Ignored status bar change, current activity is edge-to-edge.
12-04 01:22:40.400 17876 17927 W unknown:ReactNative: StatusBarModule: Ignored status bar change, current activity is edge-to-edge.
12-04 01:22:40.671 17876 17876 D SensorService: Steps: +1 (total: 3041)
12-04 01:22:41.142 17876 17876 D SensorService: Steps: +1 (total: 3042)
12-04 01:22:41.343 17876 17926 I ReactNativeJS: ?뱤 GPS: 5.14 km/h ??walking
12-04 01:22:41.357 17876 17876 I TaskService: Handling intent with task name 'background-location-task' and app scoping identifier 'com.pacetry.app'.
12-04 01:22:41.358 17876 17876 W JobInfo : Job 'com.pacetry.app/expo.modules.taskManager.TaskJobService#0' has a deadline with no functional constraints. The deadline won't improve job execution latency. Consider removing the deadline.
12-04 01:22:41.364 17876 17876 I TaskService: Handling job with task name 'background-location-task' for app with scoping identifier 'com.pacetry.app'.
12-04 01:22:41.366 17876 17926 I ReactNativeJS: ?뱧 諛깃렇?쇱슫???꾩튂 ?섏쭛?? 2媛? 珥? 24媛?
12-04 01:22:41.366 17876 17926 I ReactNativeJS:    ?붴? 理쒖떊: (37.558716, 126.907806)
12-04 01:22:41.367 17876 17931 I TaskService: Finished task 'background-location-task' with eventId '455417ee-b102-4713-aea7-a6c632724ac2'.
12-04 01:22:41.629 17876 17876 D SensorService: Steps: +1 (total: 3043)
12-04 01:22:42.103 17876 17876 D SensorService: Steps: +1 (total: 3044)
12-04 01:22:42.314 17876 17926 I ReactNativeJS: ?뱤 GPS: 5.20 km/h ??walking
12-04 01:22:42.332 17876 17876 I TaskService: Handling intent with task name 'background-location-task' and app scoping identifier 'com.pacetry.app'.
12-04 01:22:42.660 17876 17876 D SensorService: Steps: +1 (total: 3045)
12-04 01:22:46.182 17876 17876 D SensorService: Steps: +7 (total: 3052)
12-04 01:22:46.500 17876 17876 D SensorService: Steps: +1 (total: 3053)
12-04 01:22:46.983 17876 17876 D SensorService: Steps: +1 (total: 3054)
12-04 01:22:47.542 17876 17876 D SensorService: Steps: +1 (total: 3055)
12-04 01:22:47.950 17876 17876 D SensorService: Steps: +1 (total: 3056)
12-04 01:22:48.428 17876 17876 D SensorService: Steps: +1 (total: 3057)
12-04 01:22:48.701 17876 17926 I ReactNativeJS: ?뱤 GPS: 5.28 km/h ??walking
12-04 01:22:48.717 17876 17876 I TaskService: Handling intent with task name 'background-location-task' and app scoping identifier 'com.pacetry.app'.
12-04 01:22:48.719 17876 17876 W JobInfo : Job 'com.pacetry.app/expo.modules.taskManager.TaskJobService#0' has a deadline with no functional constraints. The deadline won't improve job execution latency. Consider removing the deadline.
12-04 01:22:48.726 17876 17876 I TaskService: Handling job with task name 'background-location-task' for app with scoping identifier 'com.pacetry.app'.
12-04 01:22:48.749 17876 17927 W unknown:ReactNative: StatusBarModule: Ignored status bar change, current activity is edge-to-edge.
12-04 01:22:48.749 17876 17927 W unknown:ReactNative: StatusBarModule: Ignored status bar change, current activity is edge-to-edge.
12-04 01:22:48.749 17876 17926 I ReactNativeJS: ?뱧 諛깃렇?쇱슫???꾩튂 ?섏쭛?? 2媛? 珥? 26媛?
12-04 01:22:48.749 17876 17926 I ReactNativeJS:    ?붴? 理쒖떊: (37.558716, 126.907674)
12-04 01:22:48.750 17876 17931 I TaskService: Finished task 'background-location-task' with eventId 'e12862b1-e480-4efa-abd1-055e03383b73'.
12-04 01:22:48.909 17876 17876 D SensorService: Steps: +1 (total: 3058)
12-04 01:22:49.463 17876 17876 D SensorService: Steps: +1 (total: 3059)
12-04 01:22:49.870 17876 17876 D SensorService: Steps: +1 (total: 3060)
12-04 01:22:50.423 17876 17876 D SensorService: Steps: +1 (total: 3061)
12-04 01:22:54.181 17876 17876 D SensorService: Steps: +7 (total: 3068)
12-04 01:22:54.349 17876 17876 D SensorService: Steps: +1 (total: 3069)
12-04 01:22:54.824 17876 17876 D SensorService: Steps: +1 (total: 3070)
12-04 01:22:54.840 17876 17876 I TaskService: Handling intent with task name 'background-location-task' and app scoping identifier 'com.pacetry.app'.
12-04 01:22:54.842 17876 17876 D SensorService: Location availability: false
12-04 01:22:55.307 17876 17876 D SensorService: Steps: +1 (total: 3071)
12-04 01:22:55.789 17876 17876 D SensorService: Steps: +1 (total: 3072)
12-04 01:22:56.267 17876 17876 D SensorService: Steps: +1 (total: 3073)
12-04 01:22:56.811 17876 17876 D SensorService: Location availability: true
12-04 01:22:56.816 17876 17926 I ReactNativeJS: ?뱤 GPS: 6.18 km/h ??walking
12-04 01:22:56.823 17876 17876 I TaskService: Handling intent with task name 'background-location-task' and app scoping identifier 'com.pacetry.app'.
12-04 01:22:56.832 17876 17876 D SensorService: Steps: +1 (total: 3074)
12-04 01:22:56.840 17876 17876 W JobInfo : Job 'com.pacetry.app/expo.modules.taskManager.TaskJobService#0' has a deadline with no functional constraints. The deadline won't improve job execution latency. Consider removing the deadline.
12-04 01:22:56.852 17876 17876 I TaskService: Handling intent with task name 'background-location-task' and app scoping identifier 'com.pacetry.app'.
12-04 01:22:56.856 17876 17876 I TaskService: Handling job with task name 'background-location-task' for app with scoping identifier 'com.pacetry.app'.
12-04 01:22:56.858 17876 17926 I ReactNativeJS: ?뱧 諛깃렇?쇱슫???꾩튂 ?섏쭛?? 1媛? 珥? 27媛?
12-04 01:22:56.858 17876 17926 I ReactNativeJS:    ?붴? 理쒖떊: (37.558752, 126.907511)
12-04 01:22:56.859 17876 17927 W unknown:ReactNative: StatusBarModule: Ignored status bar change, current activity is edge-to-edge.
12-04 01:22:56.859 17876 17927 W unknown:ReactNative: StatusBarModule: Ignored status bar change, current activity is edge-to-edge.
12-04 01:22:56.859 17876 17931 I TaskService: Finished task 'background-location-task' with eventId 'e754c156-f683-4917-aa51-6a5ce26390e3'.
12-04 01:22:57.311 17876 17876 D SensorService: Steps: +1 (total: 3075)
12-04 01:22:57.790 17876 17876 D SensorService: Steps: +1 (total: 3076)
12-04 01:22:58.270 17876 17876 D SensorService: Steps: +1 (total: 3077)
12-04 01:22:58.822 17876 17876 D SensorService: Steps: +1 (total: 3078)
12-04 01:22:59.312 17876 17876 D SensorService: Steps: +1 (total: 3079)
12-04 01:22:59.356 17876 17876 D SensorService: Location availability: false
12-04 01:22:59.359 17876 17876 I TaskService: Handling intent with task name 'background-location-task' and app scoping identifier 'com.pacetry.app'.
12-04 01:22:59.789 17876 17876 D SensorService: Steps: +1 (total: 3080)
12-04 01:23:00.268 17876 17876 D SensorService: Steps: +1 (total: 3081)
12-04 01:23:00.423 17876 17876 D SensorService: Location availability: true
12-04 01:23:00.426 17876 17876 I TaskService: Handling intent with task name 'background-location-task' and app scoping identifier 'com.pacetry.app'.
12-04 01:23:00.742 17876 17876 D SensorService: Steps: +1 (total: 3082)
12-04 01:23:01.301 17876 17876 D SensorService: Steps: +1 (total: 3083)
12-04 01:23:01.399 17876 17926 I ReactNativeJS: ?뱤 GPS: 1.90 km/h ??walking
12-04 01:23:01.426 17876 17876 I TaskService: Handling intent with task name 'background-location-task' and app scoping identifier 'com.pacetry.app'.
12-04 01:23:01.428 17876 17876 W JobInfo : Job 'com.pacetry.app/expo.modules.taskManager.TaskJobService#0' has a deadline with no functional constraints. The deadline won't improve job execution latency. Consider removing the deadline.
12-04 01:23:01.438 17876 17876 I TaskService: Handling job with task name 'background-location-task' for app with scoping identifier 'com.pacetry.app'.
12-04 01:23:01.441 17876 17926 I ReactNativeJS: ?뱧 諛깃렇?쇱슫???꾩튂 ?섏쭛?? 2媛? 珥? 29媛?
12-04 01:23:01.441 17876 17926 I ReactNativeJS:    ?붴? 理쒖떊: (37.558764, 126.907517)
12-04 01:23:01.442 17876 17931 I TaskService: Finished task 'background-location-task' with eventId '4ccd3152-b148-4507-ab8e-54764002c478'.
12-04 01:23:01.791 17876 17876 D SensorService: Steps: +1 (total: 3084)
12-04 01:23:02.263 17876 17876 D SensorService: Steps: +1 (total: 3085)
12-04 01:23:02.398 17876 17926 I ReactNativeJS: ?뱤 GPS: 4.77 km/h ??walking
12-04 01:23:02.425 17876 17876 I TaskService: Handling intent with task name 'background-location-task' and app scoping identifier 'com.pacetry.app'.
12-04 01:23:02.427 17876 17876 W JobInfo : Job 'com.pacetry.app/expo.modules.taskManager.TaskJobService#0' has a deadline with no functional constraints. The deadline won't improve job execution latency. Consider removing the deadline.
12-04 01:23:02.431 17876 17927 W unknown:ReactNative: StatusBarModule: Ignored status bar change, current activity is edge-to-edge.
12-04 01:23:02.431 17876 17927 W unknown:ReactNative: StatusBarModule: Ignored status bar change, current activity is edge-to-edge.
12-04 01:23:02.440 17876 17876 I TaskService: Handling job with task name 'background-location-task' for app with scoping identifier 'com.pacetry.app'.
12-04 01:23:02.443 17876 17926 I ReactNativeJS: ?뱧 諛깃렇?쇱슫???꾩튂 ?섏쭛?? 1媛? 珥? 30媛?
12-04 01:23:02.443 17876 17926 I ReactNativeJS:    ?붴? 理쒖떊: (37.558778, 126.907496)
12-04 01:23:02.444 17876 17931 I TaskService: Finished task 'background-location-task' with eventId '619d134c-7875-4834-b202-5ce820c1df5f'.
12-04 01:23:02.742 17876 17876 D SensorService: Steps: +1 (total: 3086)
12-04 01:23:03.228 17876 17876 D SensorService: Steps: +1 (total: 3087)
12-04 01:23:03.383 17876 17926 I ReactNativeJS: ?뱤 GPS: 5.25 km/h ??walking
12-04 01:23:03.400 17876 17876 I TaskService: Handling intent with task name 'background-location-task' and app scoping identifier 'com.pacetry.app'.
12-04 01:23:03.422 17876 17927 W unknown:ReactNative: StatusBarModule: Ignored status bar change, current activity is edge-to-edge.
12-04 01:23:03.423 17876 17927 W unknown:ReactNative: StatusBarModule: Ignored status bar change, current activity is edge-to-edge.
12-04 01:23:03.707 17876 17876 D SensorService: Steps: +1 (total: 3088)
12-04 01:23:04.261 17876 17876 D SensorService: Steps: +1 (total: 3089)
12-04 01:23:04.386 17876 17926 I ReactNativeJS: ?뱤 GPS: 5.22 km/h ??walking
12-04 01:23:04.399 17876 17876 I TaskService: Handling intent with task name 'background-location-task' and app scoping identifier 'com.pacetry.app'.
12-04 01:23:04.401 17876 17876 W JobInfo : Job 'com.pacetry.app/expo.modules.taskManager.TaskJobService#0' has a deadline with no functional constraints. The deadline won't improve job execution latency. Consider removing the deadline.
12-04 01:23:04.418 17876 17876 I TaskService: Handling job with task name 'background-location-task' for app with scoping identifier 'com.pacetry.app'.
12-04 01:23:04.426 17876 17926 I ReactNativeJS: ?뱧 諛깃렇?쇱슫???꾩튂 ?섏쭛?? 2媛? 珥? 32媛?
12-04 01:23:04.426 17876 17926 I ReactNativeJS:    ?붴? 理쒖떊: (37.558880, 126.907442)
12-04 01:23:04.426 17876 17927 W unknown:ReactNative: StatusBarModule: Ignored status bar change, current activity is edge-to-edge.
12-04 01:23:04.427 17876 17927 W unknown:ReactNative: StatusBarModule: Ignored status bar change, current activity is edge-to-edge.
12-04 01:23:04.427 17876 17931 I TaskService: Finished task 'background-location-task' with eventId '9d9efa38-eeef-4244-bd31-0e92de67d526'.
12-04 01:23:04.749 17876 17876 D SensorService: Steps: +1 (total: 3090)
12-04 01:23:05.228 17876 17876 D SensorService: Steps: +1 (total: 3091)
12-04 01:23:05.360 17876 17926 I ReactNativeJS: ?뱤 GPS: 5.20 km/h ??walking
12-04 01:23:05.368 17876 17876 I TaskService: Handling intent with task name 'background-location-task' and app scoping identifier 'com.pacetry.app'.
12-04 01:23:05.396 17876 17927 W unknown:ReactNative: StatusBarModule: Ignored status bar change, current activity is edge-to-edge.
12-04 01:23:05.396 17876 17927 W unknown:ReactNative: StatusBarModule: Ignored status bar change, current activity is edge-to-edge.
12-04 01:23:05.709 17876 17876 D SensorService: Steps: +1 (total: 3092)
12-04 01:23:06.190 17876 17876 D SensorService: Steps: +1 (total: 3093)
12-04 01:23:06.359 17876 17926 I ReactNativeJS: ?뱤 GPS: 5.18 km/h ??walking
12-04 01:23:06.377 17876 17876 I TaskService: Handling intent with task name 'background-location-task' and app scoping identifier 'com.pacetry.app'.
12-04 01:23:06.379 17876 17876 W JobInfo : Job 'com.pacetry.app/expo.modules.taskManager.TaskJobService#0' has a deadline with no functional constraints. The deadline won't improve job execution latency. Consider removing the deadline.
12-04 01:23:06.398 17876 17876 I TaskService: Handling job with task name 'background-location-task' for app with scoping identifier 'com.pacetry.app'.
12-04 01:23:06.415 17876 17926 I ReactNativeJS: ?뱧 諛깃렇?쇱슫???꾩튂 ?섏쭛?? 2媛? 珥? 34媛?
12-04 01:23:06.415 17876 17926 I ReactNativeJS:    ?붴? 理쒖떊: (37.558986, 126.907480)
12-04 01:23:06.416 17876 17927 W unknown:ReactNative: StatusBarModule: Ignored status bar change, current activity is edge-to-edge.
12-04 01:23:06.416 17876 17927 W unknown:ReactNative: StatusBarModule: Ignored status bar change, current activity is edge-to-edge.
12-04 01:23:06.417 17876 17931 I TaskService: Finished task 'background-location-task' with eventId '89e7ccbc-a7b9-4454-bb70-d768bc3498a4'.
12-04 01:23:06.669 17876 17876 D SensorService: Steps: +1 (total: 3094)
12-04 01:23:07.220 17876 17876 D SensorService: Steps: +1 (total: 3095)
12-04 01:23:07.332 17876 17926 I ReactNativeJS: ?뱤 GPS: 5.03 km/h ??walking
12-04 01:23:07.357 17876 17876 I TaskService: Handling intent with task name 'background-location-task' and app scoping identifier 'com.pacetry.app'.
12-04 01:23:07.390 17876 17927 W unknown:ReactNative: StatusBarModule: Ignored status bar change, current activity is edge-to-edge.
