12-04 01:21:39.179 17876 17876 W WindowOnBackDispatcher: Set 'android:enableOnBackInvokedCallback="true"' in the application manifest.
12-04 01:21:39.184 17876 17876 I Dialog  : mIsDeviceDefault = false, mIsSamsungBasicInteraction = false, isMetaDataInActivity = false
12-04 01:21:39.191 17876 17876 I DecorView: setWindowBackground: isPopOver=false color=ff010102 d=android.graphics.drawable.InsetDrawable@8caf9ec
12-04 01:21:39.206 17876 17876 D ScrollView: initGoToTop
12-04 01:21:39.212 17876 17876 I WindowManager: WindowManagerGlobal#addView, ty=2, view=com.android.internal.policy.DecorView{70edea2 V.E...... R.....I. 0,0-0,0}[MainActivity], caller=android.view.WindowManagerImpl.addView:158 android.app.Dialog.show:511 androidx.fragment.app.DialogFragment.onStart:993 
12-04 01:21:39.216 17876 17876 I ViewRootImpl: dVRR is disabled
12-04 01:21:39.217 17876 17892 D NativeCustomFrequencyManager: [NativeCFMS] BpCustomFrequencyManager::BpCustomFrequencyManager()
12-04 01:21:39.224 17876 17927 W unknown:ReactNative: StatusBarModule: Ignored status bar change, current activity is edge-to-edge.
12-04 01:21:39.224 17876 17927 W unknown:ReactNative: StatusBarModule: Ignored status bar change, current activity is edge-to-edge.
12-04 01:21:39.233 17876 17876 D InputTransport: Input channel constructed: '8c66263', fd=178
12-04 01:21:39.234 17876 17876 I InsetsController: onStateChanged: host=com.pacetry.app/com.pacetry.app.MainActivity, from=android.view.ViewRootImpl.setView:1999, state=InsetsState: {mDisplayFrame=Rect(0, 0 - 1080, 2340), mDisplayCutout=DisplayCutout{insets=Rect(0, 73 - 0, 0) waterfall=Insets{left=0, top=0, right=0, bottom=0} boundingRect={Bounds=[Rect(0, 0 - 0, 0), Rect(484, 0 - 596, 73), Rect(0, 0 - 0, 0), Rect(0, 0 - 0, 0)]} cutoutPathParserInfo={CutoutPathParserInfo{displayWidth=1080 displayHeight=2340 physicalDisplayWidth=1080 physicalDisplayHeight=2340 density={2.8125} cutoutSpec={M 0,0 H -25.6 V 26.66666666666667 H 25.6 V 0 H 0 Z @dp} rotation={0} scale={1.0} physicalPixelDisplaySizeRatio={1.0}}} sideOverrides={}}, mRoundedCorners=RoundedCorners{[RoundedCorner{position=TopLeft, radius=113, center=Point(113, 113)}, RoundedCorner{position=TopRight, radius=113, center=Point(967, 113)}, RoundedCorner{position=BottomRight, radius=113, center=Point(967, 2227)}, RoundedCorner{position=BottomLeft, radius=113, center=Point(113, 2227)}]}  mRoundedCornerFrame=Rect(0, 0 - 1080, 2340), mPrivacyIndicatorBounds=PrivacyIndicatorBounds {static bounds=Rect(956, 0 - 1080, 82) rotation=0}, mDisplayShape=DisplayShape{ spec=-311912193 displayWidth=1080 displayHeight=2340 physicalPixelDisplaySizeRatio=1.0 rotation=0 offsetX=0 offsetY=0 scale=1.0}, mSources= { InsetsSource: {f07c0000 mType=statusBars mFrame=[0,0][1080,82] mVisible=true mFlags= mSideHint=TOP mBoundingRects=null}, InsetsSource: {f07c0005 mType=mandatorySystemGestures mFrame=[0,0][1080,107] mVisible=true mFlags= mSideHint=TOP mBoundingRects=null}, InsetsSource: {f07c0006 mType=tappableElement mFrame=[0,0][1080,82] mVisible=true mFlags= mSideHint=TOP mBoundingRects=null}, InsetsSource: {f1600001 mType=navigationBars mFrame=[0,2205][1080,2340] mVisible=true mFlags= mSideHint=BOTTOM mBoundingRects=null}, InsetsSource: {f1600004 mType=systemGestures mFrame=[0,0][0,0] mVisible=true mFlags= mSideHint=NONE mBoundingRects=null}, InsetsSource: {f1600005 mType=mandatorySystemGestures mFrame=[0,2205][1080,2340] mVisible=true mFlags= mSideHint=BOTTOM mBoundingRects=null}, InsetsSource: {f1600006 mType=tappableElement mFrame=[0,2205][1080,2340] mVisible=true mFlags= mSideHint=BOTTOM mBoundingRects=null}, InsetsSource: {f1600024 mType=systemGestures mFrame=[0,0][0,0] mVisible=true mFlags= mSideHint=NONE mBoundingRects=null}, InsetsSource: {27 mType=displayCutout mFrame=[0,0][1080,73] mVisible=true mFlags= mSideHint=TOP mBoundingRects=null} }
12-04 01:21:39.234 17876 17876 I VRI[MainActivity]@c765733: synced displayState. AttachInfo displayState=2
12-04 01:21:39.234 17876 17876 I VRI[MainActivity]@c765733: setView = com.android.internal.policy.DecorView@70edea2 IsHRR=false TM=true
12-04 01:21:39.266 17876 17876 I InsetsSourceConsumer: applyRequestedVisibilityToControl: visible=true, type=statusBars, host=com.pacetry.app/com.pacetry.app.MainActivity
12-04 01:21:39.267 17876 17876 D BufferQueueConsumer: [](id:45d400000032,api:0,p:-1,c:17876) connect: controlledByApp=false
12-04 01:21:39.267 17876 17876 I BLASTBufferQueue: [VRI[MainActivity]@c765733#50](f:0,a:0,s:0) constructor()
12-04 01:21:39.268 17876 17876 I BLASTBufferQueue_Java: new BLASTBufferQueue, mName= VRI[MainActivity]@c765733 mNativeObject= 0xb4000076c06aa750 sc.mNativeObject= 0xb4000076503519d0 caller= android.view.ViewRootImpl.updateBlastSurfaceIfNeeded:3397 android.view.ViewRootImpl.relayoutWindow:11361 android.view.ViewRootImpl.performTraversals:4544 android.view.ViewRootImpl.doTraversal:3708 android.view.ViewRootImpl$TraversalRunnable.run:12542 android.view.Choreographer$CallbackRecord.run:1751 android.view.Choreographer$CallbackRecord.run:1760 android.view.Choreographer.doCallbacks:1216 android.view.Choreographer.doFrame:1142 android.view.Choreographer$FrameDisplayEventReceiver.run:1707 
12-04 01:21:39.268 17876 17876 I BLASTBufferQueue_Java: update, w= 1206 h= 736 mName = VRI[MainActivity]@c765733 mNativeObject= 0xb4000076c06aa750 sc.mNativeObject= 0xb4000076503519d0 format= -3 caller= android.graphics.BLASTBufferQueue.<init>:88 android.view.ViewRootImpl.updateBlastSurfaceIfNeeded:3397 android.view.ViewRootImpl.relayoutWindow:11361 android.view.ViewRootImpl.performTraversals:4544 android.view.ViewRootImpl.doTraversal:3708 android.view.ViewRootImpl$TraversalRunnable.run:12542 
12-04 01:21:39.268 17876 17876 I BLASTBufferQueue: [VRI[MainActivity]@c765733#50](f:0,a:0,s:0) update width=1206 height=736 format=-3 mTransformHint=0
12-04 01:21:39.268 17876 17876 I VRI[MainActivity]@c765733: Relayout returned: old=(0,82,1080,2205) new=(27,865,1053,1421) relayoutAsync=false req=(1026,556)0 dur=13 res=0x3 s={true 0xb4000077002fd480} ch=true seqId=0
12-04 01:21:39.270 17876 17876 I VRI[MainActivity]@c765733: performConfigurationChange setNightDimText nightDimLevel=0
12-04 01:21:39.271 17876 17876 D VRI[MainActivity]@c765733: mThreadedRenderer.initialize() mSurface={isValid=true 0xb4000077002fd480} hwInitialized=true
12-04 01:21:39.275 17876 17876 D ScrollView:  onsize change changed 
12-04 01:21:39.275 17876 17876 D VRI[MainActivity]@c765733: reportNextDraw android.view.ViewRootImpl.performTraversals:5193 android.view.ViewRootImpl.doTraversal:3708 android.view.ViewRootImpl$TraversalRunnable.run:12542 android.view.Choreographer$CallbackRecord.run:1751 android.view.Choreographer$CallbackRecord.run:1760 
12-04 01:21:39.275 17876 17876 D VRI[MainActivity]@c765733: Setup new sync=wmsSync-VRI[MainActivity]@c765733#44
12-04 01:21:39.275 17876 17876 I VRI[MainActivity]@c765733: Creating new active sync group VRI[MainActivity]@c765733#45
12-04 01:21:39.276 17876 17876 D VRI[MainActivity]@c765733: registerCallbacksForSync syncBuffer=false
12-04 01:21:39.278 17876 18182 D VRI[MainActivity]@c765733: Received frameDrawingCallback syncResult=0 frameNum=1.
12-04 01:21:39.278 17876 18182 I VRI[MainActivity]@c765733: mWNT: t=0xb400007640523e10 mBlastBufferQueue=0xb4000076c06aa750 fn= 1 HdrRenderState mRenderHdrSdrRatio=1.0 caller= android.view.ViewRootImpl$11.onFrameDraw:15016 android.view.ThreadedRenderer$1.onFrameDraw:761 <bottom of call stack> 
12-04 01:21:39.278 17876 18182 I VRI[MainActivity]@c765733: Setting up sync and frameCommitCallback
12-04 01:21:39.281 17876 17892 I BLASTBufferQueue: [VRI[MainActivity]@c765733#50](f:0,a:0,s:0) onFrameAvailable the first frame is available
12-04 01:21:39.282 17876 17892 I BLASTBufferQueue: [VRI[MainActivity]@c765733#50](f:0,a:1,s:0) acquireNextBufferLocked size=1206x736 mFrameNumber=1 applyTransaction=true mTimestamp=468683489427549(auto) mPendingTransactions.size=0 graphicBufferId=76776835398439 transform=0
12-04 01:21:39.283 17876 17892 I VRI[MainActivity]@c765733: Received frameCommittedCallback lastAttemptedDrawFrameNum=1 didProduceBuffer=true
12-04 01:21:39.285 17876 17892 D HWUI    : CFMS:: SetUp Pid : 17876    Tid : 17892
12-04 01:21:39.285 17876 17876 D VRI[MainActivity]@c765733: reportDrawFinished seqId=0
12-04 01:21:39.306 17876 17892 D HWUI    : HWUI - treat SMPTE_170M as sRGB
12-04 01:21:39.311 17876 17876 I VRI[MainActivity]@b22df93: call setFrameRateCategory for touch hint category=no preference, reason=boost timeout, vri=VRI[MainActivity]@b22df93
12-04 01:21:39.324 17876 17876 I ImeFocusController: onPreWindowFocus: skipped hasWindowFocus=false mHasImeFocus=true
12-04 01:21:39.325 17876 17876 I ImeFocusController: onPostWindowFocus: skipped hasWindowFocus=false mHasImeFocus=true
12-04 01:21:39.344 17876 17876 D VRI[MainActivity]@c765733: mThreadedRenderer.initializeIfNeeded()#2 mSurface={isValid=true 0xb4000077002fd480}
12-04 01:21:39.344 17876 17876 I ImeFocusController: onPreWindowFocus: skipped hasWindowFocus=true mHasImeFocus=false
12-04 01:21:39.344 17876 17876 I ImeFocusController: onPostWindowFocus: skipped hasWindowFocus=true mHasImeFocus=false
12-04 01:21:39.426 17876 17876 I View    : setRequestedFrameRate frameRate=-4.0, this=com.reactnativecommunity.webview.RNCWebView{75a237b VFEDHVC.. ........ 0,0-1080,2067 aid=1073741873}, caller=WV.hf.b:1 WV.jg.h:118 WV.jg.onDraw:7 com.android.webview.chromium.WebViewChromium.onDraw:19 android.webkit.WebView.onDraw:2959 
12-04 01:21:39.444 17876 17926 I ReactNativeJS: 'WebView:', 'KAKAO_MAP_WITH_ROUTE_READY'
12-04 01:21:39.462 17876 17876 I View    : setRequestedFrameRate frameRate=-4.0, this=com.reactnativecommunity.webview.RNCWebView{75a237b VFEDHVC.. ........ 0,0-1080,2067 aid=1073741873}, caller=WV.hf.b:1 WV.jg.h:118 WV.jg.onDraw:7 com.android.webview.chromium.WebViewChromium.onDraw:19 android.webkit.WebView.onDraw:2959 
12-04 01:21:39.475 17876 17876 I View    : setRequestedFrameRate frameRate=-4.0, this=com.reactnativecommunity.webview.RNCWebView{75a237b VFEDHVC.. ........ 0,0-1080,2067 aid=1073741873}, caller=WV.hf.b:1 WV.jg.h:118 WV.jg.onDraw:7 com.android.webview.chromium.WebViewChromium.onDraw:19 android.webkit.WebView.onDraw:2959 
12-04 01:21:39.512 17876 17876 I View    : setRequestedFrameRate frameRate=-4.0, this=com.reactnativecommunity.webview.RNCWebView{75a237b VFEDHVC.. ........ 0,0-1080,2067 aid=1073741873}, caller=WV.hf.b:1 WV.jg.h:118 WV.jg.onDraw:7 com.android.webview.chromium.WebViewChromium.onDraw:19 android.webkit.WebView.onDraw:2959 
12-04 01:21:39.530 17876 17876 I View    : setRequestedFrameRate frameRate=-4.0, this=com.reactnativecommunity.webview.RNCWebView{75a237b VFEDHVC.. ........ 0,0-1080,2067 aid=1073741873}, caller=WV.hf.b:1 WV.jg.h:118 WV.jg.onDraw:7 com.android.webview.chromium.WebViewChromium.onDraw:19 android.webkit.WebView.onDraw:2959 
12-04 01:21:39.542 17876 17876 I View    : setRequestedFrameRate frameRate=-4.0, this=com.reactnativecommunity.webview.RNCWebView{75a237b VFEDHVC.. ........ 0,0-1080,2067 aid=1073741873}, caller=WV.hf.b:1 WV.jg.h:118 WV.jg.onDraw:7 com.android.webview.chromium.WebViewChromium.onDraw:19 android.webkit.WebView.onDraw:2959 
12-04 01:21:39.567 17876 17876 I View    : setRequestedFrameRate frameRate=-4.0, this=com.reactnativecommunity.webview.RNCWebView{75a237b VFEDHVC.. ........ 0,0-1080,2067 aid=1073741873}, caller=WV.hf.b:1 WV.jg.h:118 WV.jg.onDraw:7 com.android.webview.chromium.WebViewChromium.onDraw:19 android.webkit.WebView.onDraw:2959 
12-04 01:21:39.575 17876 17876 I View    : setRequestedFrameRate frameRate=-4.0, this=com.reactnativecommunity.webview.RNCWebView{75a237b VFEDHVC.. ........ 0,0-1080,2067 aid=1073741873}, caller=WV.hf.b:1 WV.jg.h:118 WV.jg.onDraw:7 com.android.webview.chromium.WebViewChromium.onDraw:19 android.webkit.WebView.onDraw:2959 
12-04 01:21:40.093 17876 17876 I VRI[MainActivity]@c765733: ViewPostIme pointer 0
12-04 01:21:40.093 17876 17876 I VRI[MainActivity]@c765733: call setFrameRateCategory for touch hint category=high hint, reason=touch, vri=VRI[MainActivity]@c765733
12-04 01:21:40.164 17876 17876 I VRI[MainActivity]@c765733: ViewPostIme pointer 1
12-04 01:21:40.179 17876 17876 I WindowManager: WindowManagerGlobal#removeView, ty=2, view=com.android.internal.policy.DecorView{70edea2 V.E...... R....... 0,0-1026,556}[MainActivity], caller=android.view.WindowManagerGlobal.removeView:626 android.view.WindowManagerImpl.removeViewImmediate:216 android.app.Dialog.dismissDialog:808 
12-04 01:21:40.179 17876 17876 W WindowOnBackDispatcher: sendCancelIfRunning: isInProgress=false callback=android.view.ViewRootImpl$$ExternalSyntheticLambda15@b2c2876
12-04 01:21:40.182 17876 17892 D HWUI    : endAllActiveAnimators on 0xb4000075706b5740 (RippleDrawable) with handle 0xb400007680375660
12-04 01:21:40.183 17876 17876 I VRI[MainActivity]@c765733: dispatchDetachedFromWindow
12-04 01:21:40.192 17876 17876 D InputTransport: Input channel destroyed: '8c66263', fd=178
12-04 01:21:40.194 17876 17876 W WindowOnBackDispatcher: OnBackInvokedCallback is not enabled for the application.
12-04 01:21:40.194 17876 17876 W WindowOnBackDispatcher: Set 'android:enableOnBackInvokedCallback="true"' in the application manifest.
12-04 01:21:40.197 17876 26678 I BLASTBufferQueue: [VRI[MainActivity]@c765733#50](f:0,a:2,s:0) destructor()
12-04 01:21:40.197 17876 26678 D BufferQueueConsumer: [VRI[MainActivity]@c765733#50(BLAST Consumer)50](id:45d400000032,api:0,p:-1,c:17876) disconnect
12-04 01:21:40.199 17876 17876 I InsetsSourceConsumer: applyRequestedVisibilityToControl: visible=true, type=statusBars, host=com.pacetry.app/com.pacetry.app.MainActivity
12-04 01:21:40.215 17876 17876 D VRI[MainActivity]@b22df93: mThreadedRenderer.initializeIfNeeded()#2 mSurface={isValid=true 0xb4000077002db1c0}
12-04 01:21:40.218 17876 17876 I InputMethodManager: startInputAsyncOnWindowFocusGain - IInputMethodManagerGlobalInvoker.startInputOrWindowGainedFocus
12-04 01:21:40.615 17876 17876 I VRI[MainActivity]@b22df93: ViewPostIme pointer 0
12-04 01:21:40.618 17876 17876 I VRI[MainActivity]@b22df93: call setFrameRateCategory for touch hint category=high hint, reason=touch, vri=VRI[MainActivity]@b22df93
12-04 01:21:40.665 17876 17876 I View    : setRequestedFrameRate frameRate=-4.0, this=com.reactnativecommunity.webview.RNCWebView{75a237b VFEDHVC.. ........ 0,0-1080,2067 aid=1073741873}, caller=WV.hf.b:1 WV.jg.h:118 WV.jg.onDraw:7 com.android.webview.chromium.WebViewChromium.onDraw:19 android.webkit.WebView.onDraw:2959 
12-04 01:21:40.684 17876 17876 I View    : setRequestedFrameRate frameRate=-4.0, this=com.reactnativecommunity.webview.RNCWebView{75a237b VFEDHVC.. ........ 0,0-1080,2067 aid=1073741873}, caller=WV.hf.b:1 WV.jg.h:118 WV.jg.onDraw:7 com.android.webview.chromium.WebViewChromium.onDraw:19 android.webkit.WebView.onDraw:2959 
12-04 01:21:40.740 17876 17876 I View    : setRequestedFrameRate frameRate=-4.0, this=com.reactnativecommunity.webview.RNCWebView{75a237b VFEDHVC.. ........ 0,0-1080,2067 aid=1073741873}, caller=WV.hf.b:1 WV.jg.h:118 WV.jg.onDraw:7 com.android.webview.chromium.WebViewChromium.onDraw:19 android.webkit.WebView.onDraw:2959 
12-04 01:21:40.753 17876 17876 I View    : setRequestedFrameRate frameRate=-4.0, this=com.reactnativecommunity.webview.RNCWebView{75a237b VFEDHVC.. ........ 0,0-1080,2067 aid=1073741873}, caller=WV.hf.b:1 WV.jg.h:118 WV.jg.onDraw:7 com.android.webview.chromium.WebViewChromium.onDraw:19 android.webkit.WebView.onDraw:2959 
12-04 01:21:40.787 17876 17876 I View    : setRequestedFrameRate frameRate=-4.0, this=com.reactnativecommunity.webview.RNCWebView{75a237b VFEDHVC.. ........ 0,0-1080,2067 aid=1073741873}, caller=WV.hf.b:1 WV.jg.h:118 WV.jg.onDraw:7 com.android.webview.chromium.WebViewChromium.onDraw:19 android.webkit.WebView.onDraw:2959 
12-04 01:21:40.837 17876 17876 I View    : setRequestedFrameRate frameRate=-4.0, this=com.reactnativecommunity.webview.RNCWebView{75a237b VFEDHVC.. ........ 0,0-1080,2067 aid=1073741873}, caller=WV.hf.b:1 WV.jg.h:118 WV.jg.onDraw:7 com.android.webview.chromium.WebViewChromium.onDraw:19 android.webkit.WebView.onDraw:2959 
12-04 01:21:40.859 17876 17876 I View    : setRequestedFrameRate frameRate=-4.0, this=com.reactnativecommunity.webview.RNCWebView{75a237b VFEDHVC.. ........ 0,0-1080,2067 aid=1073741873}, caller=WV.hf.b:1 WV.jg.h:118 WV.jg.onDraw:7 com.android.webview.chromium.WebViewChromium.onDraw:19 android.webkit.WebView.onDraw:2959 
12-04 01:21:40.935 17876 17876 I View    : setRequestedFrameRate frameRate=-4.0, this=com.reactnativecommunity.webview.RNCWebView{75a237b VFEDHVC.. ........ 0,0-1080,2067 aid=1073741873}, caller=WV.hf.b:1 WV.jg.h:118 WV.jg.onDraw:7 com.android.webview.chromium.WebViewChromium.onDraw:19 android.webkit.WebView.onDraw:2959 
12-04 01:21:40.974 17876 17876 I View    : setRequestedFrameRate frameRate=-4.0, this=com.reactnativecommunity.webview.RNCWebView{75a237b VFEDHVC.. ........ 0,0-1080,2067 aid=1073741873}, caller=WV.hf.b:1 WV.jg.h:118 WV.jg.onDraw:7 com.android.webview.chromium.WebViewChromium.onDraw:19 android.webkit.WebView.onDraw:2959 
12-04 01:21:41.002 17876 17876 I View    : setRequestedFrameRate frameRate=-4.0, this=com.reactnativecommunity.webview.RNCWebView{75a237b VFEDHVC.. ........ 0,0-1080,2067 aid=1073741873}, caller=WV.hf.b:1 WV.jg.h:118 WV.jg.onDraw:7 com.android.webview.chromium.WebViewChromium.onDraw:19 android.webkit.WebView.onDraw:2959 
12-04 01:21:41.016 17876 17876 I View    : setRequestedFrameRate frameRate=-4.0, this=com.reactnativecommunity.webview.RNCWebView{75a237b VFEDHVC.. ........ 0,0-1080,2067 aid=1073741873}, caller=WV.hf.b:1 WV.jg.h:118 WV.jg.onDraw:7 com.android.webview.chromium.WebViewChromium.onDraw:19 android.webkit.WebView.onDraw:2959 
12-04 01:21:41.039 17876 17876 I View    : setRequestedFrameRate frameRate=-4.0, this=com.reactnativecommunity.webview.RNCWebView{75a237b VFEDHVC.. ........ 0,0-1080,2067 aid=1073741873}, caller=WV.hf.b:1 WV.jg.h:118 WV.jg.onDraw:7 com.android.webview.chromium.WebViewChromium.onDraw:19 android.webkit.WebView.onDraw:2959 
12-04 01:21:41.066 17876 17876 I View    : setRequestedFrameRate frameRate=-4.0, this=com.reactnativecommunity.webview.RNCWebView{75a237b VFEDHVC.. ........ 0,0-1080,2067 aid=1073741873}, caller=WV.hf.b:1 WV.jg.h:118 WV.jg.onDraw:7 com.android.webview.chromium.WebViewChromium.onDraw:19 android.webkit.WebView.onDraw:2959 
12-04 01:21:41.083 17876 17876 I View    : setRequestedFrameRate frameRate=-4.0, this=com.reactnativecommunity.webview.RNCWebView{75a237b VFEDHVC.. ........ 0,0-1080,2067 aid=1073741873}, caller=WV.hf.b:1 WV.jg.h:118 WV.jg.onDraw:7 com.android.webview.chromium.WebViewChromium.onDraw:19 android.webkit.WebView.onDraw:2959 
12-04 01:21:41.123 17876 17876 I View    : setRequestedFrameRate frameRate=-4.0, this=com.reactnativecommunity.webview.RNCWebView{75a237b VFEDHVC.. ........ 0,0-1080,2067 aid=1073741873}, caller=WV.hf.b:1 WV.jg.h:118 WV.jg.onDraw:7 com.android.webview.chromium.WebViewChromium.onDraw:19 android.webkit.WebView.onDraw:2959 
12-04 01:21:41.138 17876 17876 I View    : setRequestedFrameRate frameRate=-4.0, this=com.reactnativecommunity.webview.RNCWebView{75a237b VFEDHVC.. ........ 0,0-1080,2067 aid=1073741873}, caller=WV.hf.b:1 WV.jg.h:118 WV.jg.onDraw:7 com.android.webview.chromium.WebViewChromium.onDraw:19 android.webkit.WebView.onDraw:2959 
12-04 01:21:41.171 17876 17876 I View    : setRequestedFrameRate frameRate=-4.0, this=com.reactnativecommunity.webview.RNCWebView{75a237b VFEDHVC.. ........ 0,0-1080,2067 aid=1073741873}, caller=WV.hf.b:1 WV.jg.h:118 WV.jg.onDraw:7 com.android.webview.chromium.WebViewChromium.onDraw:19 android.webkit.WebView.onDraw:2959 
12-04 01:21:41.184 17876 17876 I View    : setRequestedFrameRate frameRate=-4.0, this=com.reactnativecommunity.webview.RNCWebView{75a237b VFEDHVC.. ........ 0,0-1080,2067 aid=1073741873}, caller=WV.hf.b:1 WV.jg.h:118 WV.jg.onDraw:7 com.android.webview.chromium.WebViewChromium.onDraw:19 android.webkit.WebView.onDraw:2959 
12-04 01:21:41.206 17876 17876 I View    : setRequestedFrameRate frameRate=-4.0, this=com.reactnativecommunity.webview.RNCWebView{75a237b VFEDHVC.. ........ 0,0-1080,2067 aid=1073741873}, caller=WV.hf.b:1 WV.jg.h:118 WV.jg.onDraw:7 com.android.webview.chromium.WebViewChromium.onDraw:19 android.webkit.WebView.onDraw:2959 
12-04 01:21:41.218 17876 17876 I View    : setRequestedFrameRate frameRate=-4.0, this=com.reactnativecommunity.webview.RNCWebView{75a237b VFEDHVC.. ........ 0,0-1080,2067 aid=1073741873}, caller=WV.hf.b:1 WV.jg.h:118 WV.jg.onDraw:7 com.android.webview.chromium.WebViewChromium.onDraw:19 android.webkit.WebView.onDraw:2959 
12-04 01:21:41.239 17876 17876 I VRI[MainActivity]@b22df93: ViewPostIme pointer 1
12-04 01:21:41.244 17876 17876 I View    : setRequestedFrameRate frameRate=-4.0, this=com.reactnativecommunity.webview.RNCWebView{75a237b VFEDHVC.. ........ 0,0-1080,2067 aid=1073741873}, caller=WV.hf.b:1 WV.jg.h:118 WV.jg.onDraw:7 com.android.webview.chromium.WebViewChromium.onDraw:19 android.webkit.WebView.onDraw:2959 
12-04 01:21:41.255 17876 17876 I View    : setRequestedFrameRate frameRate=-4.0, this=com.reactnativecommunity.webview.RNCWebView{75a237b VFEDHVC.. ........ 0,0-1080,2067 aid=1073741873}, caller=WV.hf.b:1 WV.jg.h:118 WV.jg.onDraw:7 com.android.webview.chromium.WebViewChromium.onDraw:19 android.webkit.WebView.onDraw:2959 
12-04 01:21:41.274 17876 17876 I View    : setRequestedFrameRate frameRate=-4.0, this=com.reactnativecommunity.webview.RNCWebView{75a237b VFEDHVC.. ........ 0,0-1080,2067 aid=1073741873}, caller=WV.hf.b:1 WV.jg.h:118 WV.jg.onDraw:7 com.android.webview.chromium.WebViewChromium.onDraw:19 android.webkit.WebView.onDraw:2959 
12-04 01:21:41.299 17876 17876 I View    : setRequestedFrameRate frameRate=-4.0, this=com.reactnativecommunity.webview.RNCWebView{75a237b VFEDHVC.. ........ 0,0-1080,2067 aid=1073741873}, caller=WV.hf.b:1 WV.jg.h:118 WV.jg.onDraw:7 com.android.webview.chromium.WebViewChromium.onDraw:19 android.webkit.WebView.onDraw:2959 
12-04 01:21:41.319 17876 17876 I View    : setRequestedFrameRate frameRate=-4.0, this=com.reactnativecommunity.webview.RNCWebView{75a237b VFEDHVC.. ........ 0,0-1080,2067 aid=1073741873}, caller=WV.hf.b:1 WV.jg.h:118 WV.jg.onDraw:7 com.android.webview.chromium.WebViewChromium.onDraw:19 android.webkit.WebView.onDraw:2959 
12-04 01:21:41.342 17876 17876 I View    : setRequestedFrameRate frameRate=-4.0, this=com.reactnativecommunity.webview.RNCWebView{75a237b VFEDHVC.. ........ 0,0-1080,2067 aid=1073741873}, caller=WV.hf.b:1 WV.jg.h:118 WV.jg.onDraw:7 com.android.webview.chromium.WebViewChromium.onDraw:19 android.webkit.WebView.onDraw:2959 
12-04 01:21:41.367 17876 17876 I View    : setRequestedFrameRate frameRate=-4.0, this=com.reactnativecommunity.webview.RNCWebView{75a237b VFEDHVC.. ........ 0,0-1080,2067 aid=1073741873}, caller=WV.hf.b:1 WV.jg.h:118 WV.jg.onDraw:7 com.android.webview.chromium.WebViewChromium.onDraw:19 android.webkit.WebView.onDraw:2959 
12-04 01:21:41.403 17876 17876 I View    : setRequestedFrameRate frameRate=-4.0, this=com.reactnativecommunity.webview.RNCWebView{75a237b VFEDHVC.. ........ 0,0-1080,2067 aid=1073741873}, caller=WV.hf.b:1 WV.jg.h:118 WV.jg.onDraw:7 com.android.webview.chromium.WebViewChromium.onDraw:19 android.webkit.WebView.onDraw:2959 
12-04 01:21:41.417 17876 17876 I View    : setRequestedFrameRate frameRate=-4.0, this=com.reactnativecommunity.webview.RNCWebView{75a237b VFEDHVC.. ........ 0,0-1080,2067 aid=1073741873}, caller=WV.hf.b:1 WV.jg.h:118 WV.jg.onDraw:7 com.android.webview.chromium.WebViewChromium.onDraw:19 android.webkit.WebView.onDraw:2959 
12-04 01:21:41.434 17876 17876 I View    : setRequestedFrameRate frameRate=-4.0, this=com.reactnativecommunity.webview.RNCWebView{75a237b VFEDHVC.. ........ 0,0-1080,2067 aid=1073741873}, caller=WV.hf.b:1 WV.jg.h:118 WV.jg.onDraw:7 com.android.webview.chromium.WebViewChromium.onDraw:19 android.webkit.WebView.onDraw:2959 
12-04 01:21:41.450 17876 17876 I View    : setRequestedFrameRate frameRate=-4.0, this=com.reactnativecommunity.webview.RNCWebView{75a237b VFEDHVC.. ........ 0,0-1080,2067 aid=1073741873}, caller=WV.hf.b:1 WV.jg.h:118 WV.jg.onDraw:7 com.android.webview.chromium.WebViewChromium.onDraw:19 android.webkit.WebView.onDraw:2959 
12-04 01:21:41.468 17876 17876 I View    : setRequestedFrameRate frameRate=-4.0, this=com.reactnativecommunity.webview.RNCWebView{75a237b VFEDHVC.. ........ 0,0-1080,2067 aid=1073741873}, caller=WV.hf.b:1 WV.jg.h:118 WV.jg.onDraw:7 com.android.webview.chromium.WebViewChromium.onDraw:19 android.webkit.WebView.onDraw:2959 
12-04 01:21:41.484 17876 17876 I View    : setRequestedFrameRate frameRate=-4.0, this=com.reactnativecommunity.webview.RNCWebView{75a237b VFEDHVC.. ........ 0,0-1080,2067 aid=1073741873}, caller=WV.hf.b:1 WV.jg.h:118 WV.jg.onDraw:7 com.android.webview.chromium.WebViewChromium.onDraw:19 android.webkit.WebView.onDraw:2959 
12-04 01:21:41.501 17876 17876 I View    : setRequestedFrameRate frameRate=-4.0, this=com.reactnativecommunity.webview.RNCWebView{75a237b VFEDHVC.. ........ 0,0-1080,2067 aid=1073741873}, caller=WV.hf.b:1 WV.jg.h:118 WV.jg.onDraw:7 com.android.webview.chromium.WebViewChromium.onDraw:19 android.webkit.WebView.onDraw:2959 
12-04 01:21:41.517 17876 17876 I View    : setRequestedFrameRate frameRate=-4.0, this=com.reactnativecommunity.webview.RNCWebView{75a237b VFEDHVC.. ........ 0,0-1080,2067 aid=1073741873}, caller=WV.hf.b:1 WV.jg.h:118 WV.jg.onDraw:7 com.android.webview.chromium.WebViewChromium.onDraw:19 android.webkit.WebView.onDraw:2959 
12-04 01:21:41.534 17876 17876 I View    : setRequestedFrameRate frameRate=-4.0, this=com.reactnativecommunity.webview.RNCWebView{75a237b VFEDHVC.. ........ 0,0-1080,2067 aid=1073741873}, caller=WV.hf.b:1 WV.jg.h:118 WV.jg.onDraw:7 com.android.webview.chromium.WebViewChromium.onDraw:19 android.webkit.WebView.onDraw:2959 
12-04 01:21:41.551 17876 17876 I View    : setRequestedFrameRate frameRate=-4.0, this=com.reactnativecommunity.webview.RNCWebView{75a237b VFEDHVC.. ........ 0,0-1080,2067 aid=1073741873}, caller=WV.hf.b:1 WV.jg.h:118 WV.jg.onDraw:7 com.android.webview.chromium.WebViewChromium.onDraw:19 android.webkit.WebView.onDraw:2959 
12-04 01:21:41.568 17876 17876 I View    : setRequestedFrameRate frameRate=-4.0, this=com.reactnativecommunity.webview.RNCWebView{75a237b VFEDHVC.. ........ 0,0-1080,2067 aid=1073741873}, caller=WV.hf.b:1 WV.jg.h:118 WV.jg.onDraw:7 com.android.webview.chromium.WebViewChromium.onDraw:19 android.webkit.WebView.onDraw:2959 
12-04 01:21:41.585 17876 17876 I View    : setRequestedFrameRate frameRate=-4.0, this=com.reactnativecommunity.webview.RNCWebView{75a237b VFEDHVC.. ........ 0,0-1080,2067 aid=1073741873}, caller=WV.hf.b:1 WV.jg.h:118 WV.jg.onDraw:7 com.android.webview.chromium.WebViewChromium.onDraw:19 android.webkit.WebView.onDraw:2959 
12-04 01:21:41.602 17876 17876 I View    : setRequestedFrameRate frameRate=-4.0, this=com.reactnativecommunity.webview.RNCWebView{75a237b VFEDHVC.. ........ 0,0-1080,2067 aid=1073741873}, caller=WV.hf.b:1 WV.jg.h:118 WV.jg.onDraw:7 com.android.webview.chromium.WebViewChromium.onDraw:19 android.webkit.WebView.onDraw:2959 
12-04 01:21:41.618 17876 17876 I View    : setRequestedFrameRate frameRate=-4.0, this=com.reactnativecommunity.webview.RNCWebView{75a237b VFEDHVC.. ........ 0,0-1080,2067 aid=1073741873}, caller=WV.hf.b:1 WV.jg.h:118 WV.jg.onDraw:7 com.android.webview.chromium.WebViewChromium.onDraw:19 android.webkit.WebView.onDraw:2959 
12-04 01:21:41.638 17876 17876 I View    : setRequestedFrameRate frameRate=-4.0, this=com.reactnativecommunity.webview.RNCWebView{75a237b VFEDHVC.. ........ 0,0-1080,2067 aid=1073741873}, caller=WV.hf.b:1 WV.jg.h:118 WV.jg.onDraw:7 com.android.webview.chromium.WebViewChromium.onDraw:19 android.webkit.WebView.onDraw:2959 
12-04 01:21:42.580 17876 17876 I VRI[MainActivity]@b22df93: ViewPostIme pointer 0
12-04 01:21:42.634 17876 17876 I VRI[MainActivity]@b22df93: ViewPostIme pointer 1
12-04 01:21:42.638 17876 17876 D InputMethodManagerUtils: startInputInner - Id : 0
12-04 01:21:42.638 17876 17876 I InputMethodManager: startInputInner - IInputMethodManagerGlobalInvoker.startInputOrWindowGainedFocus
12-04 01:21:42.639 17876 17876 I InputMethodManager_LC: showSoftInput(View,I)
12-04 01:21:42.640 17876 17876 I ImeTracker: com.pacetry.app:32637ba0: onRequestShow at ORIGIN_CLIENT reason SHOW_SOFT_INPUT fromUser true
12-04 01:21:42.640 17876 17876 I InputMethodManager_LC: ssi(): flags=0 view=com.pacetry.app reason=SHOW_SOFT_INPUT
12-04 01:21:42.640 17876 17876 D InputMethodManager: showSoftInput() view=com.facebook.react.views.textinput.ReactEditText{3dc57a0 VFED..CL. .F.P..ID 185,191-804,316 #ac aid=1073741862} flags=0 reason=SHOW_SOFT_INPUT
12-04 01:21:42.642 17876 25807 D InputTransport: Input channel constructed: 'ClientS', fd=370
12-04 01:21:42.644 17876 17876 I WindowManager: WindowManagerGlobal#addView, ty=1002, view=android.widget.PopupWindow$PopupDecorView{3b13f03 V.E...... R.....I. 0,0-0,0}, caller=android.view.WindowManagerImpl.addView:158 android.widget.PopupWindow.invokePopup:1712 android.widget.PopupWindow.showAtLocation:1418 
12-04 01:21:42.646 17876 17876 I ViewRootImpl: dVRR is disabled
12-04 01:21:42.647 17876 17892 D NativeCustomFrequencyManager: [NativeCFMS] BpCustomFrequencyManager::BpCustomFrequencyManager()
12-04 01:21:42.651 17876 17876 D InputTransport: Input channel constructed: 'e9cce43', fd=572
12-04 01:21:42.651 17876 17876 I InsetsController: onStateChanged: host=PopupWindow:96843b2, from=android.view.ViewRootImpl.setView:1999, state=InsetsState: {mDisplayFrame=Rect(0, 0 - 1080, 2340), mDisplayCutout=DisplayCutout{insets=Rect(0, 73 - 0, 0) waterfall=Insets{left=0, top=0, right=0, bottom=0} boundingRect={Bounds=[Rect(0, 0 - 0, 0), Rect(484, 0 - 596, 73), Rect(0, 0 - 0, 0), Rect(0, 0 - 0, 0)]} cutoutPathParserInfo={CutoutPathParserInfo{displayWidth=1080 displayHeight=2340 physicalDisplayWidth=1080 physicalDisplayHeight=2340 density={2.8125} cutoutSpec={M 0,0 H -25.6 V 26.66666666666667 H 25.6 V 0 H 0 Z @dp} rotation={0} scale={1.0} physicalPixelDisplaySizeRatio={1.0}}} sideOverrides={}}, mRoundedCorners=RoundedCorners{[RoundedCorner{position=TopLeft, radius=113, center=Point(113, 113)}, RoundedCorner{position=TopRight, radius=113, center=Point(967, 113)}, RoundedCorner{position=BottomRight, radius=113, center=Point(967, 2227)}, RoundedCorner{position=BottomLeft, radius=113, center=Point(113, 2227)}]}  mRoundedCornerFrame=Rect(0, 0 - 1080, 2340), mPrivacyIndicatorBounds=PrivacyIndicatorBounds {static bounds=Rect(956, 0 - 1080, 82) rotation=0}, mDisplayShape=DisplayShape{ spec=-311912193 displayWidth=1080 displayHeight=2340 physicalPixelDisplaySizeRatio=1.0 rotation=0 offsetX=0 offsetY=0 scale=1.0}, mSources= { InsetsSource: {f07c0000 mType=statusBars mFrame=[0,0][1080,82] mVisible=true mFlags= mSideHint=TOP mBoundingRects=null}, InsetsSource: {f07c0005 mType=mandatorySystemGestures mFrame=[0,0][1080,107] mVisible=true mFlags= mSideHint=TOP mBoundingRects=null}, InsetsSource: {f07c0006 mType=tappableElement mFrame=[0,0][1080,82] mVisible=true mFlags= mSideHint=TOP mBoundingRects=null}, InsetsSource: {f1600001 mType=navigationBars mFrame=[0,2205][1080,2340] mVisible=true mFlags= mSideHint=BOTTOM mBoundingRects=null}, InsetsSource: {f1600004 mType=systemGestures mFrame=[0,0][0,0] mVisible=true mFlags= mSideHint=NONE mBoundingRects=null}, InsetsSource: {f1600005 mType=mandatorySystemGestures mFrame=[0,2205][1080,2340] mVisible=true mFlags= mSideHint=BOTTOM mBoundingRects=null}, InsetsSource: {f1600006 mType=tappableElement mFrame=[0,2205][1080,2340] mVisible=true mFlags= mSideHint=BOTTOM mBoundingRects=null}, InsetsSource: {f1600024 mType=systemGestures mFrame=[0,0][0,0] mVisible=true mFlags= mSideHint=NONE mBoundingRects=null}, InsetsSource: {27 mType=displayCutout mFrame=[0,0][1080,73] mVisible=true mFlags= mSideHint=TOP mBoundingRects=null} }
12-04 01:21:42.652 17876 17876 I VRI[PopupWindow:96843b2]@2fcee80: synced displayState. AttachInfo displayState=2
12-04 01:21:42.652 17876 17876 I VRI[PopupWindow:96843b2]@2fcee80: setView = android.widget.PopupWindow$PopupDecorView@3b13f03 IsHRR=false TM=true
12-04 01:21:42.668 17876 17892 D HWUI    : HWUI - treat SMPTE_170M as sRGB
12-04 01:21:42.668 17876 17927 W unknown:ReactNative: StatusBarModule: Ignored status bar change, current activity is edge-to-edge.
12-04 01:21:42.669 17876 17927 W unknown:ReactNative: StatusBarModule: Ignored status bar change, current activity is edge-to-edge.
12-04 01:21:42.669 17876 17876 W RemoteInputConnectionImpl: requestCursorUpdates on inactive InputConnection
12-04 01:21:42.669 17876 17876 I InputMethodManager_LC: showSoftInput(View,I)
12-04 01:21:42.670 17876 17876 I ImeTracker: com.pacetry.app:5242375d: onRequestShow at ORIGIN_CLIENT reason SHOW_SOFT_INPUT fromUser false
12-04 01:21:42.670 17876 17876 I InputMethodManager_LC: ssi(): flags=0 view=com.pacetry.app reason=SHOW_SOFT_INPUT
12-04 01:21:42.670 17876 17876 D InputMethodManager: showSoftInput() view=com.facebook.react.views.textinput.ReactEditText{3dc57a0 VFED..CL. .F.P.... 185,191-804,316 #ac aid=1073741862} flags=0 reason=SHOW_SOFT_INPUT
12-04 01:21:42.682 17876 17876 D BufferQueueConsumer: [](id:45d400000033,api:0,p:-1,c:17876) connect: controlledByApp=false
12-04 01:21:42.683 17876 17876 I BLASTBufferQueue: [VRI[PopupWindow:96843b2]@2fcee80#51](f:0,a:0,s:0) constructor()
12-04 01:21:42.683 17876 17876 I BLASTBufferQueue_Java: new BLASTBufferQueue, mName= VRI[PopupWindow:96843b2]@2fcee80 mNativeObject= 0xb4000076c06b4290 sc.mNativeObject= 0xb40000765033d8d0 caller= android.view.ViewRootImpl.updateBlastSurfaceIfNeeded:3397 android.view.ViewRootImpl.relayoutWindow:11361 android.view.ViewRootImpl.performTraversals:4544 android.view.ViewRootImpl.doTraversal:3708 android.view.ViewRootImpl$TraversalRunnable.run:12542 android.view.Choreographer$CallbackRecord.run:1751 android.view.Choreographer$CallbackRecord.run:1760 android.view.Choreographer.doCallbacks:1216 android.view.Choreographer.doFrame:1142 android.view.Choreographer$FrameDisplayEventReceiver.run:1707 
12-04 01:21:42.683 17876 17876 I BLASTBufferQueue_Java: update, w= 84 h= 102 mName = VRI[PopupWindow:96843b2]@2fcee80 mNativeObject= 0xb4000076c06b4290 sc.mNativeObject= 0xb40000765033d8d0 format= -3 caller= android.graphics.BLASTBufferQueue.<init>:88 android.view.ViewRootImpl.updateBlastSurfaceIfNeeded:3397 android.view.ViewRootImpl.relayoutWindow:11361 android.view.ViewRootImpl.performTraversals:4544 android.view.ViewRootImpl.doTraversal:3708 android.view.ViewRootImpl$TraversalRunnable.run:12542 
12-04 01:21:42.683 17876 17876 I BLASTBufferQueue: [VRI[PopupWindow:96843b2]@2fcee80#51](f:0,a:0,s:0) update width=84 height=102 format=-3 mTransformHint=0
12-04 01:21:42.683 17876 17876 I VRI[PopupWindow:96843b2]@2fcee80: Relayout returned: old=(259,342,343,444) new=(259,342,343,444) relayoutAsync=false req=(84,102)0 dur=5 res=0x3 s={true 0xb4000077002fd480} ch=true seqId=0
12-04 01:21:42.684 17876 17876 I VRI[PopupWindow:96843b2]@2fcee80: performConfigurationChange setNightDimText nightDimLevel=0
12-04 01:21:42.684 17876 17876 D VRI[PopupWindow:96843b2]@2fcee80: mThreadedRenderer.initialize() mSurface={isValid=true 0xb4000077002fd480} hwInitialized=true
12-04 01:21:42.684 17876 17876 D VRI[PopupWindow:96843b2]@2fcee80: reportNextDraw android.view.ViewRootImpl.performTraversals:5193 android.view.ViewRootImpl.doTraversal:3708 android.view.ViewRootImpl$TraversalRunnable.run:12542 android.view.Choreographer$CallbackRecord.run:1751 android.view.Choreographer$CallbackRecord.run:1760 
12-04 01:21:42.684 17876 17876 D VRI[PopupWindow:96843b2]@2fcee80: Setup new sync=wmsSync-VRI[PopupWindow:96843b2]@2fcee80#46
12-04 01:21:42.684 17876 17876 I VRI[PopupWindow:96843b2]@2fcee80: Creating new active sync group VRI[PopupWindow:96843b2]@2fcee80#47
12-04 01:21:42.685 17876 17876 D VRI[PopupWindow:96843b2]@2fcee80: registerCallbacksForSync syncBuffer=false
12-04 01:21:42.686 17876 18183 D VRI[PopupWindow:96843b2]@2fcee80: Received frameDrawingCallback syncResult=0 frameNum=1.
12-04 01:21:42.686 17876 18183 I VRI[PopupWindow:96843b2]@2fcee80: mWNT: t=0xb4000076403d3710 mBlastBufferQueue=0xb4000076c06b4290 fn= 1 HdrRenderState mRenderHdrSdrRatio=1.0 caller= android.view.ViewRootImpl$11.onFrameDraw:15016 android.view.ThreadedRenderer$1.onFrameDraw:761 <bottom of call stack> 
12-04 01:21:42.687 17876 18183 I VRI[PopupWindow:96843b2]@2fcee80: Setting up sync and frameCommitCallback
12-04 01:21:42.689 17876 17892 I BLASTBufferQueue: [VRI[PopupWindow:96843b2]@2fcee80#51](f:0,a:0,s:0) onFrameAvailable the first frame is available
12-04 01:21:42.690 17876 17892 I BLASTBufferQueue: [VRI[PopupWindow:96843b2]@2fcee80#51](f:0,a:1,s:0) acquireNextBufferLocked size=84x102 mFrameNumber=1 applyTransaction=true mTimestamp=468686897234934(auto) mPendingTransactions.size=0 graphicBufferId=76776835398625 transform=0
12-04 01:21:42.690 17876 17892 I VRI[PopupWindow:96843b2]@2fcee80: Received frameCommittedCallback lastAttemptedDrawFrameNum=1 didProduceBuffer=true
12-04 01:21:42.691 17876 17892 D HWUI    : CFMS:: SetUp Pid : 17876    Tid : 17892
12-04 01:21:42.691 17876 17876 D VRI[PopupWindow:96843b2]@2fcee80: reportDrawFinished seqId=0
12-04 01:21:42.695 17876 17876 I VRI[PopupWindow:96843b2]@2fcee80: handleResized, frames=ClientWindowFrames{frame=[259,342][343,444] display=[-100000,-100000][100000,100000] parentFrame=[0,0][0,0] attachedFrame=[0,0][1080,2340]} displayId=0 dragResizing=false compatScale=1.0 frameChanged=false attachedFrameChanged=false configChanged=false displayChanged=false compatScaleChanged=false dragResizingChanged=false
12-04 01:21:42.695 17876 17876 I VRI[PopupWindow:96843b2]@2fcee80: handleResized mSyncSeqId = 0
12-04 01:21:42.695 17876 17876 D VRI[PopupWindow:96843b2]@2fcee80: reportNextDraw android.view.ViewRootImpl.handleResized:2864 android.view.ViewRootImpl.-$$Nest$mhandleResized:0 android.view.ViewRootImpl$W.resized:13691 android.app.servertransaction.WindowStateResizeItem.execute:64 android.app.servertransaction.WindowStateTransactionItem.execute:59 
12-04 01:21:42.707 17876 17876 D VRI[PopupWindow:96843b2]@2fcee80: Setup new sync=wmsSync-VRI[PopupWindow:96843b2]@2fcee80#48
12-04 01:21:42.708 17876 17876 I VRI[PopupWindow:96843b2]@2fcee80: Creating new active sync group VRI[PopupWindow:96843b2]@2fcee80#49
12-04 01:21:42.713 17876 17876 D VRI[PopupWindow:96843b2]@2fcee80: registerCallbacksForSync syncBuffer=false
12-04 01:21:42.714 17876 18182 D VRI[PopupWindow:96843b2]@2fcee80: Received frameDrawingCallback syncResult=0 frameNum=2.
12-04 01:21:42.714 17876 18182 I VRI[PopupWindow:96843b2]@2fcee80: Setting up sync and frameCommitCallback
12-04 01:21:42.715 17876 17892 I VRI[PopupWindow:96843b2]@2fcee80: Received frameCommittedCallback lastAttemptedDrawFrameNum=2 didProduceBuffer=true
12-04 01:21:42.715 17876 17876 D VRI[PopupWindow:96843b2]@2fcee80: reportDrawFinished seqId=0
12-04 01:21:42.735 17876 17876 D InsetsController: show(ime(), fromIme=true)
12-04 01:21:42.735 17876 17876 I ImeTracker: com.pacetry.app:1f0d1cba: onCancelled at PHASE_CLIENT_APPLY_ANIMATION
12-04 01:21:42.736 17876 17876 D InsetsController: show(ime(), fromIme=true)
12-04 01:21:42.737 17876 17876 I ImeTracker: com.pacetry.app:32637ba0: onCancelled at PHASE_CLIENT_APPLY_ANIMATION
12-04 01:21:42.775 17876 17876 D InsetsController: show(ime(), fromIme=true)
12-04 01:21:42.775 17876 17876 I ImeTracker: com.pacetry.app:5242375d: onCancelled at PHASE_CLIENT_APPLY_ANIMATION
12-04 01:21:42.973 17876 17926 I ReactNativeJS: '?뵇 [移댁뭅??濡쒖뺄 API] ?μ냼 寃???쒖옉:', { '寃?됱뼱': '?숇뙐', '以묒떖醫뚰몴': '?놁쓬', '諛섍꼍': '20000m' }
12-04 01:21:42.989 17876 17927 W unknown:ReactNative: StatusBarModule: Ignored status bar change, current activity is edge-to-edge.
12-04 01:21:42.989 17876 17927 W unknown:ReactNative: StatusBarModule: Ignored status bar change, current activity is edge-to-edge.
12-04 01:21:43.074 17876 17926 I ReactNativeJS: '??[移댁뭅??濡쒖뺄 API] 寃???깃났:', { '珥앷껐怨쇱닔': 1, '諛섑솚寃곌낵??: 1, '寃곌낵紐⑸줉': '?숇뙐' }
12-04 01:21:43.090 17876 17927 W unknown:ReactNative: StatusBarModule: Ignored status bar change, current activity is edge-to-edge.
12-04 01:21:43.090 17876 17927 W unknown:ReactNative: StatusBarModule: Ignored status bar change, current activity is edge-to-edge.
12-04 01:21:43.109 17876 17876 D ScrollView: initGoToTop
12-04 01:21:43.375 17876 17876 I VRI[MainActivity]@b22df93: ViewPostIme key 0
12-04 01:21:43.382 17876 17876 I VRI[MainActivity]@b22df93: ViewPostIme key 1
12-04 01:21:43.423 17876 17927 W unknown:ReactNative: StatusBarModule: Ignored status bar change, current activity is edge-to-edge.
12-04 01:21:43.423 17876 17927 W unknown:ReactNative: StatusBarModule: Ignored status bar change, current activity is edge-to-edge.
12-04 01:21:43.492 17876 17876 I WindowManager: WindowManagerGlobal#removeView, ty=1002, view=android.widget.PopupWindow$PopupDecorView{3b13f03 V.E...... R......D 0,0-84,102}, caller=android.view.WindowManagerGlobal.removeView:626 android.view.WindowManagerImpl.removeViewImmediate:216 android.widget.PopupWindow.dismissImmediate:2421 
12-04 01:21:43.493 17876 17876 W WindowOnBackDispatcher: sendCancelIfRunning: isInProgress=false callback=android.view.ViewRootImpl$$ExternalSyntheticLambda15@a68f7b0
12-04 01:21:43.496 17876 17876 I VRI[PopupWindow:96843b2]@2fcee80: dispatchDetachedFromWindow
12-04 01:21:43.504 17876 17876 D InputTransport: Input channel destroyed: 'e9cce43', fd=572
12-04 01:21:43.515 17876 17888 I BLASTBufferQueue: [VRI[PopupWindow:96843b2]@2fcee80#51](f:0,a:2,s:0) destructor()
12-04 01:21:43.515 17876 17888 D BufferQueueConsumer: [VRI[PopupWindow:96843b2]@2fcee80#51(BLAST Consumer)51](id:45d400000033,api:0,p:-1,c:17876) disconnect
12-04 01:21:43.627 17876 17876 I VRI[MainActivity]@b22df93: ViewPostIme key 0
12-04 01:21:43.633 17876 17876 I VRI[MainActivity]@b22df93: ViewPostIme key 1
12-04 01:21:43.673 17876 17927 W unknown:ReactNative: StatusBarModule: Ignored status bar change, current activity is edge-to-edge.
12-04 01:21:43.673 17876 17927 W unknown:ReactNative: StatusBarModule: Ignored status bar change, current activity is edge-to-edge.
12-04 01:21:43.682 17876 17876 I InputMethodManager: invalidateInput
12-04 01:21:43.697 17876 17876 D InputMethodManagerUtils: doInvalidateInput - Id : 0
12-04 01:21:44.432 17876 17927 W unknown:ReactNative: StatusBarModule: Ignored status bar change, current activity is edge-to-edge.
12-04 01:21:44.432 17876 17927 W unknown:ReactNative: StatusBarModule: Ignored status bar change, current activity is edge-to-edge.
12-04 01:21:44.588 17876 17927 W unknown:ReactNative: StatusBarModule: Ignored status bar change, current activity is edge-to-edge.
12-04 01:21:44.589 17876 17927 W unknown:ReactNative: StatusBarModule: Ignored status bar change, current activity is edge-to-edge.
12-04 01:21:44.775 17876 17927 W unknown:ReactNative: StatusBarModule: Ignored status bar change, current activity is edge-to-edge.
12-04 01:21:44.775 17876 17927 W unknown:ReactNative: StatusBarModule: Ignored status bar change, current activity is edge-to-edge.
12-04 01:21:44.924 17876 17927 W unknown:ReactNative: StatusBarModule: Ignored status bar change, current activity is edge-to-edge.
12-04 01:21:44.924 17876 17927 W unknown:ReactNative: StatusBarModule: Ignored status bar change, current activity is edge-to-edge.
12-04 01:21:45.240 17876 17926 I ReactNativeJS: '?뵇 [移댁뭅??濡쒖뺄 API] ?μ냼 寃???쒖옉:', { '寃?됱뼱': '?硫?, '以묒떖醫뚰몴': '?놁쓬', '諛섍꼍': '20000m' }
12-04 01:21:45.272 17876 17927 W unknown:ReactNative: StatusBarModule: Ignored status bar change, current activity is edge-to-edge.
12-04 01:21:45.272 17876 17927 W unknown:ReactNative: StatusBarModule: Ignored status bar change, current activity is edge-to-edge.
12-04 01:21:45.342 17876 17926 I ReactNativeJS: '??[移댁뭅??濡쒖뺄 API] 寃???깃났:', { '珥앷껐怨쇱닔': 0, '諛섑솚寃곌낵??: 0, '寃곌낵紐⑸줉': '' }
12-04 01:21:45.371 17876 17927 W unknown:ReactNative: StatusBarModule: Ignored status bar change, current activity is edge-to-edge.
12-04 01:21:45.371 17876 17927 W unknown:ReactNative: StatusBarModule: Ignored status bar change, current activity is edge-to-edge.
12-04 01:21:45.472 17876 17927 W unknown:ReactNative: StatusBarModule: Ignored status bar change, current activity is edge-to-edge.
12-04 01:21:45.472 17876 17927 W unknown:ReactNative: StatusBarModule: Ignored status bar change, current activity is edge-to-edge.
12-04 01:21:45.642 17876 17876 I VRI[MainActivity]@b22df93: call setFrameRateCategory for touch hint category=no preference, reason=boost timeout, vri=VRI[MainActivity]@b22df93
12-04 01:21:45.792 17876 17926 I ReactNativeJS: '?뵇 [移댁뭅??濡쒖뺄 API] ?μ냼 寃???쒖옉:', { '寃?됱뼱': '?紐?, '以묒떖醫뚰몴': '?놁쓬', '諛섍꼍': '20000m' }
12-04 01:21:45.816 17876 17927 W unknown:ReactNative: StatusBarModule: Ignored status bar change, current activity is edge-to-edge.
12-04 01:21:45.816 17876 17927 W unknown:ReactNative: StatusBarModule: Ignored status bar change, current activity is edge-to-edge.
12-04 01:21:45.910 17876 17926 I ReactNativeJS: '??[移댁뭅??濡쒖뺄 API] 寃???깃났:', { '珥앷껐怨쇱닔': 6113,
12-04 01:21:45.910 17876 17926 I ReactNativeJS:   '諛섑솚寃곌낵??: 15,
12-04 01:21:45.910 17876 17926 I ReactNativeJS:   '寃곌낵紐⑸줉': '?紐낇빆?紐낇룷援? ?紐낆＜?좎냼, ?紐?二쇱쑀?? ?紐낆＜?좎냼, ?紐낆＜?좎냼, ?紐? ?紐낆＜?좎냼, BK?紐낆＜?좎냼, ?紐낆쑀?섏?, ?紐낆떆?? ?紐낆＜?좎냼, ?紐낆＜?좎냼, ?紐? ?紐낆땐?꾩냼, ?紐? }
12-04 01:21:45.991 17876 17927 W unknown:ReactNative: StatusBarModule: Ignored status bar change, current activity is edge-to-edge.
12-04 01:21:45.991 17876 17927 W unknown:ReactNative: StatusBarModule: Ignored status bar change, current activity is edge-to-edge.
12-04 01:21:46.010 17876 17876 D ScrollView: initGoToTop
12-04 01:21:46.655 17876 17927 W unknown:ReactNative: StatusBarModule: Ignored status bar change, current activity is edge-to-edge.
12-04 01:21:46.655 17876 17927 W unknown:ReactNative: StatusBarModule: Ignored status bar change, current activity is edge-to-edge.
12-04 01:21:46.781 17876 17927 W unknown:ReactNative: StatusBarModule: Ignored status bar change, current activity is edge-to-edge.
12-04 01:21:46.781 17876 17927 W unknown:ReactNative: StatusBarModule: Ignored status bar change, current activity is edge-to-edge.
12-04 01:21:47.096 17876 17926 I ReactNativeJS: '?뵇 [移댁뭅??濡쒖뺄 API] ?μ냼 寃???쒖옉:', { '寃?됱뼱': '?紐낇븯', '以묒떖醫뚰몴': '?놁쓬', '諛섍꼍': '20000m' }
12-04 01:21:47.118 17876 17927 W unknown:ReactNative: StatusBarModule: Ignored status bar change, current activity is edge-to-edge.
12-04 01:21:47.118 17876 17927 W unknown:ReactNative: StatusBarModule: Ignored status bar change, current activity is edge-to-edge.
12-04 01:21:47.196 17876 17926 I ReactNativeJS: '??[移댁뭅??濡쒖뺄 API] 寃???깃났:', { '珥앷껐怨쇱닔': 1, '諛섑솚寃곌낵??: 1, '寃곌낵紐⑸줉': '由щ컮?몄삤?쇱뒪?섏? ?좏봽?щТ?⑷?援? }
12-04 01:21:47.228 17876 17927 W unknown:ReactNative: StatusBarModule: Ignored status bar change, current activity is edge-to-edge.
12-04 01:21:47.228 17876 17927 W unknown:ReactNative: StatusBarModule: Ignored status bar change, current activity is edge-to-edge.
12-04 01:21:48.379 17876 17927 W unknown:ReactNative: StatusBarModule: Ignored status bar change, current activity is edge-to-edge.
12-04 01:21:48.379 17876 17927 W unknown:ReactNative: StatusBarModule: Ignored status bar change, current activity is edge-to-edge.
12-04 01:21:48.436 17876 17927 W unknown:ReactNative: StatusBarModule: Ignored status bar change, current activity is edge-to-edge.
12-04 01:21:48.436 17876 17927 W unknown:ReactNative: StatusBarModule: Ignored status bar change, current activity is edge-to-edge.
12-04 01:21:48.664 17876 17927 W unknown:ReactNative: StatusBarModule: Ignored status bar change, current activity is edge-to-edge.
12-04 01:21:48.665 17876 17927 W unknown:ReactNative: StatusBarModule: Ignored status bar change, current activity is edge-to-edge.
12-04 01:21:48.800 17876 17927 W unknown:ReactNative: StatusBarModule: Ignored status bar change, current activity is edge-to-edge.
12-04 01:21:48.801 17876 17927 W unknown:ReactNative: StatusBarModule: Ignored status bar change, current activity is edge-to-edge.
12-04 01:21:49.104 17876 17926 I ReactNativeJS: '?뵇 [移댁뭅??濡쒖뺄 API] ?μ냼 寃???쒖옉:', { '寃?됱뼱': '?紐낇븯?댁툩', '以묒떖醫뚰몴': '?놁쓬', '諛섍꼍': '20000m' }
12-04 01:21:49.131 17876 17927 W unknown:ReactNative: StatusBarModule: Ignored status bar change, current activity is edge-to-edge.
12-04 01:21:49.131 17876 17927 W unknown:ReactNative: StatusBarModule: Ignored status bar change, current activity is edge-to-edge.
12-04 01:21:49.222 17876 17926 I ReactNativeJS: '??[移댁뭅??濡쒖뺄 API] 寃???깃났:', { '珥앷껐怨쇱닔': 30,
12-04 01:21:49.222 17876 17926 I ReactNativeJS:   '諛섑솚寃곌낵??: 15,
12-04 01:21:49.222 17876 17926 I ReactNativeJS:   '寃곌낵紐⑸줉': '?紐낇븯?댁툩, ?紐낇븯?댁툩, ?紐낇븯?댁툩, ?紐낇븯?댁툩, ?紐낇븯?댁툩, ?紐낇븯?댁툩, ?紐낇븯?댁툩, ?紐낇븯?댁툩, ?紐낇븯?댁툩鍮뚮씪, ?紐낇븯?댁툩, ?紐낇븯?댁툩, ?紐낇븯?댁툩, ?紐낇븯?댁툩, ?紐낇븯?댁툩鍮뚮씪, ?紐낇븯?댁툩鍮뚮씪' }
12-04 01:21:49.283 17876 17927 W unknown:ReactNative: StatusBarModule: Ignored status bar change, current activity is edge-to-edge.
12-04 01:21:49.283 17876 17927 W unknown:ReactNative: StatusBarModule: Ignored status bar change, current activity is edge-to-edge.
12-04 01:21:50.089 17876 17876 I VRI[MainActivity]@b22df93: ViewPostIme pointer 0
12-04 01:21:50.092 17876 17876 I VRI[MainActivity]@b22df93: call setFrameRateCategory for touch hint category=high hint, reason=touch, vri=VRI[MainActivity]@b22df93
12-04 01:21:50.204 17876 17876 I VRI[MainActivity]@b22df93: ViewPostIme pointer 1
12-04 01:21:50.237 17876 17927 W unknown:ReactNative: StatusBarModule: Ignored status bar change, current activity is edge-to-edge.
12-04 01:21:50.237 17876 17927 W unknown:ReactNative: StatusBarModule: Ignored status bar change, current activity is edge-to-edge.
