======================================================================
Tobler's Hiking Function - 경사도별 보행 속도 분석
======================================================================

